../Core/Src/SimpleParser.c:26:6:Parser_TakeLine	24	static
../Core/Src/SimpleParser.c:119:6:Add_SimpleMap_Point	32	static
../Core/Src/SimpleParser.c:134:13:Sensor_treshold_change	24	static
../Core/Src/SimpleParser.c:146:13:Turbine_Speed_change	24	static
../Core/Src/SimpleParser.c:164:13:Turbine_Prep_Time_change	24	static
../Core/Src/SimpleParser.c:173:13:kp_change	24	static
../Core/Src/SimpleParser.c:183:13:kd_change	24	static
../Core/Src/SimpleParser.c:192:13:Base_speed_change	24	static
../Core/Src/SimpleParser.c:202:13:Turbine_speed_change	24	static
../Core/Src/SimpleParser.c:212:13:Max_speed_change	24	static
../Core/Src/SimpleParser.c:222:13:Sharp_bend_speed_right_change	24	static
../Core/Src/SimpleParser.c:231:13:Sharp_bend_speed_left_change	24	static
../Core/Src/SimpleParser.c:240:13:Bend_speed_right_change	24	static
../Core/Src/SimpleParser.c:249:13:Bend_speed_left_change	24	static
../Core/Src/SimpleParser.c:258:13:App_Controll	192	static
../Core/Src/SimpleParser.c:333:13:Mode_change	24	static
../Core/Src/SimpleParser.c:342:6:Parser_Parse	24	static
../Core/Src/SimpleParser.c:408:6:Read_Settings_From_EEprom	64	static
