../USB_Device/App/usbd_storage_if.c:67:20:FLASH_CS_LOW	8	static
../USB_Device/App/usbd_storage_if.c:68:20:FLASH_CS_HIGH	8	static
../USB_Device/App/usbd_storage_if.c:87:16:FLASH_ReadStatus	16	static
../USB_Device/App/usbd_storage_if.c:98:12:FLASH_WaitUntilReady	24	static
../USB_Device/App/usbd_storage_if.c:108:12:FLASH_WriteEnable	16	static
../USB_Device/App/usbd_storage_if.c:117:12:FLASH_ReadData	32	static
../USB_Device/App/usbd_storage_if.c:134:12:FLASH_PageProgram	32	static
../USB_Device/App/usbd_storage_if.c:156:12:FLASH_ProgramBuffer	48	static
../USB_Device/App/usbd_storage_if.c:176:12:FLASH_SectorErase	24	static
../USB_Device/App/usbd_storage_if.c:196:12:STORAGE_FlushSectorCache	8	static
../USB_Device/App/usbd_storage_if.c:208:12:STORAGE_LoadSectorToCache	16	static
../USB_Device/App/usbd_storage_if.c:220:5:STORAGE_Sync	8	static
../USB_Device/App/usbd_storage_if.c:230:8:STORAGE_Init_FS	16	static
../USB_Device/App/usbd_storage_if.c:241:8:STORAGE_GetCapacity_FS	24	static
../USB_Device/App/usbd_storage_if.c:251:8:STORAGE_IsReady_FS	16	static
../USB_Device/App/usbd_storage_if.c:260:8:STORAGE_IsWriteProtected_FS	16	static
../USB_Device/App/usbd_storage_if.c:268:8:STORAGE_Read_FS	40	static
../USB_Device/App/usbd_storage_if.c:287:8:STORAGE_Write_FS	56	static
../USB_Device/App/usbd_storage_if.c:322:8:STORAGE_GetMaxLun_FS	4	static
