2025-07-22 00:40:12,671 [INFO] Activator:176 - 


2025-07-22 00:40:12,678 [INFO] Activator:177 - !SESSION log4j initialized
2025-07-22 00:40:20,087 [INFO] LogOutputStream:77 - [STDOUT_REDIRECT] 
2025-07-22 00:40:30,619 [INFO] ApplicationProperties:184 - Using Application install path: C:\ST\STM32CubeIDE_1.19.0\STM32CubeIDE\plugins\com.st.stm32cube.common.mx_6.15.0.202507011659
2025-07-22 00:40:30,637 [INFO] DbMcusXml:78 - Set database path to: C:\ST\STM32CubeIDE_1.19.0\STM32CubeIDE\plugins\com.st.stm32cube.common.mx_6.15.0.202507011659\\db\/mcu/
2025-07-22 00:40:30,637 [INFO] ApiDb:274 - Set plugin database path to: C:\ST\STM32CubeIDE_1.19.0\STM32CubeIDE\plugins\com.st.stm32cube.common.mx_6.15.0.202507011659\\db\/plugins/boardmanager/
2025-07-22 00:40:30,638 [WARN] ApiDb:259 - Overriding images path with different value:  => C:\ST\STM32CubeIDE_1.19.0\STM32CubeIDE\plugins\com.st.stm32cube.common.mx_6.15.0.202507011659\\db\/plugins/mcufinder/images/
2025-07-22 00:40:30,646 [INFO] ApiDb:250 - Set database path to: C:\Users\SNYDE\.stmcufinder\plugins\mcufinder//mcu/
2025-07-22 00:40:30,648 [INFO] DbMcusAds:125 - Set database path to: C:\Users\SNYDE\.stmcufinder\plugins\mcufinder//mcu/
2025-07-22 00:40:30,653 [INFO] CrossReferenceDbSqlite:203 - Set database path to: C:\Users\SNYDE\.stmcufinder\plugins\mcufinder//mcu/cs/
2025-07-22 00:40:30,812 [INFO] RulesReader:64 - Compatibility file has been processed (317 Rules)
2025-07-22 00:40:30,924 [INFO] DbMcusXml:78 - Set database path to: C:\ST\STM32CubeIDE_1.19.0\STM32CubeIDE\plugins\com.st.stm32cube.common.mx_6.15.0.202507011659\\db\/mcu/
2025-07-22 00:40:30,924 [INFO] ApiDb:274 - Set plugin database path to: C:\ST\STM32CubeIDE_1.19.0\STM32CubeIDE\plugins\com.st.stm32cube.common.mx_6.15.0.202507011659\\db\/plugins/boardmanager/
2025-07-22 00:40:30,924 [INFO] ApiDb:261 - Set plugin images path to: C:\ST\STM32CubeIDE_1.19.0\STM32CubeIDE\plugins\com.st.stm32cube.common.mx_6.15.0.202507011659\\db\/plugins/mcufinder/images/
2025-07-22 00:40:30,925 [WARN] DbFile:41 - Overriding database path with different value: C:\Users\SNYDE\.stmcufinder\plugins\mcufinder/ => C:\Users\SNYDE\.stmcufinder\plugins\mcufinder
2025-07-22 00:40:30,925 [INFO] ApiDb:250 - Set database path to: C:\Users\SNYDE\.stmcufinder\plugins\mcufinder//mcu/
2025-07-22 00:40:30,925 [WARN] DbFile:41 - Overriding database path with different value: C:\Users\SNYDE\.stmcufinder\plugins\mcufinder/ => C:\Users\SNYDE\.stmcufinder\plugins\mcufinder
2025-07-22 00:40:30,925 [INFO] DbMcusAds:125 - Set database path to: C:\Users\SNYDE\.stmcufinder\plugins\mcufinder//mcu/
2025-07-22 00:40:30,925 [WARN] DbFile:41 - Overriding database path with different value: C:\Users\SNYDE\.stmcufinder\plugins\mcufinder/ => C:\Users\SNYDE\.stmcufinder\plugins\mcufinder
2025-07-22 00:40:30,925 [WARN] DbFile:41 - Overriding database path with different value: C:\Users\SNYDE\.stmcufinder\plugins\mcufinder/ => C:\Users\SNYDE\.stmcufinder\plugins\mcufinder
2025-07-22 00:40:30,925 [INFO] CrossReferenceDbSqlite:203 - Set database path to: C:\Users\SNYDE\.stmcufinder\plugins\mcufinder//mcu/cs/
2025-07-22 00:40:31,024 [INFO] MainPanel:274 - HeapMemory: 268435456
2025-07-22 00:40:31,158 [INFO] DbMcusXml:78 - Set database path to: C:\ST\STM32CubeIDE_1.19.0\STM32CubeIDE\plugins\com.st.stm32cube.common.mx_6.15.0.202507011659\\db\/mcu/
2025-07-22 00:40:31,158 [INFO] ApiDb:274 - Set plugin database path to: C:\ST\STM32CubeIDE_1.19.0\STM32CubeIDE\plugins\com.st.stm32cube.common.mx_6.15.0.202507011659\\db\/plugins/boardmanager/
2025-07-22 00:40:31,158 [INFO] ApiDb:261 - Set plugin images path to: C:\ST\STM32CubeIDE_1.19.0\STM32CubeIDE\plugins\com.st.stm32cube.common.mx_6.15.0.202507011659\\db\/plugins/mcufinder/images/
2025-07-22 00:40:31,158 [WARN] DbFile:41 - Overriding database path with different value: C:\Users\SNYDE\.stmcufinder\plugins\mcufinder/ => C:\Users\SNYDE\.stmcufinder\plugins\mcufinder
2025-07-22 00:40:31,158 [INFO] ApiDb:250 - Set database path to: C:\Users\SNYDE\.stmcufinder\plugins\mcufinder//mcu/
2025-07-22 00:40:31,158 [WARN] DbFile:41 - Overriding database path with different value: C:\Users\SNYDE\.stmcufinder\plugins\mcufinder/ => C:\Users\SNYDE\.stmcufinder\plugins\mcufinder
2025-07-22 00:40:31,160 [INFO] DbMcusAds:125 - Set database path to: C:\Users\SNYDE\.stmcufinder\plugins\mcufinder//mcu/
2025-07-22 00:40:31,160 [WARN] DbFile:41 - Overriding database path with different value: C:\Users\SNYDE\.stmcufinder\plugins\mcufinder/ => C:\Users\SNYDE\.stmcufinder\plugins\mcufinder
2025-07-22 00:40:31,160 [WARN] DbFile:41 - Overriding database path with different value: C:\Users\SNYDE\.stmcufinder\plugins\mcufinder/ => C:\Users\SNYDE\.stmcufinder\plugins\mcufinder
2025-07-22 00:40:31,160 [INFO] CrossReferenceDbSqlite:203 - Set database path to: C:\Users\SNYDE\.stmcufinder\plugins\mcufinder//mcu/cs/
2025-07-22 00:40:31,181 [INFO] ApplicationProperties:184 - Using Application install path: C:\ST\STM32CubeIDE_1.19.0\STM32CubeIDE\plugins\com.st.stm32cube.common.mx_6.15.0.202507011659
2025-07-22 00:40:31,182 [INFO] PluginManage:196 - Search for loadable plugins [exclusion list=, ]
2025-07-22 00:40:31,184 [INFO] PluginManage:310 - Check plugin analytics
2025-07-22 00:40:40,911 [INFO] AnalyticsPlugin:253 - Accepted Software Licenses: 
2025-07-22 00:40:40,911 [INFO] AnalyticsPlugin:255 - Accepted CMSIS Pack Licenses: 
2025-07-22 00:40:40,911 [INFO] AnalyticsPlugin:257 - Accepted Firmware Licenses: FW.G0.1.6.0,FW.U5.1.8.0,FW.F7.1.17.0
2025-07-22 00:40:40,914 [INFO] PluginManage:359 - Loaded plugin analytics (category:tool,tabindex:-1)
2025-07-22 00:40:40,915 [INFO] PluginManage:310 - Check plugin cadmodel
2025-07-22 00:40:40,920 [INFO] CADModel:105 - Init CAD model plugin
2025-07-22 00:40:40,920 [INFO] PluginManage:359 - Loaded plugin cadmodel (category:power,tabindex:5)
2025-07-22 00:40:40,920 [INFO] PluginManage:310 - Check plugin clock
2025-07-22 00:40:40,930 [INFO] PluginManage:359 - Loaded plugin clock (category:base,tabindex:2)
2025-07-22 00:40:40,930 [INFO] PluginManage:310 - Check plugin ddr
2025-07-22 00:40:40,933 [INFO] PluginManage:359 - Loaded plugin ddr (category:tool,tabindex:6)
2025-07-22 00:40:40,933 [INFO] PluginManage:310 - Check plugin filemanager
2025-07-22 00:40:41,102 [INFO] PluginManage:359 - Loaded plugin filemanager (category:base,tabindex:10)
2025-07-22 00:40:41,102 [INFO] PluginManage:310 - Check plugin ipmanager
2025-07-22 00:40:41,111 [INFO] PluginManage:359 - Loaded plugin ipmanager (category:base,tabindex:5)
2025-07-22 00:40:41,111 [INFO] PluginManage:310 - Check plugin lpbam
2025-07-22 00:40:41,122 [INFO] PluginManage:359 - Loaded plugin lpbam (category:base,tabindex:0)
2025-07-22 00:40:41,123 [INFO] PluginManage:310 - Check plugin memorymap
2025-07-22 00:40:41,138 [INFO] PluginManage:359 - Loaded plugin memorymap (category:base,tabindex:4)
2025-07-22 00:40:41,139 [INFO] PluginManage:310 - Check plugin pinoutandconfiguration
2025-07-22 00:40:41,152 [INFO] PluginManage:359 - Loaded plugin pinoutandconfiguration (category:base,tabindex:1)
2025-07-22 00:40:41,152 [INFO] PluginManage:310 - Check plugin pinoutconfig
2025-07-22 00:40:41,262 [WARN] SupportedApi:132 - Cannot load RTOS API schema: s4s-elt-must-match.1: The content of 'definitions' must match (annotation?, (simpleType | complexType)?, (unique | key | keyref)*)). A problem was found starting at: attribute.
2025-07-22 00:40:41,424 [INFO] PluginManage:359 - Loaded plugin pinoutconfig (category:base,tabindex:0)
2025-07-22 00:40:41,424 [INFO] PluginManage:310 - Check plugin power
2025-07-22 00:40:41,436 [INFO] PluginManage:359 - Loaded plugin power (category:power,tabindex:4)
2025-07-22 00:40:41,436 [INFO] PluginManage:310 - Check plugin projectmanager
2025-07-22 00:40:41,454 [INFO] PluginManage:359 - Loaded plugin projectmanager (category:projectmanager,tabindex:4)
2025-07-22 00:40:41,456 [INFO] PluginManage:310 - Check plugin rif
2025-07-22 00:40:41,468 [INFO] PluginManage:359 - Loaded plugin rif (category:base,tabindex:3)
2025-07-22 00:40:41,468 [INFO] PluginManage:310 - Check plugin thirdparty
2025-07-22 00:40:41,624 [WARN] IntegrityCheckThread:84 - waiting for thirdparty lock release [integrity check]
2025-07-22 00:40:41,624 [INFO] PluginManage:359 - Loaded plugin thirdparty (category:base,tabindex:-1)
2025-07-22 00:40:41,624 [INFO] IntegrityCheckThread:86 - entering critical section [integrity check]
2025-07-22 00:40:41,625 [INFO] PluginManage:310 - Check plugin tools
2025-07-22 00:40:41,625 [INFO] ThirdPartyUpdaterWithRetryManager:70 - Updater plugin not ready yet. [1/15]
2025-07-22 00:40:41,628 [INFO] PluginManage:359 - Loaded plugin tools (category:base,tabindex:7)
2025-07-22 00:40:41,628 [INFO] PluginManage:310 - Check plugin tutovideos
2025-07-22 00:40:41,888 [INFO] PluginManage:359 - Loaded plugin tutovideos (category:base,tabindex:-1)
2025-07-22 00:40:41,888 [INFO] PluginManage:310 - Check plugin updater
2025-07-22 00:40:41,910 [INFO] PluginManage:359 - Loaded plugin updater (category:base,tabindex:12)
2025-07-22 00:40:41,910 [INFO] PluginManage:310 - Check plugin userauth
2025-07-22 00:40:41,915 [INFO] UserAuth:118 - Init User Auth plugin
2025-07-22 00:40:41,916 [INFO] PluginManage:359 - Loaded plugin userauth (category:base,tabindex:14)
2025-07-22 00:40:41,916 [INFO] PluginManage:283 - PluginManage : Loaded plugins [18]
2025-07-22 00:40:42,167 [INFO] PinOutPanel:1589 - setPackage(No Configuration,No Configuration)
2025-07-22 00:40:42,279 [INFO] CADModel:165 - CPN selected for project level
2025-07-22 00:40:42,279 [INFO] CADModel:114 - Register for checkConnection events
2025-07-22 00:40:42,303 [INFO] IPUIPlugin:80 - create IPUIPlugin
2025-07-22 00:40:42,304 [INFO] PluginManager:220 - loadIPPluginJar : add adc
2025-07-22 00:40:42,308 [INFO] IPUIPlugin:80 - create IPUIPlugin
2025-07-22 00:40:42,308 [INFO] PluginManager:220 - loadIPPluginJar : add aes
2025-07-22 00:40:42,312 [INFO] IPUIPlugin:80 - create IPUIPlugin
2025-07-22 00:40:42,312 [INFO] PluginManager:220 - loadIPPluginJar : add can
2025-07-22 00:40:42,315 [INFO] IPUIPlugin:80 - create IPUIPlugin
2025-07-22 00:40:42,315 [INFO] PluginManager:220 - loadIPPluginJar : add comp
2025-07-22 00:40:42,319 [INFO] IPUIPlugin:80 - create IPUIPlugin
2025-07-22 00:40:42,319 [INFO] PluginManager:220 - loadIPPluginJar : add cryp
2025-07-22 00:40:42,322 [INFO] IPUIPlugin:80 - create IPUIPlugin
2025-07-22 00:40:42,322 [INFO] PluginManager:220 - loadIPPluginJar : add ddr_ctrl_phy
2025-07-22 00:40:42,326 [INFO] IPUIPlugin:80 - create IPUIPlugin
2025-07-22 00:40:42,326 [INFO] PluginManager:220 - loadIPPluginJar : add dfsdm
2025-07-22 00:40:42,332 [INFO] IPUIPlugin:80 - create IPUIPlugin
2025-07-22 00:40:42,332 [INFO] PluginManager:220 - loadIPPluginJar : add dma
2025-07-22 00:40:42,337 [INFO] IPUIPlugin:80 - create IPUIPlugin
2025-07-22 00:40:42,337 [INFO] PluginManager:220 - loadIPPluginJar : add dma3
2025-07-22 00:40:42,341 [INFO] IPUIPlugin:80 - create IPUIPlugin
2025-07-22 00:40:42,341 [INFO] PluginManager:220 - loadIPPluginJar : add extmemmanager
2025-07-22 00:40:42,344 [INFO] IPUIPlugin:80 - create IPUIPlugin
2025-07-22 00:40:42,344 [INFO] PluginManager:220 - loadIPPluginJar : add fatfs
2025-07-22 00:40:42,349 [INFO] IPUIPlugin:80 - create IPUIPlugin
2025-07-22 00:40:42,350 [INFO] PluginManager:220 - loadIPPluginJar : add fmc
2025-07-22 00:40:42,357 [INFO] IPUIPlugin:80 - create IPUIPlugin
2025-07-22 00:40:42,358 [INFO] PluginManager:220 - loadIPPluginJar : add freertos
2025-07-22 00:40:42,360 [INFO] IPUIPlugin:80 - create IPUIPlugin
2025-07-22 00:40:42,360 [INFO] PluginManager:220 - loadIPPluginJar : add genericplugin
2025-07-22 00:40:42,363 [INFO] IPUIPlugin:80 - create IPUIPlugin
2025-07-22 00:40:42,363 [INFO] PluginManager:220 - loadIPPluginJar : add gfxmmu
2025-07-22 00:40:42,369 [INFO] IPUIPlugin:80 - create IPUIPlugin
2025-07-22 00:40:42,369 [INFO] PluginManager:220 - loadIPPluginJar : add gic
2025-07-22 00:40:42,375 [INFO] IPUIPlugin:80 - create IPUIPlugin
2025-07-22 00:40:42,375 [INFO] PluginManager:220 - loadIPPluginJar : add gpio
2025-07-22 00:40:42,378 [INFO] IPUIPlugin:80 - create IPUIPlugin
2025-07-22 00:40:42,380 [INFO] PluginManager:220 - loadIPPluginJar : add gtzc
2025-07-22 00:40:42,383 [INFO] IPUIPlugin:80 - create IPUIPlugin
2025-07-22 00:40:42,383 [INFO] PluginManager:220 - loadIPPluginJar : add hash
2025-07-22 00:40:42,388 [INFO] IPUIPlugin:80 - create IPUIPlugin
2025-07-22 00:40:42,388 [INFO] PluginManager:220 - loadIPPluginJar : add i2c
2025-07-22 00:40:42,393 [INFO] IPUIPlugin:80 - create IPUIPlugin
2025-07-22 00:40:42,393 [INFO] PluginManager:220 - loadIPPluginJar : add i2s
2025-07-22 00:40:42,396 [INFO] IPUIPlugin:80 - create IPUIPlugin
2025-07-22 00:40:42,397 [INFO] PluginManager:220 - loadIPPluginJar : add i3c
2025-07-22 00:40:42,402 [INFO] IPUIPlugin:80 - create IPUIPlugin
2025-07-22 00:40:42,402 [INFO] PluginManager:220 - loadIPPluginJar : add ipddr
2025-07-22 00:40:42,410 [INFO] IPUIPlugin:80 - create IPUIPlugin
2025-07-22 00:40:42,410 [INFO] PluginManager:220 - loadIPPluginJar : add linkedlist
2025-07-22 00:40:42,415 [INFO] IPUIPlugin:80 - create IPUIPlugin
2025-07-22 00:40:42,415 [INFO] PluginManager:220 - loadIPPluginJar : add lorawan
2025-07-22 00:40:42,418 [INFO] IPUIPlugin:80 - create IPUIPlugin
2025-07-22 00:40:42,418 [INFO] PluginManager:220 - loadIPPluginJar : add ltdc
2025-07-22 00:40:42,424 [INFO] IPUIPlugin:80 - create IPUIPlugin
2025-07-22 00:40:42,424 [INFO] PluginManager:220 - loadIPPluginJar : add mdma
2025-07-22 00:40:42,429 [INFO] IPUIPlugin:80 - create IPUIPlugin
2025-07-22 00:40:42,429 [INFO] PluginManager:220 - loadIPPluginJar : add nvic
2025-07-22 00:40:42,433 [INFO] IPUIPlugin:80 - create IPUIPlugin
2025-07-22 00:40:42,433 [INFO] PluginManager:220 - loadIPPluginJar : add opamp
2025-07-22 00:40:42,437 [INFO] IPUIPlugin:80 - create IPUIPlugin
2025-07-22 00:40:42,437 [INFO] PluginManager:220 - loadIPPluginJar : add openamp
2025-07-22 00:40:42,442 [INFO] IPUIPlugin:80 - create IPUIPlugin
2025-07-22 00:40:42,442 [INFO] PluginManager:220 - loadIPPluginJar : add pdm2pcm
2025-07-22 00:40:42,450 [INFO] IPUIPlugin:80 - create IPUIPlugin
2025-07-22 00:40:42,454 [INFO] PluginManager:220 - loadIPPluginJar : add plateformsettings
2025-07-22 00:40:42,457 [INFO] IPUIPlugin:80 - create IPUIPlugin
2025-07-22 00:40:42,457 [INFO] PluginManager:220 - loadIPPluginJar : add quadspi
2025-07-22 00:40:42,459 [INFO] IPUIPlugin:80 - create IPUIPlugin
2025-07-22 00:40:42,460 [INFO] PluginManager:220 - loadIPPluginJar : add radio
2025-07-22 00:40:42,465 [INFO] IPUIPlugin:80 - create IPUIPlugin
2025-07-22 00:40:42,465 [INFO] PluginManager:220 - loadIPPluginJar : add resmgrutility
2025-07-22 00:40:42,469 [INFO] IPUIPlugin:80 - create IPUIPlugin
2025-07-22 00:40:42,470 [INFO] PluginManager:220 - loadIPPluginJar : add sai
2025-07-22 00:40:42,473 [INFO] IPUIPlugin:80 - create IPUIPlugin
2025-07-22 00:40:42,473 [INFO] PluginManager:220 - loadIPPluginJar : add spi
2025-07-22 00:40:42,481 [INFO] IPUIPlugin:80 - create IPUIPlugin
2025-07-22 00:40:42,481 [INFO] PluginManager:220 - loadIPPluginJar : add stm32_wpan
2025-07-22 00:40:42,484 [INFO] IPUIPlugin:80 - create IPUIPlugin
2025-07-22 00:40:42,484 [INFO] PluginManager:220 - loadIPPluginJar : add tim
2025-07-22 00:40:42,489 [INFO] IPUIPlugin:80 - create IPUIPlugin
2025-07-22 00:40:42,489 [INFO] PluginManager:220 - loadIPPluginJar : add touchsensing
2025-07-22 00:40:42,492 [INFO] IPUIPlugin:80 - create IPUIPlugin
2025-07-22 00:40:42,492 [INFO] PluginManager:220 - loadIPPluginJar : add tracer_emb
2025-07-22 00:40:42,495 [INFO] IPUIPlugin:80 - create IPUIPlugin
2025-07-22 00:40:42,495 [INFO] PluginManager:220 - loadIPPluginJar : add ts
2025-07-22 00:40:42,497 [INFO] IPUIPlugin:80 - create IPUIPlugin
2025-07-22 00:40:42,497 [INFO] PluginManager:220 - loadIPPluginJar : add tsc
2025-07-22 00:40:42,500 [INFO] IPUIPlugin:80 - create IPUIPlugin
2025-07-22 00:40:42,501 [INFO] PluginManager:220 - loadIPPluginJar : add ucpd
2025-07-22 00:40:42,504 [INFO] IPUIPlugin:80 - create IPUIPlugin
2025-07-22 00:40:42,504 [INFO] PluginManager:220 - loadIPPluginJar : add usart
2025-07-22 00:40:42,508 [INFO] IPUIPlugin:80 - create IPUIPlugin
2025-07-22 00:40:42,509 [INFO] PluginManager:220 - loadIPPluginJar : add usbx
2025-07-22 00:40:42,647 [FATAL] Updater:351 - Updater called before beeing initialized
2025-07-22 00:40:42,760 [INFO] RulesReader:64 - Compatibility file has been processed (317 Rules)
2025-07-22 00:40:42,804 [INFO] RulesReader:64 - Compatibility file has been processed (317 Rules)
2025-07-22 00:40:42,817 [INFO] CADModel:165 - CPN selected for project level
2025-07-22 00:40:42,817 [INFO] CADModel:114 - Register for checkConnection events
2025-07-22 00:40:42,817 [FATAL] Updater:351 - Updater called before beeing initialized
2025-07-22 00:40:42,818 [ERROR] CADModel:125 - Updater not yet initialized, retry later 
2025-07-22 00:40:43,009 [FATAL] Updater:351 - Updater called before beeing initialized
2025-07-22 00:40:43,012 [INFO] CADModel:165 - CPN selected for project level
2025-07-22 00:40:43,012 [INFO] CADModel:114 - Register for checkConnection events
2025-07-22 00:40:43,012 [FATAL] Updater:351 - Updater called before beeing initialized
2025-07-22 00:40:43,012 [ERROR] CADModel:125 - Updater not yet initialized, retry later 
2025-07-22 00:40:43,016 [FATAL] Updater:351 - Updater called before beeing initialized
2025-07-22 00:40:43,191 [FATAL] Updater:351 - Updater called before beeing initialized
2025-07-22 00:40:43,196 [INFO] DbMcusAds:53 - JSON generation date=Tue Jul 08 10:14:23 CEST 2025 (1751962463524)
2025-07-22 00:40:43,196 [FATAL] Updater:351 - Updater called before beeing initialized
2025-07-22 00:40:43,244 [WARN] DetailPanel:346 - Failed to get advertising image, set to default
2025-07-22 00:40:43,339 [FATAL] Updater:351 - Updater called before beeing initialized
2025-07-22 00:40:43,342 [FATAL] Updater:351 - Updater called before beeing initialized
2025-07-22 00:40:43,342 [FATAL] Updater:351 - Updater called before beeing initialized
2025-07-22 00:40:43,342 [WARN] DetailPanel:346 - Failed to get advertising image, set to default
2025-07-22 00:40:43,343 [FATAL] Updater:351 - Updater called before beeing initialized
2025-07-22 00:40:43,398 [ERROR] Updater:1198 - MainUpdater not yet initialized. External WinMGr cannot be set.
2025-07-22 00:40:43,400 [INFO] Updater:1134 - Updater Version found : 6.15.0
2025-07-22 00:40:43,420 [INFO] ApplicationProperties:184 - Using Application install path: C:\ST\STM32CubeIDE_1.19.0\STM32CubeIDE\plugins\com.st.stm32cube.common.mx_6.15.0.202507011659
2025-07-22 00:40:44,627 [INFO] ThirdPartyUpdaterWithRetryManager:70 - Updater plugin not ready yet. [2/15]
2025-07-22 00:40:45,000 [ERROR] LogOutputStream:75 - [STDERR_REDIRECT] Jul 22, 2025 12:40:44 AM java.util.prefs.WindowsPreferences <init>
2025-07-22 00:40:45,002 [ERROR] LogOutputStream:75 - [STDERR_REDIRECT] WARNING: Could not open/create prefs root node Software\JavaSoft\Prefs at root 0xffffffff80000002. Windows RegCreateKeyEx(...) returned error code 5.
2025-07-22 00:40:45,003 [ERROR] LogOutputStream:75 - [STDERR_REDIRECT] 
2025-07-22 00:40:45,479 [INFO] MainUpdater:2872 - connection check result : 10
2025-07-22 00:40:45,480 [INFO] MainUpdater:289 - Updater Check For Update Now.
2025-07-22 00:40:45,480 [INFO] MicroXplorer:498 - Change Database Version : DB.6.0.150
2025-07-22 00:40:45,489 [INFO] McuFinderGlobals:63 - Set McuFinder mode to 2 (CubeIDE integrated)
2025-07-22 00:40:45,490 [INFO] UserAuth:487 - Internet connection configuration mode: 1
2025-07-22 00:40:45,523 [INFO] JxBrowserEngine:152 - Initiate JxBrowser Engine with user profile folder
2025-07-22 00:40:45,682 [INFO] CheckServerUpdateThread:120 - End of CheckServer Thread
2025-07-22 00:40:47,100 [INFO] WebApp:169 - Instantiating new browser for Auth
2025-07-22 00:40:48,261 [WARN] PackLoader:240 - Cannot read IP mode file for STMicroelectronics.FP-SNS-MOTENVWB1.1.4.0
2025-07-22 00:40:48,293 [WARN] PackLoader:240 - Cannot read IP mode file for STMicroelectronics.FP-ATR-ASTRA1.2.0.2
2025-07-22 00:40:48,302 [WARN] PackLoader:240 - Cannot read IP mode file for STMicroelectronics.FP-ATR-ASTRA1.2.0.1
2025-07-22 00:40:48,325 [WARN] PackLoader:240 - Cannot read IP mode file for STMicroelectronics.X-CUBE-SMBUS.2.1.0
2025-07-22 00:40:48,345 [WARN] PackLoader:240 - Cannot read IP mode file for STMicroelectronics.X-CUBE-WB05N.1.1.0
2025-07-22 00:40:48,360 [WARN] PackLoader:240 - Cannot read IP mode file for STMicroelectronics.X-CUBE-ST60.1.0.0
2025-07-22 00:40:48,488 [WARN] PackLoader:240 - Cannot read IP mode file for STMicroelectronics.X-CUBE-AZRTOS-F7.1.1.0
2025-07-22 00:40:48,664 [WARN] PackLoader:240 - Cannot read IP mode file for STMicroelectronics.FP-SNS-FLIGHT1.5.0.2
2025-07-22 00:40:48,748 [WARN] PackLoader:240 - Cannot read IP mode file for Infineon.AIROC-Wi-Fi-Bluetooth-STM32.1.7.0
2025-07-22 00:40:48,767 [INFO] WebApp:463 - Apply proxy settings
2025-07-22 00:40:48,769 [INFO] WebApp:548 - Chromium requires no authentication
2025-07-22 00:40:48,787 [INFO] WebApp:491 - Direct internet connection detected
2025-07-22 00:40:48,804 [WARN] PackLoader:240 - Cannot read IP mode file for STMicroelectronics.X-CUBE-AZRTOS-H7.3.4.0
2025-07-22 00:40:48,826 [WARN] PackLoader:240 - Cannot read IP mode file for STMicroelectronics.X-CUBE-DISPLAY.3.0.0
2025-07-22 00:40:48,846 [WARN] PackLoader:240 - Cannot read IP mode file for STMicroelectronics.X-CUBE-BLE1.7.0.0
2025-07-22 00:40:48,862 [WARN] PackLoader:240 - Cannot read IP mode file for STMicroelectronics.X-CUBE-NFC10.1.0.0
2025-07-22 00:40:48,870 [INFO] WebApp:900 - Register for checkConnection events
2025-07-22 00:40:48,871 [INFO] WebApp:463 - Apply proxy settings
2025-07-22 00:40:48,871 [INFO] WebApp:548 - Chromium requires no authentication
2025-07-22 00:40:48,874 [INFO] WebApp:491 - Direct internet connection detected
2025-07-22 00:40:48,883 [WARN] PackLoader:240 - Cannot read IP mode file for STMicroelectronics.X-CUBE-BLEMGR.4.0.0
2025-07-22 00:40:48,899 [WARN] PackLoader:240 - Cannot read IP mode file for emotas.I-CUBE-CANOPEN.1.3.0
2025-07-22 00:40:48,906 [WARN] PackLoader:240 - Cannot read IP mode file for STMicroelectronics.X-CUBE-AI.10.0.0
2025-07-22 00:40:48,915 [WARN] PackLoader:240 - Cannot read IP mode file for STMicroelectronics.FP-SNS-SMARTAG2.1.2.0
2025-07-22 00:40:48,921 [WARN] PackLoader:240 - Cannot read IP mode file for STMicroelectronics.FP-SNS-FLIGHT1.5.1.0
2025-07-22 00:40:48,998 [WARN] PackLoader:240 - Cannot read IP mode file for STMicroelectronics.X-CUBE-MEMS1.11.1.0
2025-07-22 00:40:49,149 [INFO] WebApp:191 - Connection restablished
2025-07-22 00:40:49,230 [INFO] LogOutputStream:77 - [STDOUT_REDIRECT] 1 : Invalid condition id : UX_CORESTACK_Condition cause : null
2025-07-22 00:40:49,231 [INFO] LogOutputStream:77 - [STDOUT_REDIRECT] 1 : Invalid condition id : UX_CORESTACK_Condition cause : null
2025-07-22 00:40:49,235 [INFO] LogOutputStream:77 - [STDOUT_REDIRECT] 1 : Invalid condition id : UX_CORESTACK_Condition cause : null
2025-07-22 00:40:49,237 [INFO] LogOutputStream:77 - [STDOUT_REDIRECT] 1 : Invalid condition id : UX_CORESTACK_Condition cause : null
2025-07-22 00:40:49,239 [INFO] LogOutputStream:77 - [STDOUT_REDIRECT] 1 : Invalid condition id : UX_CORESTACK_Condition cause : null
2025-07-22 00:40:49,245 [WARN] PackLoader:240 - Cannot read IP mode file for STMicroelectronics.X-CUBE-AZRTOS-WL.2.0.0
2025-07-22 00:40:49,254 [WARN] PackLoader:240 - Cannot read IP mode file for STMicroelectronics.FP-SNS-MOTENV1.5.0.0
2025-07-22 00:40:49,267 [WARN] PackLoader:240 - Cannot read IP mode file for wolfSSL.I-CUBE-wolfMQTT.1.19.0
2025-07-22 00:40:49,286 [WARN] PackLoader:240 - Cannot read IP mode file for WES.I-CUBE-Cesium.1.3.0
2025-07-22 00:40:49,295 [WARN] PackLoader:240 - Cannot read IP mode file for STMicroelectronics.X-CUBE-BLE2.3.3.0
2025-07-22 00:40:49,317 [WARN] PackLoader:240 - Cannot read IP mode file for STMicroelectronics.X-CUBE-NFC9.1.0.0
2025-07-22 00:40:49,329 [WARN] PackLoader:240 - Cannot read IP mode file for STMicroelectronics.X-CUBE-BLE1.7.1.0
2025-07-22 00:40:49,342 [WARN] PackLoader:240 - Cannot read IP mode file for STMicroelectronics.X-CUBE-EEPRMA1.5.2.0
2025-07-22 00:40:49,353 [WARN] PackLoader:240 - Cannot read IP mode file for STMicroelectronics.X-CUBE-AI.10.1.0
2025-07-22 00:40:49,464 [WARN] PackLoader:240 - Cannot read IP mode file for STMicroelectronics.X-CUBE-MEMS1.11.2.0
2025-07-22 00:40:49,482 [INFO] WebApp:225 - Starting web application
2025-07-22 00:40:49,482 [INFO] WebApp:593 - Web application path used C:\ST\STM32CubeIDE_1.19.0\STM32CubeIDE\plugins\com.st.stm32cube.common.mx_6.15.0.202507011659\db\plugins\mcufinder\reactClient1\index.html
2025-07-22 00:40:49,747 [WARN] PackLoader:240 - Cannot read IP mode file for STMicroelectronics.X-CUBE-AZRTOS-G0.1.1.0
2025-07-22 00:40:49,793 [WARN] PackLoader:240 - Cannot read IP mode file for STMicroelectronics.X-CUBE-SAFEA1.1.2.2
2025-07-22 00:40:49,802 [WARN] PackLoader:240 - Cannot read IP mode file for STMicroelectronics.X-CUBE-NFC4.3.0.0
2025-07-22 00:40:49,835 [WARN] PackLoader:240 - Cannot read IP mode file for EmbeddedOffice.I-CUBE-FS-RTOS.1.0.1
2025-07-22 00:40:49,874 [WARN] PackLoader:240 - Cannot read IP mode file for STMicroelectronics.X-CUBE-WB05N.2.0.0
2025-07-22 00:40:49,892 [WARN] PackLoader:240 - Cannot read IP mode file for STMicroelectronics.X-CUBE-TCPP.4.2.0
2025-07-22 00:40:49,906 [WARN] PackLoader:240 - Cannot read IP mode file for RealThread.X-CUBE-RT-Thread_Nano.4.1.1
2025-07-22 00:40:49,919 [WARN] PackLoader:240 - Cannot read IP mode file for STMicroelectronics.FP-ATR-SIGFOX1.3.2.0
2025-07-22 00:40:49,931 [WARN] ConditionMgr:438 - getConditionDescription Invalid condition id : Cortex-A Device cause : null
2025-07-22 00:40:49,966 [WARN] ConditionMgr:1044 - genDependencies : Invalid condition id : Cortex-A Device cause : null
2025-07-22 00:40:49,968 [WARN] ConditionMgr:1044 - genDependencies : Invalid condition id : Cortex-A Device cause : null
2025-07-22 00:40:49,968 [WARN] ConditionMgr:1044 - genDependencies : Invalid condition id : Cortex-A Device cause : null
2025-07-22 00:40:49,977 [WARN] PackLoader:240 - Cannot read IP mode file for STMicroelectronics.X-CUBE-EEPRMA1.5.1.0
2025-07-22 00:40:49,986 [WARN] PackLoader:240 - Cannot read IP mode file for wolfSSL.I-CUBE-wolfSSL.5.7.4
2025-07-22 00:40:49,995 [WARN] PackLoader:240 - Cannot read IP mode file for ITTIA_DB.I-CUBE-ITTIADB.8.9.0
2025-07-22 00:40:50,006 [WARN] PackLoader:240 - Cannot read IP mode file for STMicroelectronics.X-CUBE-ST67W61.1.0.0
2025-07-22 00:40:50,047 [WARN] PackLoader:240 - Cannot read IP mode file for SEGGER.I-CUBE-embOS.1.3.1
2025-07-22 00:40:50,107 [WARN] PackLoader:240 - Cannot read IP mode file for STMicroelectronics.X-CUBE-ALGOBUILD.1.4.0
2025-07-22 00:40:50,182 [WARN] PackLoader:240 - Cannot read IP mode file for STMicroelectronics.X-CUBE-MEMS1.11.3.0
2025-07-22 00:40:50,320 [INFO] UserAuth:487 - Internet connection configuration mode: 1
2025-07-22 00:40:50,323 [WARN] PackLoader:240 - Cannot read IP mode file for STMicroelectronics.X-CUBE-AI.9.1.0
2025-07-22 00:40:50,331 [WARN] PackLoader:240 - Cannot read IP mode file for STMicroelectronics.X-CUBE-PM33A1.1.0.0
2025-07-22 00:40:50,354 [WARN] PackLoader:240 - Cannot read IP mode file for STMicroelectronics.X-CUBE-AZRTOS-F4.1.1.0
2025-07-22 00:40:50,367 [WARN] PackLoader:240 - Cannot read IP mode file for Avnet-IotConnect.X-CUBE-IoTC-DA16k-PMOD.1.0.0
2025-07-22 00:40:50,373 [WARN] PackLoader:240 - Cannot read IP mode file for STMicroelectronics.X-CUBE-ISPU.2.1.0
2025-07-22 00:40:50,383 [WARN] PackLoader:240 - Cannot read IP mode file for STMicroelectronics.X-CUBE-NFC12.1.0.0
2025-07-22 00:40:50,405 [WARN] PackLoader:240 - Cannot read IP mode file for STMicroelectronics.X-CUBE-AZRTOS-L5.2.0.0
2025-07-22 00:40:50,421 [WARN] PackLoader:240 - Cannot read IP mode file for STMicroelectronics.X-CUBE-NFC6.3.1.0
2025-07-22 00:40:50,432 [WARN] PackLoader:240 - Cannot read IP mode file for STMicroelectronics.X-CUBE-DPower.1.2.0
2025-07-22 00:40:50,442 [WARN] PackLoader:240 - Cannot read IP mode file for STMicroelectronics.X-CUBE-FREERTOS.1.3.1
2025-07-22 00:40:50,448 [WARN] PackLoader:240 - Cannot read IP mode file for STMicroelectronics.X-CUBE-FREERTOS.1.3.0
2025-07-22 00:40:50,456 [WARN] PackLoader:240 - Cannot read IP mode file for STMicroelectronics.X-CUBE-NFC7.1.0.1
2025-07-22 00:40:50,477 [WARN] PackLoader:240 - Cannot read IP mode file for STMicroelectronics.FP-SNS-STAIOTCFT.1.0.0
2025-07-22 00:40:50,484 [WARN] PackLoader:240 - Cannot read IP mode file for STMicroelectronics.X-CUBE-DPower.1.3.0
2025-07-22 00:40:50,505 [ERROR] LogOutputStream:75 - [STDERR_REDIRECT] [Fatal Error] :1:1: Premature end of file.
2025-07-22 00:40:50,506 [ERROR] LogOutputStream:75 - [STDERR_REDIRECT] 
2025-07-22 00:40:50,509 [WARN] ConditionMgr:438 - getConditionDescription Invalid condition id : LAN8742 Phy interface Condition cause : null
2025-07-22 00:40:50,510 [WARN] PackLoader:240 - Cannot read IP mode file for STMicroelectronics.X-CUBE-AZRTOS-L4.2.0.0
2025-07-22 00:40:50,512 [WARN] ConditionMgr:1044 - genDependencies : Invalid condition id : LAN8742 Phy interface Condition cause : null
2025-07-22 00:40:50,512 [WARN] ConditionMgr:1044 - genDependencies : Invalid condition id : LAN8742 Phy interface Condition cause : null
2025-07-22 00:40:50,513 [WARN] ConditionMgr:1044 - genDependencies : Invalid condition id : LAN8742 Phy interface Condition cause : null
2025-07-22 00:40:50,521 [WARN] PackLoader:240 - Cannot read IP mode file for STMicroelectronics.X-CUBE-SFXS2LP1.4.0.0
2025-07-22 00:40:50,543 [WARN] PackLoader:240 - Cannot read IP mode file for STMicroelectronics.X-CUBE-AZRTOS-H7.3.3.0
2025-07-22 00:40:50,553 [WARN] PackLoader:240 - Cannot read IP mode file for STMicroelectronics.X-CUBE-BLEMGR.4.1.0
2025-07-22 00:40:50,567 [WARN] ConditionMgr:438 - getConditionDescription Invalid condition id : UX DEVICE CLASS RTOS Condition cause : null
2025-07-22 00:40:50,567 [WARN] ConditionMgr:438 - getConditionDescription Invalid condition id : UX DEVICE CLASS RTOS Condition cause : null
2025-07-22 00:40:50,569 [WARN] PackLoader:240 - Cannot read IP mode file for STMicroelectronics.X-CUBE-AZRTOS-WB.2.0.0
2025-07-22 00:40:50,570 [WARN] ConditionMgr:1044 - genDependencies : Invalid condition id : UX DEVICE CLASS RTOS Condition cause : null
2025-07-22 00:40:50,570 [WARN] ConditionMgr:1044 - genDependencies : Invalid condition id : UX DEVICE CLASS RTOS Condition cause : null
2025-07-22 00:40:50,572 [WARN] ConditionMgr:1044 - genDependencies : Invalid condition id : UX DEVICE CLASS RTOS Condition cause : null
2025-07-22 00:40:50,572 [WARN] ConditionMgr:1044 - genDependencies : Invalid condition id : UX DEVICE CLASS RTOS Condition cause : null
2025-07-22 00:40:50,573 [WARN] ConditionMgr:1044 - genDependencies : Invalid condition id : UX DEVICE CLASS RTOS Condition cause : null
2025-07-22 00:40:50,580 [WARN] PackLoader:240 - Cannot read IP mode file for STMicroelectronics.X-CUBE-GNSS1.7.0.1
2025-07-22 00:40:50,585 [WARN] PackLoader:240 - Cannot read IP mode file for STMicroelectronics.X-CUBE-TOUCHGFX.4.25.0
2025-07-22 00:40:50,593 [WARN] PackLoader:240 - Cannot read IP mode file for STMicroelectronics.FP-SNS-STBOX1.2.0.0
2025-07-22 00:40:50,609 [WARN] PackLoader:240 - Cannot read IP mode file for STMicroelectronics.X-CUBE-SUBG2.5.0.0
2025-07-22 00:40:50,636 [WARN] PackLoader:240 - Cannot read IP mode file for STMicroelectronics.X-CUBE-AZRTOS-H7RS.1.1.0
2025-07-22 00:40:50,645 [WARN] PackLoader:240 - Cannot read IP mode file for Cesanta.I-CUBE-Mongoose.7.13.0
2025-07-22 00:40:50,658 [WARN] PackLoader:240 - Cannot read IP mode file for STMicroelectronics.X-CUBE-AZRTOS-G4.2.0.0
2025-07-22 00:40:50,664 [WARN] PackLoader:240 - Cannot read IP mode file for STMicroelectronics.X-CUBE-NFC7.2.0.0
2025-07-22 00:40:50,676 [WARN] PackLoader:240 - Cannot read IP mode file for STMicroelectronics.X-CUBE-IPS.3.1.0
2025-07-22 00:40:50,688 [WARN] PackLoader:240 - Cannot read IP mode file for STMicroelectronics.X-CUBE-ALS.1.0.2
2025-07-22 00:40:50,733 [WARN] PackLoader:240 - Cannot read IP mode file for STMicroelectronics.X-CUBE-MEMS1.10.0.0
2025-07-22 00:40:51,221 [WARN] PackLoader:240 - Cannot read IP mode file for STMicroelectronics.X-CUBE-TOUCHGFX.4.24.2
2025-07-22 00:40:51,227 [WARN] PackLoader:240 - Cannot read IP mode file for wolfSSL.I-CUBE-wolfTPM.3.4.0
2025-07-22 00:40:51,238 [WARN] PackLoader:240 - Cannot read IP mode file for portGmbH.I-Cube-SoM-uGOAL.1.1.0
2025-07-22 00:40:51,258 [WARN] PackLoader:240 - Cannot read IP mode file for STMicroelectronics.X-CUBE-AZRTOS-H7RS.1.0.0
2025-07-22 00:40:51,273 [WARN] PackLoader:240 - Cannot read IP mode file for STMicroelectronics.X-CUBE-TOF1.3.4.2
2025-07-22 00:40:51,300 [WARN] PackLoader:240 - Cannot read IP mode file for STMicroelectronics.X-CUBE-TOF1.3.4.3
2025-07-22 00:40:51,314 [WARN] PackLoader:240 - Cannot read IP mode file for wolfSSL.I-CUBE-wolfSSH.1.4.17
2025-07-22 00:40:51,314 [INFO] ThirdParty:978 - Integrity check success = true
2025-07-22 00:40:51,314 [INFO] IntegrityCheckThread:100 - exiting critical section [integrity check]
2025-07-22 00:40:51,314 [INFO] IntegrityCheckThread:103 - End integrity checks thread
2025-07-22 00:40:51,427 [ERROR] LogOutputStream:75 - [STDERR_REDIRECT] [Fatal Error] :1:1: Premature end of file.
2025-07-22 00:40:51,428 [ERROR] LogOutputStream:75 - [STDERR_REDIRECT] 
2025-07-22 00:40:52,597 [ERROR] LogOutputStream:75 - [STDERR_REDIRECT] [Fatal Error] :1:1: Premature end of file.
2025-07-22 00:40:52,597 [ERROR] LogOutputStream:75 - [STDERR_REDIRECT] 
2025-07-22 00:40:53,474 [ERROR] LogOutputStream:75 - [STDERR_REDIRECT] [Fatal Error] :1:1: Premature end of file.
2025-07-22 00:40:53,475 [ERROR] LogOutputStream:75 - [STDERR_REDIRECT] 
2025-07-22 00:40:53,612 [ERROR] LogOutputStream:75 - [STDERR_REDIRECT] 
2025-07-22 00:40:53,612 [ERROR] LogOutputStream:75 - [STDERR_REDIRECT] 
