2025-06-16 20:43:40,901 [INFO] Activator:176 - 


2025-06-16 20:43:40,906 [INFO] Activator:177 - !SESSION log4j initialized
2025-06-16 20:43:47,134 [INFO] LogOutputStream:77 - [STDOUT_REDIRECT] 
2025-06-16 20:43:57,555 [INFO] ApplicationProperties:184 - Using Application install path: C:\ST\STM32CubeIDE_1.16.1\STM32CubeIDE\plugins\com.st.stm32cube.common.mx_6.13.0.202411220809
2025-06-16 20:43:57,571 [INFO] DbMcusXml:78 - Set database path to: C:\ST\STM32CubeIDE_1.16.1\STM32CubeIDE\plugins\com.st.stm32cube.common.mx_6.13.0.202411220809\\db\/mcu/
2025-06-16 20:43:57,571 [INFO] ApiDb:274 - Set plugin database path to: C:\ST\STM32CubeIDE_1.16.1\STM32CubeIDE\plugins\com.st.stm32cube.common.mx_6.13.0.202411220809\\db\/plugins/boardmanager/
2025-06-16 20:43:57,571 [WARN] ApiDb:259 - Overriding images path with different value:  => C:\ST\STM32CubeIDE_1.16.1\STM32CubeIDE\plugins\com.st.stm32cube.common.mx_6.13.0.202411220809\\db\/plugins/mcufinder/images/
2025-06-16 20:43:57,578 [INFO] ApiDb:250 - Set database path to: C:\Users\SNYDE\.stmcufinder\plugins\mcufinder//mcu/
2025-06-16 20:43:57,579 [INFO] DbMcusAds:125 - Set database path to: C:\Users\SNYDE\.stmcufinder\plugins\mcufinder//mcu/
2025-06-16 20:43:57,585 [INFO] CrossReferenceDbSqlite:203 - Set database path to: C:\Users\SNYDE\.stmcufinder\plugins\mcufinder//mcu/cs/
2025-06-16 20:43:57,696 [INFO] RulesReader:64 - Compatibility file has been processed (297 Rules)
2025-06-16 20:43:57,782 [INFO] DbMcusXml:78 - Set database path to: C:\ST\STM32CubeIDE_1.16.1\STM32CubeIDE\plugins\com.st.stm32cube.common.mx_6.13.0.202411220809\\db\/mcu/
2025-06-16 20:43:57,782 [INFO] ApiDb:274 - Set plugin database path to: C:\ST\STM32CubeIDE_1.16.1\STM32CubeIDE\plugins\com.st.stm32cube.common.mx_6.13.0.202411220809\\db\/plugins/boardmanager/
2025-06-16 20:43:57,782 [INFO] ApiDb:261 - Set plugin images path to: C:\ST\STM32CubeIDE_1.16.1\STM32CubeIDE\plugins\com.st.stm32cube.common.mx_6.13.0.202411220809\\db\/plugins/mcufinder/images/
2025-06-16 20:43:57,782 [WARN] DbFile:41 - Overriding database path with different value: C:\Users\SNYDE\.stmcufinder\plugins\mcufinder/ => C:\Users\SNYDE\.stmcufinder\plugins\mcufinder
2025-06-16 20:43:57,782 [INFO] ApiDb:250 - Set database path to: C:\Users\SNYDE\.stmcufinder\plugins\mcufinder//mcu/
2025-06-16 20:43:57,782 [WARN] DbFile:41 - Overriding database path with different value: C:\Users\SNYDE\.stmcufinder\plugins\mcufinder/ => C:\Users\SNYDE\.stmcufinder\plugins\mcufinder
2025-06-16 20:43:57,782 [INFO] DbMcusAds:125 - Set database path to: C:\Users\SNYDE\.stmcufinder\plugins\mcufinder//mcu/
2025-06-16 20:43:57,782 [WARN] DbFile:41 - Overriding database path with different value: C:\Users\SNYDE\.stmcufinder\plugins\mcufinder/ => C:\Users\SNYDE\.stmcufinder\plugins\mcufinder
2025-06-16 20:43:57,782 [WARN] DbFile:41 - Overriding database path with different value: C:\Users\SNYDE\.stmcufinder\plugins\mcufinder/ => C:\Users\SNYDE\.stmcufinder\plugins\mcufinder
2025-06-16 20:43:57,783 [INFO] CrossReferenceDbSqlite:203 - Set database path to: C:\Users\SNYDE\.stmcufinder\plugins\mcufinder//mcu/cs/
2025-06-16 20:43:57,854 [INFO] MainPanel:272 - HeapMemory: 268435456
2025-06-16 20:43:57,977 [INFO] DbMcusXml:78 - Set database path to: C:\ST\STM32CubeIDE_1.16.1\STM32CubeIDE\plugins\com.st.stm32cube.common.mx_6.13.0.202411220809\\db\/mcu/
2025-06-16 20:43:57,977 [INFO] ApiDb:274 - Set plugin database path to: C:\ST\STM32CubeIDE_1.16.1\STM32CubeIDE\plugins\com.st.stm32cube.common.mx_6.13.0.202411220809\\db\/plugins/boardmanager/
2025-06-16 20:43:57,977 [INFO] ApiDb:261 - Set plugin images path to: C:\ST\STM32CubeIDE_1.16.1\STM32CubeIDE\plugins\com.st.stm32cube.common.mx_6.13.0.202411220809\\db\/plugins/mcufinder/images/
2025-06-16 20:43:57,977 [WARN] DbFile:41 - Overriding database path with different value: C:\Users\SNYDE\.stmcufinder\plugins\mcufinder/ => C:\Users\SNYDE\.stmcufinder\plugins\mcufinder
2025-06-16 20:43:57,978 [INFO] ApiDb:250 - Set database path to: C:\Users\SNYDE\.stmcufinder\plugins\mcufinder//mcu/
2025-06-16 20:43:57,978 [WARN] DbFile:41 - Overriding database path with different value: C:\Users\SNYDE\.stmcufinder\plugins\mcufinder/ => C:\Users\SNYDE\.stmcufinder\plugins\mcufinder
2025-06-16 20:43:57,978 [INFO] DbMcusAds:125 - Set database path to: C:\Users\SNYDE\.stmcufinder\plugins\mcufinder//mcu/
2025-06-16 20:43:57,978 [WARN] DbFile:41 - Overriding database path with different value: C:\Users\SNYDE\.stmcufinder\plugins\mcufinder/ => C:\Users\SNYDE\.stmcufinder\plugins\mcufinder
2025-06-16 20:43:57,978 [WARN] DbFile:41 - Overriding database path with different value: C:\Users\SNYDE\.stmcufinder\plugins\mcufinder/ => C:\Users\SNYDE\.stmcufinder\plugins\mcufinder
2025-06-16 20:43:57,978 [INFO] CrossReferenceDbSqlite:203 - Set database path to: C:\Users\SNYDE\.stmcufinder\plugins\mcufinder//mcu/cs/
2025-06-16 20:43:57,996 [INFO] ApplicationProperties:184 - Using Application install path: C:\ST\STM32CubeIDE_1.16.1\STM32CubeIDE\plugins\com.st.stm32cube.common.mx_6.13.0.202411220809
2025-06-16 20:43:57,999 [INFO] PluginManage:196 - Search for loadable plugins [exclusion list=, ]
2025-06-16 20:43:58,001 [INFO] PluginManage:310 - Check plugin analytics
2025-06-16 20:44:07,646 [INFO] AnalyticsPlugin:253 - Accepted Software Licenses: 
2025-06-16 20:44:07,646 [INFO] AnalyticsPlugin:255 - Accepted CMSIS Pack Licenses: 
2025-06-16 20:44:07,646 [INFO] AnalyticsPlugin:257 - Accepted Firmware Licenses: 
2025-06-16 20:44:07,646 [INFO] PluginManage:359 - Loaded plugin analytics (category:tool,tabindex:-1)
2025-06-16 20:44:07,647 [INFO] PluginManage:310 - Check plugin cadmodel
2025-06-16 20:44:07,668 [INFO] CADModel:105 - Init CAD model plugin
2025-06-16 20:44:07,668 [INFO] PluginManage:359 - Loaded plugin cadmodel (category:power,tabindex:5)
2025-06-16 20:44:07,668 [INFO] PluginManage:310 - Check plugin clock
2025-06-16 20:44:07,694 [INFO] PluginManage:359 - Loaded plugin clock (category:base,tabindex:2)
2025-06-16 20:44:07,694 [INFO] PluginManage:310 - Check plugin ddr
2025-06-16 20:44:07,697 [INFO] PluginManage:359 - Loaded plugin ddr (category:tool,tabindex:6)
2025-06-16 20:44:07,697 [INFO] PluginManage:310 - Check plugin filemanager
2025-06-16 20:44:07,842 [INFO] PluginManage:359 - Loaded plugin filemanager (category:base,tabindex:10)
2025-06-16 20:44:07,842 [INFO] PluginManage:310 - Check plugin ipmanager
2025-06-16 20:44:07,849 [INFO] PluginManage:359 - Loaded plugin ipmanager (category:base,tabindex:5)
2025-06-16 20:44:07,849 [INFO] PluginManage:310 - Check plugin lpbam
2025-06-16 20:44:07,867 [INFO] PluginManage:359 - Loaded plugin lpbam (category:base,tabindex:0)
2025-06-16 20:44:07,867 [INFO] PluginManage:310 - Check plugin memorymap
2025-06-16 20:44:07,893 [INFO] PluginManage:359 - Loaded plugin memorymap (category:base,tabindex:4)
2025-06-16 20:44:07,893 [INFO] PluginManage:310 - Check plugin pinoutandconfiguration
2025-06-16 20:44:07,914 [INFO] PluginManage:359 - Loaded plugin pinoutandconfiguration (category:base,tabindex:1)
2025-06-16 20:44:07,914 [INFO] PluginManage:310 - Check plugin pinoutconfig
2025-06-16 20:44:08,029 [WARN] SupportedApi:132 - Cannot load RTOS API schema: s4s-elt-must-match.1: The content of 'definitions' must match (annotation?, (simpleType | complexType)?, (unique | key | keyref)*)). A problem was found starting at: attribute.
2025-06-16 20:44:08,231 [INFO] PluginManage:359 - Loaded plugin pinoutconfig (category:base,tabindex:0)
2025-06-16 20:44:08,231 [INFO] PluginManage:310 - Check plugin power
2025-06-16 20:44:08,261 [INFO] PluginManage:359 - Loaded plugin power (category:power,tabindex:4)
2025-06-16 20:44:08,261 [INFO] PluginManage:310 - Check plugin projectmanager
2025-06-16 20:44:08,279 [INFO] PluginManage:359 - Loaded plugin projectmanager (category:projectmanager,tabindex:4)
2025-06-16 20:44:08,280 [INFO] PluginManage:310 - Check plugin rif
2025-06-16 20:44:08,297 [INFO] PluginManage:359 - Loaded plugin rif (category:base,tabindex:3)
2025-06-16 20:44:08,298 [INFO] PluginManage:310 - Check plugin thirdparty
2025-06-16 20:44:08,590 [WARN] IntegrityCheckThread:84 - waiting for thirdparty lock release [integrity check]
2025-06-16 20:44:08,590 [INFO] PluginManage:359 - Loaded plugin thirdparty (category:base,tabindex:-1)
2025-06-16 20:44:08,591 [INFO] IntegrityCheckThread:86 - entering critical section [integrity check]
2025-06-16 20:44:08,591 [INFO] PluginManage:310 - Check plugin tools
2025-06-16 20:44:08,591 [INFO] ThirdPartyUpdaterWithRetryManager:70 - Updater plugin not ready yet. [1/15]
2025-06-16 20:44:08,634 [INFO] PluginManage:359 - Loaded plugin tools (category:base,tabindex:7)
2025-06-16 20:44:08,635 [INFO] PluginManage:310 - Check plugin tutovideos
2025-06-16 20:44:08,807 [INFO] PluginManage:359 - Loaded plugin tutovideos (category:base,tabindex:-1)
2025-06-16 20:44:08,807 [INFO] PluginManage:310 - Check plugin updater
2025-06-16 20:44:08,827 [INFO] PluginManage:359 - Loaded plugin updater (category:base,tabindex:12)
2025-06-16 20:44:08,828 [INFO] PluginManage:310 - Check plugin userauth
2025-06-16 20:44:08,831 [INFO] UserAuth:118 - Init User Auth plugin
2025-06-16 20:44:08,832 [INFO] PluginManage:359 - Loaded plugin userauth (category:base,tabindex:14)
2025-06-16 20:44:08,832 [INFO] PluginManage:283 - PluginManage : Loaded plugins [18]
2025-06-16 20:44:09,176 [INFO] PinOutPanel:1589 - setPackage(No Configuration,No Configuration)
2025-06-16 20:44:09,352 [INFO] CADModel:165 - CPN selected for project level
2025-06-16 20:44:09,352 [INFO] CADModel:114 - Register for checkConnection events
2025-06-16 20:44:09,421 [INFO] IPUIPlugin:80 - create IPUIPlugin
2025-06-16 20:44:09,421 [INFO] PluginManager:220 - loadIPPluginJar : add adc
2025-06-16 20:44:09,509 [INFO] IPUIPlugin:80 - create IPUIPlugin
2025-06-16 20:44:09,510 [INFO] PluginManager:220 - loadIPPluginJar : add aes
2025-06-16 20:44:09,605 [INFO] IPUIPlugin:80 - create IPUIPlugin
2025-06-16 20:44:09,605 [INFO] PluginManager:220 - loadIPPluginJar : add can
2025-06-16 20:44:09,663 [INFO] IPUIPlugin:80 - create IPUIPlugin
2025-06-16 20:44:09,663 [INFO] PluginManager:220 - loadIPPluginJar : add comp
2025-06-16 20:44:09,733 [INFO] IPUIPlugin:80 - create IPUIPlugin
2025-06-16 20:44:09,733 [INFO] PluginManager:220 - loadIPPluginJar : add cryp
2025-06-16 20:44:09,754 [INFO] IPUIPlugin:80 - create IPUIPlugin
2025-06-16 20:44:09,754 [INFO] PluginManager:220 - loadIPPluginJar : add ddr_ctrl_phy
2025-06-16 20:44:09,816 [INFO] IPUIPlugin:80 - create IPUIPlugin
2025-06-16 20:44:09,816 [INFO] PluginManager:220 - loadIPPluginJar : add dfsdm
2025-06-16 20:44:09,843 [INFO] IPUIPlugin:80 - create IPUIPlugin
2025-06-16 20:44:09,844 [INFO] PluginManager:220 - loadIPPluginJar : add dma
2025-06-16 20:44:09,924 [INFO] IPUIPlugin:80 - create IPUIPlugin
2025-06-16 20:44:09,925 [INFO] PluginManager:220 - loadIPPluginJar : add dma3
2025-06-16 20:44:10,013 [INFO] IPUIPlugin:80 - create IPUIPlugin
2025-06-16 20:44:10,013 [INFO] PluginManager:220 - loadIPPluginJar : add extmemmanager
2025-06-16 20:44:10,067 [INFO] IPUIPlugin:80 - create IPUIPlugin
2025-06-16 20:44:10,067 [INFO] PluginManager:220 - loadIPPluginJar : add fatfs
2025-06-16 20:44:10,138 [INFO] IPUIPlugin:80 - create IPUIPlugin
2025-06-16 20:44:10,139 [INFO] PluginManager:220 - loadIPPluginJar : add fmc
2025-06-16 20:44:10,155 [INFO] IPUIPlugin:80 - create IPUIPlugin
2025-06-16 20:44:10,155 [INFO] PluginManager:220 - loadIPPluginJar : add freertos
2025-06-16 20:44:10,192 [INFO] IPUIPlugin:80 - create IPUIPlugin
2025-06-16 20:44:10,193 [INFO] PluginManager:220 - loadIPPluginJar : add genericplugin
2025-06-16 20:44:10,328 [INFO] IPUIPlugin:80 - create IPUIPlugin
2025-06-16 20:44:10,328 [INFO] PluginManager:220 - loadIPPluginJar : add gfxmmu
2025-06-16 20:44:10,519 [INFO] IPUIPlugin:80 - create IPUIPlugin
2025-06-16 20:44:10,519 [INFO] PluginManager:220 - loadIPPluginJar : add gic
2025-06-16 20:44:10,535 [INFO] IPUIPlugin:80 - create IPUIPlugin
2025-06-16 20:44:10,535 [INFO] PluginManager:220 - loadIPPluginJar : add gpio
2025-06-16 20:44:10,661 [INFO] IPUIPlugin:80 - create IPUIPlugin
2025-06-16 20:44:10,661 [INFO] PluginManager:220 - loadIPPluginJar : add gtzc
2025-06-16 20:44:10,702 [INFO] IPUIPlugin:80 - create IPUIPlugin
2025-06-16 20:44:10,702 [INFO] PluginManager:220 - loadIPPluginJar : add hash
2025-06-16 20:44:10,767 [INFO] IPUIPlugin:80 - create IPUIPlugin
2025-06-16 20:44:10,767 [INFO] PluginManager:220 - loadIPPluginJar : add i2c
2025-06-16 20:44:10,816 [INFO] IPUIPlugin:80 - create IPUIPlugin
2025-06-16 20:44:10,816 [INFO] PluginManager:220 - loadIPPluginJar : add i2s
2025-06-16 20:44:10,870 [INFO] IPUIPlugin:80 - create IPUIPlugin
2025-06-16 20:44:10,871 [INFO] PluginManager:220 - loadIPPluginJar : add i3c
2025-06-16 20:44:10,997 [INFO] IPUIPlugin:80 - create IPUIPlugin
2025-06-16 20:44:10,997 [INFO] PluginManager:220 - loadIPPluginJar : add ipddr
2025-06-16 20:44:11,139 [INFO] IPUIPlugin:80 - create IPUIPlugin
2025-06-16 20:44:11,140 [INFO] PluginManager:220 - loadIPPluginJar : add linkedlist
2025-06-16 20:44:11,196 [INFO] IPUIPlugin:80 - create IPUIPlugin
2025-06-16 20:44:11,196 [INFO] PluginManager:220 - loadIPPluginJar : add lorawan
2025-06-16 20:44:11,261 [INFO] IPUIPlugin:80 - create IPUIPlugin
2025-06-16 20:44:11,261 [INFO] PluginManager:220 - loadIPPluginJar : add ltdc
2025-06-16 20:44:11,294 [INFO] IPUIPlugin:80 - create IPUIPlugin
2025-06-16 20:44:11,295 [INFO] PluginManager:220 - loadIPPluginJar : add mdma
2025-06-16 20:44:11,317 [INFO] IPUIPlugin:80 - create IPUIPlugin
2025-06-16 20:44:11,318 [INFO] PluginManager:220 - loadIPPluginJar : add nvic
2025-06-16 20:44:11,398 [INFO] IPUIPlugin:80 - create IPUIPlugin
2025-06-16 20:44:11,398 [INFO] PluginManager:220 - loadIPPluginJar : add opamp
2025-06-16 20:44:11,538 [INFO] IPUIPlugin:80 - create IPUIPlugin
2025-06-16 20:44:11,538 [INFO] PluginManager:220 - loadIPPluginJar : add openamp
2025-06-16 20:44:11,592 [INFO] ThirdPartyUpdaterWithRetryManager:70 - Updater plugin not ready yet. [2/15]
2025-06-16 20:44:11,615 [INFO] IPUIPlugin:80 - create IPUIPlugin
2025-06-16 20:44:11,615 [INFO] PluginManager:220 - loadIPPluginJar : add pdm2pcm
2025-06-16 20:44:11,632 [INFO] IPUIPlugin:80 - create IPUIPlugin
2025-06-16 20:44:11,633 [INFO] PluginManager:220 - loadIPPluginJar : add plateformsettings
2025-06-16 20:44:11,675 [INFO] IPUIPlugin:80 - create IPUIPlugin
2025-06-16 20:44:11,675 [INFO] PluginManager:220 - loadIPPluginJar : add quadspi
2025-06-16 20:44:11,712 [INFO] IPUIPlugin:80 - create IPUIPlugin
2025-06-16 20:44:11,713 [INFO] PluginManager:220 - loadIPPluginJar : add radio
2025-06-16 20:44:11,726 [INFO] IPUIPlugin:80 - create IPUIPlugin
2025-06-16 20:44:11,726 [INFO] PluginManager:220 - loadIPPluginJar : add resmgrutility
2025-06-16 20:44:11,779 [INFO] IPUIPlugin:80 - create IPUIPlugin
2025-06-16 20:44:11,780 [INFO] PluginManager:220 - loadIPPluginJar : add sai
2025-06-16 20:44:11,820 [INFO] IPUIPlugin:80 - create IPUIPlugin
2025-06-16 20:44:11,821 [INFO] PluginManager:220 - loadIPPluginJar : add spi
2025-06-16 20:44:11,907 [INFO] IPUIPlugin:80 - create IPUIPlugin
2025-06-16 20:44:11,907 [INFO] PluginManager:220 - loadIPPluginJar : add stm32_wpan
2025-06-16 20:44:11,938 [INFO] IPUIPlugin:80 - create IPUIPlugin
2025-06-16 20:44:11,938 [INFO] PluginManager:220 - loadIPPluginJar : add tim
2025-06-16 20:44:12,008 [INFO] IPUIPlugin:80 - create IPUIPlugin
2025-06-16 20:44:12,008 [INFO] PluginManager:220 - loadIPPluginJar : add touchsensing
2025-06-16 20:44:12,037 [INFO] IPUIPlugin:80 - create IPUIPlugin
2025-06-16 20:44:12,037 [INFO] PluginManager:220 - loadIPPluginJar : add tracer_emb
2025-06-16 20:44:12,072 [INFO] IPUIPlugin:80 - create IPUIPlugin
2025-06-16 20:44:12,072 [INFO] PluginManager:220 - loadIPPluginJar : add ts
2025-06-16 20:44:12,104 [INFO] IPUIPlugin:80 - create IPUIPlugin
2025-06-16 20:44:12,104 [INFO] PluginManager:220 - loadIPPluginJar : add tsc
2025-06-16 20:44:12,134 [INFO] IPUIPlugin:80 - create IPUIPlugin
2025-06-16 20:44:12,134 [INFO] PluginManager:220 - loadIPPluginJar : add ucpd
2025-06-16 20:44:12,200 [INFO] IPUIPlugin:80 - create IPUIPlugin
2025-06-16 20:44:12,200 [INFO] PluginManager:220 - loadIPPluginJar : add usart
2025-06-16 20:44:12,260 [INFO] IPUIPlugin:80 - create IPUIPlugin
2025-06-16 20:44:12,260 [INFO] PluginManager:220 - loadIPPluginJar : add usbx
2025-06-16 20:44:12,397 [FATAL] Updater:351 - Updater called before beeing initialized
2025-06-16 20:44:12,445 [INFO] RulesReader:64 - Compatibility file has been processed (297 Rules)
2025-06-16 20:44:12,463 [INFO] RulesReader:64 - Compatibility file has been processed (297 Rules)
2025-06-16 20:44:12,475 [INFO] CADModel:165 - CPN selected for project level
2025-06-16 20:44:12,476 [INFO] CADModel:114 - Register for checkConnection events
2025-06-16 20:44:12,476 [FATAL] Updater:351 - Updater called before beeing initialized
2025-06-16 20:44:12,476 [ERROR] CADModel:125 - Updater not yet initialized, retry later 
2025-06-16 20:44:12,628 [FATAL] Updater:351 - Updater called before beeing initialized
2025-06-16 20:44:12,630 [INFO] CADModel:165 - CPN selected for project level
2025-06-16 20:44:12,630 [INFO] CADModel:114 - Register for checkConnection events
2025-06-16 20:44:12,630 [FATAL] Updater:351 - Updater called before beeing initialized
2025-06-16 20:44:12,630 [ERROR] CADModel:125 - Updater not yet initialized, retry later 
2025-06-16 20:44:12,632 [FATAL] Updater:351 - Updater called before beeing initialized
2025-06-16 20:44:12,748 [FATAL] Updater:351 - Updater called before beeing initialized
2025-06-16 20:44:12,759 [INFO] DbMcusAds:53 - JSON generation date=Wed May 07 11:07:55 CEST 2025 (1746608875484)
2025-06-16 20:44:12,759 [FATAL] Updater:351 - Updater called before beeing initialized
2025-06-16 20:44:12,796 [WARN] DetailPanel:346 - Failed to get advertising image, set to default
2025-06-16 20:44:13,034 [FATAL] Updater:351 - Updater called before beeing initialized
2025-06-16 20:44:13,036 [FATAL] Updater:351 - Updater called before beeing initialized
2025-06-16 20:44:13,036 [FATAL] Updater:351 - Updater called before beeing initialized
2025-06-16 20:44:13,036 [WARN] DetailPanel:346 - Failed to get advertising image, set to default
2025-06-16 20:44:13,036 [FATAL] Updater:351 - Updater called before beeing initialized
2025-06-16 20:44:13,097 [ERROR] Updater:1198 - MainUpdater not yet initialized. External WinMGr cannot be set.
2025-06-16 20:44:13,109 [INFO] Updater:1134 - Updater Version found : 6.13.0
2025-06-16 20:44:13,125 [INFO] ApplicationProperties:184 - Using Application install path: C:\ST\STM32CubeIDE_1.16.1\STM32CubeIDE\plugins\com.st.stm32cube.common.mx_6.13.0.202411220809
2025-06-16 20:44:14,599 [INFO] ThirdPartyUpdaterWithRetryManager:70 - Updater plugin not ready yet. [3/15]
2025-06-16 20:44:14,715 [ERROR] LogOutputStream:75 - [STDERR_REDIRECT] Jun 16, 2025 8:44:14 PM java.util.prefs.WindowsPreferences <init>
2025-06-16 20:44:14,716 [ERROR] LogOutputStream:75 - [STDERR_REDIRECT] WARNING: Could not open/create prefs root node Software\JavaSoft\Prefs at root 0xffffffff80000002. Windows RegCreateKeyEx(...) returned error code 5.
2025-06-16 20:44:14,718 [ERROR] LogOutputStream:75 - [STDERR_REDIRECT] 
2025-06-16 20:44:15,492 [INFO] MainUpdater:2872 - connection check result : 10
2025-06-16 20:44:15,492 [INFO] MainUpdater:289 - Updater Check For Update Now.
2025-06-16 20:44:15,492 [INFO] MicroXplorer:498 - Change Database Version : DB.6.0.130
2025-06-16 20:44:15,512 [INFO] McuFinderGlobals:63 - Set McuFinder mode to 2 (CubeIDE integrated)
2025-06-16 20:44:15,524 [INFO] UserAuth:486 - Internet connection configuration mode: 1
2025-06-16 20:44:15,566 [INFO] JxBrowserEngine:152 - Initiate JxBrowser Engine with user profile folder
2025-06-16 20:44:15,738 [INFO] CheckServerUpdateThread:120 - End of CheckServer Thread
2025-06-16 20:44:16,695 [INFO] WebApp:168 - Instantiating new browser for Auth
2025-06-16 20:44:17,857 [INFO] WebApp:449 - Apply proxy settings
2025-06-16 20:44:17,857 [INFO] WebApp:534 - Chromium requires no authentication
2025-06-16 20:44:17,875 [INFO] WebApp:477 - Direct internet connection detected
2025-06-16 20:44:17,911 [INFO] WebApp:880 - Register for checkConnection events
2025-06-16 20:44:17,911 [INFO] WebApp:449 - Apply proxy settings
2025-06-16 20:44:17,912 [INFO] WebApp:534 - Chromium requires no authentication
2025-06-16 20:44:17,912 [INFO] WebApp:477 - Direct internet connection detected
2025-06-16 20:44:18,136 [WARN] PackLoader:240 - Cannot read IP mode file for STMicroelectronics.FP-SNS-MOTENVWB1.1.4.0
2025-06-16 20:44:18,159 [WARN] PackLoader:240 - Cannot read IP mode file for STMicroelectronics.FP-ATR-ASTRA1.2.0.2
2025-06-16 20:44:18,172 [WARN] PackLoader:240 - Cannot read IP mode file for STMicroelectronics.FP-ATR-ASTRA1.2.0.1
2025-06-16 20:44:18,178 [INFO] WebApp:221 - Starting web application
2025-06-16 20:44:18,178 [INFO] WebApp:579 - Web application path used C:\ST\STM32CubeIDE_1.16.1\STM32CubeIDE\plugins\com.st.stm32cube.common.mx_6.13.0.202411220809\db\plugins\mcufinder\reactClient1\index.html
2025-06-16 20:44:18,197 [WARN] PackLoader:240 - Cannot read IP mode file for STMicroelectronics.X-CUBE-SMBUS.2.1.0
2025-06-16 20:44:18,221 [WARN] PackLoader:240 - Cannot read IP mode file for STMicroelectronics.X-CUBE-WB05N.1.1.0
2025-06-16 20:44:18,249 [WARN] PackLoader:240 - Cannot read IP mode file for STMicroelectronics.X-CUBE-ST60.1.0.0
2025-06-16 20:44:18,314 [WARN] PackLoader:240 - Cannot read IP mode file for STMicroelectronics.X-CUBE-AZRTOS-F7.1.1.0
2025-06-16 20:44:18,404 [WARN] PackLoader:240 - Cannot read IP mode file for STMicroelectronics.FP-SNS-FLIGHT1.5.0.2
2025-06-16 20:44:18,427 [INFO] UserAuth:486 - Internet connection configuration mode: 1
2025-06-16 20:44:18,549 [WARN] PackLoader:240 - Cannot read IP mode file for Infineon.AIROC-Wi-Fi-Bluetooth-STM32.1.7.0
2025-06-16 20:44:18,581 [WARN] PackLoader:240 - Cannot read IP mode file for STMicroelectronics.X-CUBE-DISPLAY.3.0.0
2025-06-16 20:44:18,616 [WARN] PackLoader:240 - Cannot read IP mode file for STMicroelectronics.X-CUBE-BLE1.7.0.0
2025-06-16 20:44:18,635 [INFO] WebApp:187 - Connection restablished
2025-06-16 20:44:18,644 [WARN] PackLoader:240 - Cannot read IP mode file for STMicroelectronics.X-CUBE-NFC10.1.0.0
2025-06-16 20:44:18,678 [WARN] PackLoader:240 - Cannot read IP mode file for STMicroelectronics.X-CUBE-BLEMGR.4.0.0
2025-06-16 20:44:18,705 [WARN] PackLoader:240 - Cannot read IP mode file for emotas.I-CUBE-CANOPEN.1.3.0
2025-06-16 20:44:18,727 [WARN] PackLoader:240 - Cannot read IP mode file for STMicroelectronics.X-CUBE-AI.10.0.0
2025-06-16 20:44:18,747 [WARN] PackLoader:240 - Cannot read IP mode file for STMicroelectronics.FP-SNS-SMARTAG2.1.2.0
2025-06-16 20:44:18,766 [WARN] PackLoader:240 - Cannot read IP mode file for STMicroelectronics.FP-SNS-FLIGHT1.5.1.0
2025-06-16 20:44:18,844 [WARN] PackLoader:240 - Cannot read IP mode file for STMicroelectronics.X-CUBE-MEMS1.11.1.0
2025-06-16 20:44:19,065 [INFO] LogOutputStream:77 - [STDOUT_REDIRECT] 1 : Invalid condition id : UX_CORESTACK_Condition cause : null
2025-06-16 20:44:19,065 [INFO] LogOutputStream:77 - [STDOUT_REDIRECT] 1 : Invalid condition id : UX_CORESTACK_Condition cause : null
2025-06-16 20:44:19,067 [INFO] LogOutputStream:77 - [STDOUT_REDIRECT] 1 : Invalid condition id : UX_CORESTACK_Condition cause : null
2025-06-16 20:44:19,069 [INFO] LogOutputStream:77 - [STDOUT_REDIRECT] 1 : Invalid condition id : UX_CORESTACK_Condition cause : null
2025-06-16 20:44:19,071 [INFO] LogOutputStream:77 - [STDOUT_REDIRECT] 1 : Invalid condition id : UX_CORESTACK_Condition cause : null
2025-06-16 20:44:19,078 [WARN] PackLoader:240 - Cannot read IP mode file for STMicroelectronics.X-CUBE-AZRTOS-WL.2.0.0
2025-06-16 20:44:19,110 [WARN] PackLoader:240 - Cannot read IP mode file for STMicroelectronics.FP-SNS-MOTENV1.5.0.0
2025-06-16 20:44:19,139 [WARN] PackLoader:240 - Cannot read IP mode file for wolfSSL.I-CUBE-wolfMQTT.1.19.0
2025-06-16 20:44:19,166 [WARN] PackLoader:240 - Cannot read IP mode file for WES.I-CUBE-Cesium.1.3.0
2025-06-16 20:44:19,188 [WARN] PackLoader:240 - Cannot read IP mode file for STMicroelectronics.X-CUBE-BLE2.3.3.0
2025-06-16 20:44:19,217 [WARN] PackLoader:240 - Cannot read IP mode file for STMicroelectronics.X-CUBE-NFC9.1.0.0
2025-06-16 20:44:19,264 [WARN] PackLoader:240 - Cannot read IP mode file for STMicroelectronics.X-CUBE-BLE1.7.1.0
2025-06-16 20:44:19,285 [WARN] PackLoader:240 - Cannot read IP mode file for STMicroelectronics.X-CUBE-AI.10.1.0
2025-06-16 20:44:19,346 [WARN] PackLoader:240 - Cannot read IP mode file for STMicroelectronics.X-CUBE-MEMS1.11.2.0
2025-06-16 20:44:19,510 [WARN] PackLoader:240 - Cannot read IP mode file for STMicroelectronics.X-CUBE-AZRTOS-G0.1.1.0
2025-06-16 20:44:19,545 [WARN] PackLoader:240 - Cannot read IP mode file for STMicroelectronics.X-CUBE-SAFEA1.1.2.2
2025-06-16 20:44:19,567 [WARN] PackLoader:240 - Cannot read IP mode file for STMicroelectronics.X-CUBE-NFC4.3.0.0
2025-06-16 20:44:19,613 [WARN] PackLoader:240 - Cannot read IP mode file for EmbeddedOffice.I-CUBE-FS-RTOS.1.0.1
2025-06-16 20:44:19,634 [WARN] PackLoader:240 - Cannot read IP mode file for STMicroelectronics.X-CUBE-WB05N.2.0.0
2025-06-16 20:44:19,657 [WARN] PackLoader:240 - Cannot read IP mode file for STMicroelectronics.X-CUBE-TCPP.4.2.0
2025-06-16 20:44:19,680 [WARN] PackLoader:240 - Cannot read IP mode file for RealThread.X-CUBE-RT-Thread_Nano.4.1.1
2025-06-16 20:44:19,699 [WARN] PackLoader:240 - Cannot read IP mode file for STMicroelectronics.FP-ATR-SIGFOX1.3.2.0
2025-06-16 20:44:19,719 [WARN] ConditionMgr:438 - getConditionDescription Invalid condition id : Cortex-A Device cause : null
2025-06-16 20:44:19,755 [WARN] ConditionMgr:1044 - genDependencies : Invalid condition id : Cortex-A Device cause : null
2025-06-16 20:44:19,756 [WARN] ConditionMgr:1044 - genDependencies : Invalid condition id : Cortex-A Device cause : null
2025-06-16 20:44:19,756 [WARN] ConditionMgr:1044 - genDependencies : Invalid condition id : Cortex-A Device cause : null
2025-06-16 20:44:19,787 [WARN] PackLoader:240 - Cannot read IP mode file for STMicroelectronics.X-CUBE-EEPRMA1.5.1.0
2025-06-16 20:44:19,808 [ERROR] LogOutputStream:75 - [STDERR_REDIRECT] [Fatal Error] :1:1: Premature end of file.
2025-06-16 20:44:19,809 [ERROR] LogOutputStream:75 - [STDERR_REDIRECT] 
2025-06-16 20:44:19,811 [WARN] PackLoader:240 - Cannot read IP mode file for wolfSSL.I-CUBE-wolfSSL.5.7.4
2025-06-16 20:44:19,833 [WARN] PackLoader:240 - Cannot read IP mode file for ITTIA_DB.I-CUBE-ITTIADB.8.9.0
2025-06-16 20:44:19,861 [WARN] PackLoader:240 - Cannot read IP mode file for STMicroelectronics.X-CUBE-ST67W61.1.0.0
2025-06-16 20:44:19,932 [WARN] PackLoader:240 - Cannot read IP mode file for SEGGER.I-CUBE-embOS.1.3.1
2025-06-16 20:44:19,993 [WARN] PackLoader:240 - Cannot read IP mode file for STMicroelectronics.X-CUBE-ALGOBUILD.1.4.0
2025-06-16 20:44:20,068 [WARN] PackLoader:240 - Cannot read IP mode file for STMicroelectronics.X-CUBE-MEMS1.11.3.0
2025-06-16 20:44:20,224 [WARN] PackLoader:240 - Cannot read IP mode file for STMicroelectronics.X-CUBE-AI.9.1.0
2025-06-16 20:44:20,254 [WARN] PackLoader:240 - Cannot read IP mode file for STMicroelectronics.X-CUBE-AZRTOS-F4.1.1.0
2025-06-16 20:44:20,275 [WARN] PackLoader:240 - Cannot read IP mode file for Avnet-IotConnect.X-CUBE-IoTC-DA16k-PMOD.1.0.0
2025-06-16 20:44:20,292 [WARN] PackLoader:240 - Cannot read IP mode file for STMicroelectronics.X-CUBE-ISPU.2.1.0
2025-06-16 20:44:20,324 [WARN] PackLoader:240 - Cannot read IP mode file for STMicroelectronics.X-CUBE-AZRTOS-L5.2.0.0
2025-06-16 20:44:20,345 [WARN] PackLoader:240 - Cannot read IP mode file for STMicroelectronics.X-CUBE-NFC6.3.1.0
2025-06-16 20:44:20,367 [WARN] PackLoader:240 - Cannot read IP mode file for STMicroelectronics.X-CUBE-DPower.1.2.0
2025-06-16 20:44:20,388 [WARN] PackLoader:240 - Cannot read IP mode file for STMicroelectronics.X-CUBE-FREERTOS.1.3.1
2025-06-16 20:44:20,404 [WARN] PackLoader:240 - Cannot read IP mode file for STMicroelectronics.X-CUBE-FREERTOS.1.3.0
2025-06-16 20:44:20,428 [WARN] PackLoader:240 - Cannot read IP mode file for STMicroelectronics.X-CUBE-NFC7.1.0.1
2025-06-16 20:44:20,450 [WARN] PackLoader:240 - Cannot read IP mode file for STMicroelectronics.X-CUBE-DPower.1.3.0
2025-06-16 20:44:20,493 [WARN] ConditionMgr:438 - getConditionDescription Invalid condition id : LAN8742 Phy interface Condition cause : null
2025-06-16 20:44:20,495 [WARN] PackLoader:240 - Cannot read IP mode file for STMicroelectronics.X-CUBE-AZRTOS-L4.2.0.0
2025-06-16 20:44:20,497 [WARN] ConditionMgr:1044 - genDependencies : Invalid condition id : LAN8742 Phy interface Condition cause : null
2025-06-16 20:44:20,498 [WARN] ConditionMgr:1044 - genDependencies : Invalid condition id : LAN8742 Phy interface Condition cause : null
2025-06-16 20:44:20,498 [WARN] ConditionMgr:1044 - genDependencies : Invalid condition id : LAN8742 Phy interface Condition cause : null
2025-06-16 20:44:20,527 [WARN] PackLoader:240 - Cannot read IP mode file for STMicroelectronics.X-CUBE-SFXS2LP1.4.0.0
2025-06-16 20:44:20,572 [WARN] PackLoader:240 - Cannot read IP mode file for STMicroelectronics.X-CUBE-AZRTOS-H7.3.3.0
2025-06-16 20:44:20,629 [WARN] ConditionMgr:438 - getConditionDescription Invalid condition id : UX DEVICE CLASS RTOS Condition cause : null
2025-06-16 20:44:20,629 [WARN] ConditionMgr:438 - getConditionDescription Invalid condition id : UX DEVICE CLASS RTOS Condition cause : null
2025-06-16 20:44:20,631 [WARN] PackLoader:240 - Cannot read IP mode file for STMicroelectronics.X-CUBE-AZRTOS-WB.2.0.0
2025-06-16 20:44:20,633 [WARN] ConditionMgr:1044 - genDependencies : Invalid condition id : UX DEVICE CLASS RTOS Condition cause : null
2025-06-16 20:44:20,633 [WARN] ConditionMgr:1044 - genDependencies : Invalid condition id : UX DEVICE CLASS RTOS Condition cause : null
2025-06-16 20:44:20,634 [WARN] ConditionMgr:1044 - genDependencies : Invalid condition id : UX DEVICE CLASS RTOS Condition cause : null
2025-06-16 20:44:20,634 [WARN] ConditionMgr:1044 - genDependencies : Invalid condition id : UX DEVICE CLASS RTOS Condition cause : null
2025-06-16 20:44:20,634 [WARN] ConditionMgr:1044 - genDependencies : Invalid condition id : UX DEVICE CLASS RTOS Condition cause : null
2025-06-16 20:44:20,663 [WARN] PackLoader:240 - Cannot read IP mode file for STMicroelectronics.X-CUBE-GNSS1.7.0.1
2025-06-16 20:44:20,687 [WARN] PackLoader:240 - Cannot read IP mode file for STMicroelectronics.X-CUBE-TOUCHGFX.4.25.0
2025-06-16 20:44:20,712 [WARN] PackLoader:240 - Cannot read IP mode file for STMicroelectronics.FP-SNS-STBOX1.2.0.0
2025-06-16 20:44:20,754 [WARN] PackLoader:240 - Cannot read IP mode file for STMicroelectronics.X-CUBE-SUBG2.5.0.0
2025-06-16 20:44:20,803 [ERROR] LogOutputStream:75 - [STDERR_REDIRECT] [Fatal Error] :1:1: Premature end of file.
2025-06-16 20:44:20,803 [ERROR] LogOutputStream:75 - [STDERR_REDIRECT] 
2025-06-16 20:44:20,849 [WARN] PackLoader:240 - Cannot read IP mode file for STMicroelectronics.X-CUBE-AZRTOS-H7RS.1.1.0
2025-06-16 20:44:20,873 [WARN] PackLoader:240 - Cannot read IP mode file for Cesanta.I-CUBE-Mongoose.7.13.0
2025-06-16 20:44:20,907 [WARN] PackLoader:240 - Cannot read IP mode file for STMicroelectronics.X-CUBE-AZRTOS-G4.2.0.0
2025-06-16 20:44:20,933 [WARN] PackLoader:240 - Cannot read IP mode file for STMicroelectronics.X-CUBE-NFC7.2.0.0
2025-06-16 20:44:20,986 [WARN] PackLoader:240 - Cannot read IP mode file for STMicroelectronics.X-CUBE-IPS.3.1.0
2025-06-16 20:44:21,029 [WARN] PackLoader:240 - Cannot read IP mode file for STMicroelectronics.X-CUBE-ALS.1.0.2
2025-06-16 20:44:21,130 [WARN] PackLoader:240 - Cannot read IP mode file for STMicroelectronics.X-CUBE-MEMS1.10.0.0
2025-06-16 20:44:21,836 [WARN] PackLoader:240 - Cannot read IP mode file for STMicroelectronics.X-CUBE-TOUCHGFX.4.24.2
2025-06-16 20:44:21,871 [WARN] PackLoader:240 - Cannot read IP mode file for wolfSSL.I-CUBE-wolfTPM.3.4.0
2025-06-16 20:44:21,898 [ERROR] LogOutputStream:75 - [STDERR_REDIRECT] [Fatal Error] :1:1: Premature end of file.
2025-06-16 20:44:21,898 [ERROR] LogOutputStream:75 - [STDERR_REDIRECT] 
2025-06-16 20:44:21,933 [WARN] PackLoader:240 - Cannot read IP mode file for portGmbH.I-Cube-SoM-uGOAL.1.1.0
2025-06-16 20:44:22,029 [WARN] PackLoader:240 - Cannot read IP mode file for STMicroelectronics.X-CUBE-AZRTOS-H7RS.1.0.0
2025-06-16 20:44:22,087 [WARN] PackLoader:240 - Cannot read IP mode file for STMicroelectronics.X-CUBE-TOF1.3.4.2
2025-06-16 20:44:22,152 [WARN] PackLoader:240 - Cannot read IP mode file for STMicroelectronics.X-CUBE-TOF1.3.4.3
2025-06-16 20:44:22,220 [WARN] PackLoader:240 - Cannot read IP mode file for wolfSSL.I-CUBE-wolfSSH.1.4.17
2025-06-16 20:44:22,221 [INFO] ThirdParty:978 - Integrity check success = true
2025-06-16 20:44:22,221 [INFO] IntegrityCheckThread:100 - exiting critical section [integrity check]
2025-06-16 20:44:22,221 [INFO] IntegrityCheckThread:103 - End integrity checks thread
2025-06-16 20:44:22,743 [ERROR] LogOutputStream:75 - [STDERR_REDIRECT] [Fatal Error] :1:1: Premature end of file.
2025-06-16 20:44:22,743 [ERROR] LogOutputStream:75 - [STDERR_REDIRECT] 
2025-06-16 20:44:23,846 [ERROR] LogOutputStream:75 - [STDERR_REDIRECT] [Fatal Error] :1:1: Premature end of file.
2025-06-16 20:44:23,846 [ERROR] LogOutputStream:75 - [STDERR_REDIRECT] 
2025-06-16 20:44:24,729 [ERROR] LogOutputStream:75 - [STDERR_REDIRECT] [Fatal Error] :1:1: Premature end of file.
2025-06-16 20:44:24,730 [ERROR] LogOutputStream:75 - [STDERR_REDIRECT] 
2025-06-16 20:44:25,727 [ERROR] LogOutputStream:75 - [STDERR_REDIRECT] [Fatal Error] :1:1: Premature end of file.
2025-06-16 20:44:25,727 [ERROR] LogOutputStream:75 - [STDERR_REDIRECT] 
2025-06-16 20:44:26,740 [ERROR] LogOutputStream:75 - [STDERR_REDIRECT] [Fatal Error] :1:1: Premature end of file.
2025-06-16 20:44:26,740 [ERROR] LogOutputStream:75 - [STDERR_REDIRECT] 
2025-06-16 20:44:27,746 [ERROR] LogOutputStream:75 - [STDERR_REDIRECT] [Fatal Error] :1:1: Premature end of file.
2025-06-16 20:44:27,746 [ERROR] LogOutputStream:75 - [STDERR_REDIRECT] 
2025-06-16 20:44:28,730 [ERROR] LogOutputStream:75 - [STDERR_REDIRECT] [Fatal Error] :1:1: Premature end of file.
2025-06-16 20:44:28,731 [ERROR] LogOutputStream:75 - [STDERR_REDIRECT] 
2025-06-16 20:44:29,732 [ERROR] LogOutputStream:75 - [STDERR_REDIRECT] [Fatal Error] :1:1: Premature end of file.
2025-06-16 20:44:29,732 [ERROR] LogOutputStream:75 - [STDERR_REDIRECT] 
2025-06-16 20:44:30,729 [ERROR] LogOutputStream:75 - [STDERR_REDIRECT] [Fatal Error] :1:1: Premature end of file.
2025-06-16 20:44:30,730 [ERROR] LogOutputStream:75 - [STDERR_REDIRECT] 
2025-06-16 20:44:31,729 [ERROR] LogOutputStream:75 - [STDERR_REDIRECT] [Fatal Error] :1:1: Premature end of file.
2025-06-16 20:44:31,729 [ERROR] LogOutputStream:75 - [STDERR_REDIRECT] 
2025-06-16 20:44:32,734 [ERROR] LogOutputStream:75 - [STDERR_REDIRECT] [Fatal Error] :1:1: Premature end of file.
2025-06-16 20:44:32,734 [ERROR] LogOutputStream:75 - [STDERR_REDIRECT] 
2025-06-16 20:44:33,729 [ERROR] LogOutputStream:75 - [STDERR_REDIRECT] [Fatal Error] :1:1: Premature end of file.
2025-06-16 20:44:33,729 [ERROR] LogOutputStream:75 - [STDERR_REDIRECT] 
2025-06-16 20:44:34,731 [ERROR] LogOutputStream:75 - [STDERR_REDIRECT] [Fatal Error] :1:1: Premature end of file.
2025-06-16 20:44:34,731 [ERROR] LogOutputStream:75 - [STDERR_REDIRECT] 
2025-06-16 20:44:35,745 [ERROR] LogOutputStream:75 - [STDERR_REDIRECT] [Fatal Error] :1:1: Premature end of file.
2025-06-16 20:44:35,746 [ERROR] LogOutputStream:75 - [STDERR_REDIRECT] 
2025-06-16 20:44:36,741 [ERROR] LogOutputStream:75 - [STDERR_REDIRECT] [Fatal Error] :1:1: Premature end of file.
2025-06-16 20:44:36,741 [ERROR] LogOutputStream:75 - [STDERR_REDIRECT] 
2025-06-16 20:44:37,735 [ERROR] LogOutputStream:75 - [STDERR_REDIRECT] [Fatal Error] :1:1: Premature end of file.
2025-06-16 20:44:37,735 [ERROR] LogOutputStream:75 - [STDERR_REDIRECT] 
2025-06-16 20:44:38,731 [ERROR] LogOutputStream:75 - [STDERR_REDIRECT] [Fatal Error] :1:1: Premature end of file.
2025-06-16 20:44:38,732 [ERROR] LogOutputStream:75 - [STDERR_REDIRECT] 
2025-06-16 20:44:39,736 [ERROR] LogOutputStream:75 - [STDERR_REDIRECT] [Fatal Error] :1:1: Premature end of file.
2025-06-16 20:44:39,736 [ERROR] LogOutputStream:75 - [STDERR_REDIRECT] 
2025-06-16 20:44:40,739 [ERROR] LogOutputStream:75 - [STDERR_REDIRECT] [Fatal Error] :1:1: Premature end of file.
2025-06-16 20:44:40,740 [ERROR] LogOutputStream:75 - [STDERR_REDIRECT] 
2025-06-16 20:44:41,740 [ERROR] LogOutputStream:75 - [STDERR_REDIRECT] [Fatal Error] :1:1: Premature end of file.
2025-06-16 20:44:41,740 [ERROR] LogOutputStream:75 - [STDERR_REDIRECT] 
2025-06-16 20:44:42,754 [ERROR] LogOutputStream:75 - [STDERR_REDIRECT] [Fatal Error] :1:1: Premature end of file.
2025-06-16 20:44:42,755 [ERROR] LogOutputStream:75 - [STDERR_REDIRECT] 
2025-06-16 20:44:43,735 [ERROR] LogOutputStream:75 - [STDERR_REDIRECT] [Fatal Error] :1:1: Premature end of file.
2025-06-16 20:44:43,735 [ERROR] LogOutputStream:75 - [STDERR_REDIRECT] 
2025-06-16 20:44:44,732 [ERROR] LogOutputStream:75 - [STDERR_REDIRECT] [Fatal Error] :1:1: Premature end of file.
2025-06-16 20:44:44,732 [ERROR] LogOutputStream:75 - [STDERR_REDIRECT] 
2025-06-16 20:44:45,728 [ERROR] LogOutputStream:75 - [STDERR_REDIRECT] [Fatal Error] :1:1: Premature end of file.
2025-06-16 20:44:45,729 [ERROR] LogOutputStream:75 - [STDERR_REDIRECT] 
2025-06-16 20:44:46,739 [ERROR] LogOutputStream:75 - [STDERR_REDIRECT] [Fatal Error] :1:1: Premature end of file.
2025-06-16 20:44:46,739 [ERROR] LogOutputStream:75 - [STDERR_REDIRECT] 
2025-06-16 20:44:47,730 [ERROR] LogOutputStream:75 - [STDERR_REDIRECT] [Fatal Error] :1:1: Premature end of file.
2025-06-16 20:44:47,730 [ERROR] LogOutputStream:75 - [STDERR_REDIRECT] 
2025-06-16 20:44:48,729 [ERROR] LogOutputStream:75 - [STDERR_REDIRECT] [Fatal Error] :1:1: Premature end of file.
2025-06-16 20:44:48,729 [ERROR] LogOutputStream:75 - [STDERR_REDIRECT] 
2025-06-16 20:44:49,735 [ERROR] LogOutputStream:75 - [STDERR_REDIRECT] [Fatal Error] :1:1: Premature end of file.
2025-06-16 20:44:49,735 [ERROR] LogOutputStream:75 - [STDERR_REDIRECT] 
2025-06-16 20:44:50,724 [ERROR] LogOutputStream:75 - [STDERR_REDIRECT] [Fatal Error] :1:1: Premature end of file.
2025-06-16 20:44:50,724 [ERROR] LogOutputStream:75 - [STDERR_REDIRECT] 
2025-06-16 20:44:51,739 [ERROR] LogOutputStream:75 - [STDERR_REDIRECT] [Fatal Error] :1:1: Premature end of file.
2025-06-16 20:44:51,739 [ERROR] LogOutputStream:75 - [STDERR_REDIRECT] 
2025-06-16 20:44:52,729 [ERROR] LogOutputStream:75 - [STDERR_REDIRECT] [Fatal Error] :1:1: Premature end of file.
2025-06-16 20:44:52,729 [ERROR] LogOutputStream:75 - [STDERR_REDIRECT] 
2025-06-16 20:44:53,727 [ERROR] LogOutputStream:75 - [STDERR_REDIRECT] [Fatal Error] :1:1: Premature end of file.
2025-06-16 20:44:53,727 [ERROR] LogOutputStream:75 - [STDERR_REDIRECT] 
2025-06-16 20:44:54,730 [ERROR] LogOutputStream:75 - [STDERR_REDIRECT] [Fatal Error] :1:1: Premature end of file.
2025-06-16 20:44:54,730 [ERROR] LogOutputStream:75 - [STDERR_REDIRECT] 
2025-06-16 20:44:55,728 [ERROR] LogOutputStream:75 - [STDERR_REDIRECT] [Fatal Error] :1:1: Premature end of file.
2025-06-16 20:44:55,728 [ERROR] LogOutputStream:75 - [STDERR_REDIRECT] 
2025-06-16 20:44:56,725 [ERROR] LogOutputStream:75 - [STDERR_REDIRECT] [Fatal Error] :1:1: Premature end of file.
2025-06-16 20:44:56,725 [ERROR] LogOutputStream:75 - [STDERR_REDIRECT] 
2025-06-16 20:44:57,737 [ERROR] LogOutputStream:75 - [STDERR_REDIRECT] [Fatal Error] :1:1: Premature end of file.
2025-06-16 20:44:57,737 [ERROR] LogOutputStream:75 - [STDERR_REDIRECT] 
2025-06-16 20:44:58,734 [ERROR] LogOutputStream:75 - [STDERR_REDIRECT] [Fatal Error] :1:1: Premature end of file.
2025-06-16 20:44:58,734 [ERROR] LogOutputStream:75 - [STDERR_REDIRECT] 
2025-06-16 20:44:59,731 [ERROR] LogOutputStream:75 - [STDERR_REDIRECT] [Fatal Error] :1:1: Premature end of file.
2025-06-16 20:44:59,732 [ERROR] LogOutputStream:75 - [STDERR_REDIRECT] 
2025-06-16 20:45:00,727 [ERROR] LogOutputStream:75 - [STDERR_REDIRECT] [Fatal Error] :1:1: Premature end of file.
2025-06-16 20:45:00,727 [ERROR] LogOutputStream:75 - [STDERR_REDIRECT] 
2025-06-16 20:45:01,735 [ERROR] LogOutputStream:75 - [STDERR_REDIRECT] [Fatal Error] :1:1: Premature end of file.
2025-06-16 20:45:01,735 [ERROR] LogOutputStream:75 - [STDERR_REDIRECT] 
2025-06-16 20:45:02,735 [ERROR] LogOutputStream:75 - [STDERR_REDIRECT] [Fatal Error] :1:1: Premature end of file.
2025-06-16 20:45:02,735 [ERROR] LogOutputStream:75 - [STDERR_REDIRECT] 
2025-06-16 20:45:03,725 [ERROR] LogOutputStream:75 - [STDERR_REDIRECT] [Fatal Error] :1:1: Premature end of file.
2025-06-16 20:45:03,725 [ERROR] LogOutputStream:75 - [STDERR_REDIRECT] 
2025-06-16 20:45:04,728 [ERROR] LogOutputStream:75 - [STDERR_REDIRECT] [Fatal Error] :1:1: Premature end of file.
2025-06-16 20:45:04,728 [ERROR] LogOutputStream:75 - [STDERR_REDIRECT] 
2025-06-16 20:45:05,734 [ERROR] LogOutputStream:75 - [STDERR_REDIRECT] [Fatal Error] :1:1: Premature end of file.
2025-06-16 20:45:05,735 [ERROR] LogOutputStream:75 - [STDERR_REDIRECT] 
2025-06-16 20:45:06,745 [ERROR] LogOutputStream:75 - [STDERR_REDIRECT] [Fatal Error] :1:1: Premature end of file.
2025-06-16 20:45:06,747 [ERROR] LogOutputStream:75 - [STDERR_REDIRECT] 
2025-06-16 20:45:07,734 [ERROR] LogOutputStream:75 - [STDERR_REDIRECT] [Fatal Error] :1:1: Premature end of file.
2025-06-16 20:45:07,734 [ERROR] LogOutputStream:75 - [STDERR_REDIRECT] 
2025-06-16 20:45:08,725 [ERROR] LogOutputStream:75 - [STDERR_REDIRECT] [Fatal Error] :1:1: Premature end of file.
2025-06-16 20:45:08,725 [ERROR] LogOutputStream:75 - [STDERR_REDIRECT] 
2025-06-16 20:45:09,726 [ERROR] LogOutputStream:75 - [STDERR_REDIRECT] [Fatal Error] :1:1: Premature end of file.
2025-06-16 20:45:09,726 [ERROR] LogOutputStream:75 - [STDERR_REDIRECT] 
2025-06-16 20:45:10,731 [ERROR] LogOutputStream:75 - [STDERR_REDIRECT] [Fatal Error] :1:1: Premature end of file.
2025-06-16 20:45:10,731 [ERROR] LogOutputStream:75 - [STDERR_REDIRECT] 
2025-06-16 20:45:11,736 [ERROR] LogOutputStream:75 - [STDERR_REDIRECT] [Fatal Error] :1:1: Premature end of file.
2025-06-16 20:45:11,736 [ERROR] LogOutputStream:75 - [STDERR_REDIRECT] 
2025-06-16 20:45:12,719 [ERROR] LogOutputStream:75 - [STDERR_REDIRECT] [Fatal Error] :1:1: Premature end of file.
2025-06-16 20:45:12,719 [ERROR] LogOutputStream:75 - [STDERR_REDIRECT] 
2025-06-16 20:45:13,721 [ERROR] LogOutputStream:75 - [STDERR_REDIRECT] [Fatal Error] :1:1: Premature end of file.
2025-06-16 20:45:13,721 [ERROR] LogOutputStream:75 - [STDERR_REDIRECT] 
2025-06-16 20:45:14,736 [ERROR] LogOutputStream:75 - [STDERR_REDIRECT] [Fatal Error] :1:1: Premature end of file.
2025-06-16 20:45:14,736 [ERROR] LogOutputStream:75 - [STDERR_REDIRECT] 
2025-06-16 20:45:15,732 [ERROR] LogOutputStream:75 - [STDERR_REDIRECT] [Fatal Error] :1:1: Premature end of file.
2025-06-16 20:45:15,733 [ERROR] LogOutputStream:75 - [STDERR_REDIRECT] 
2025-06-16 20:45:16,723 [ERROR] LogOutputStream:75 - [STDERR_REDIRECT] [Fatal Error] :1:1: Premature end of file.
2025-06-16 20:45:16,723 [ERROR] LogOutputStream:75 - [STDERR_REDIRECT] 
2025-06-16 20:45:17,723 [ERROR] LogOutputStream:75 - [STDERR_REDIRECT] [Fatal Error] :1:1: Premature end of file.
2025-06-16 20:45:17,723 [ERROR] LogOutputStream:75 - [STDERR_REDIRECT] 
2025-06-16 20:45:18,727 [ERROR] LogOutputStream:75 - [STDERR_REDIRECT] [Fatal Error] :1:1: Premature end of file.
2025-06-16 20:45:18,727 [ERROR] LogOutputStream:75 - [STDERR_REDIRECT] 
2025-06-16 20:45:19,732 [ERROR] LogOutputStream:75 - [STDERR_REDIRECT] [Fatal Error] :1:1: Premature end of file.
2025-06-16 20:45:19,732 [ERROR] LogOutputStream:75 - [STDERR_REDIRECT] 
2025-06-16 20:45:20,731 [ERROR] LogOutputStream:75 - [STDERR_REDIRECT] [Fatal Error] :1:1: Premature end of file.
2025-06-16 20:45:20,731 [ERROR] LogOutputStream:75 - [STDERR_REDIRECT] 
2025-06-16 20:45:21,735 [ERROR] LogOutputStream:75 - [STDERR_REDIRECT] [Fatal Error] :1:1: Premature end of file.
2025-06-16 20:45:21,736 [ERROR] LogOutputStream:75 - [STDERR_REDIRECT] 
2025-06-16 20:45:22,739 [ERROR] LogOutputStream:75 - [STDERR_REDIRECT] [Fatal Error] :1:1: Premature end of file.
2025-06-16 20:45:22,739 [ERROR] LogOutputStream:75 - [STDERR_REDIRECT] 
2025-06-16 20:45:23,726 [ERROR] LogOutputStream:75 - [STDERR_REDIRECT] [Fatal Error] :1:1: Premature end of file.
2025-06-16 20:45:23,726 [ERROR] LogOutputStream:75 - [STDERR_REDIRECT] 
2025-06-16 20:45:24,730 [ERROR] LogOutputStream:75 - [STDERR_REDIRECT] [Fatal Error] :1:1: Premature end of file.
2025-06-16 20:45:24,731 [ERROR] LogOutputStream:75 - [STDERR_REDIRECT] 
2025-06-16 20:45:25,733 [ERROR] LogOutputStream:75 - [STDERR_REDIRECT] [Fatal Error] :1:1: Premature end of file.
2025-06-16 20:45:25,733 [ERROR] LogOutputStream:75 - [STDERR_REDIRECT] 
2025-06-16 20:45:26,725 [ERROR] LogOutputStream:75 - [STDERR_REDIRECT] [Fatal Error] :1:1: Premature end of file.
2025-06-16 20:45:26,725 [ERROR] LogOutputStream:75 - [STDERR_REDIRECT] 
2025-06-16 20:45:27,725 [ERROR] LogOutputStream:75 - [STDERR_REDIRECT] [Fatal Error] :1:1: Premature end of file.
2025-06-16 20:45:27,726 [ERROR] LogOutputStream:75 - [STDERR_REDIRECT] 
2025-06-16 20:45:28,734 [ERROR] LogOutputStream:75 - [STDERR_REDIRECT] [Fatal Error] :1:1: Premature end of file.
2025-06-16 20:45:28,734 [ERROR] LogOutputStream:75 - [STDERR_REDIRECT] 
2025-06-16 20:45:29,732 [ERROR] LogOutputStream:75 - [STDERR_REDIRECT] [Fatal Error] :1:1: Premature end of file.
2025-06-16 20:45:29,732 [ERROR] LogOutputStream:75 - [STDERR_REDIRECT] 
2025-06-16 20:45:30,733 [ERROR] LogOutputStream:75 - [STDERR_REDIRECT] [Fatal Error] :1:1: Premature end of file.
2025-06-16 20:45:30,734 [ERROR] LogOutputStream:75 - [STDERR_REDIRECT] 
2025-06-16 20:45:31,721 [ERROR] LogOutputStream:75 - [STDERR_REDIRECT] [Fatal Error] :1:1: Premature end of file.
2025-06-16 20:45:31,721 [ERROR] LogOutputStream:75 - [STDERR_REDIRECT] 
2025-06-16 20:45:32,727 [ERROR] LogOutputStream:75 - [STDERR_REDIRECT] [Fatal Error] :1:1: Premature end of file.
2025-06-16 20:45:32,727 [ERROR] LogOutputStream:75 - [STDERR_REDIRECT] 
2025-06-16 20:45:33,734 [ERROR] LogOutputStream:75 - [STDERR_REDIRECT] [Fatal Error] :1:1: Premature end of file.
2025-06-16 20:45:33,735 [ERROR] LogOutputStream:75 - [STDERR_REDIRECT] 
2025-06-16 20:45:34,730 [ERROR] LogOutputStream:75 - [STDERR_REDIRECT] [Fatal Error] :1:1: Premature end of file.
2025-06-16 20:45:34,730 [ERROR] LogOutputStream:75 - [STDERR_REDIRECT] 
2025-06-16 20:45:35,736 [ERROR] LogOutputStream:75 - [STDERR_REDIRECT] [Fatal Error] :1:1: Premature end of file.
2025-06-16 20:45:35,736 [ERROR] LogOutputStream:75 - [STDERR_REDIRECT] 
2025-06-16 20:45:36,740 [ERROR] LogOutputStream:75 - [STDERR_REDIRECT] [Fatal Error] :1:1: Premature end of file.
2025-06-16 20:45:36,740 [ERROR] LogOutputStream:75 - [STDERR_REDIRECT] 
2025-06-16 20:45:37,723 [ERROR] LogOutputStream:75 - [STDERR_REDIRECT] [Fatal Error] :1:1: Premature end of file.
2025-06-16 20:45:37,723 [ERROR] LogOutputStream:75 - [STDERR_REDIRECT] 
2025-06-16 20:45:38,724 [ERROR] LogOutputStream:75 - [STDERR_REDIRECT] [Fatal Error] :1:1: Premature end of file.
2025-06-16 20:45:38,724 [ERROR] LogOutputStream:75 - [STDERR_REDIRECT] 
2025-06-16 20:45:39,730 [ERROR] LogOutputStream:75 - [STDERR_REDIRECT] [Fatal Error] :1:1: Premature end of file.
2025-06-16 20:45:39,730 [ERROR] LogOutputStream:75 - [STDERR_REDIRECT] 
2025-06-16 20:45:40,731 [ERROR] LogOutputStream:75 - [STDERR_REDIRECT] [Fatal Error] :1:1: Premature end of file.
2025-06-16 20:45:40,732 [ERROR] LogOutputStream:75 - [STDERR_REDIRECT] 
2025-06-16 20:45:41,742 [ERROR] LogOutputStream:75 - [STDERR_REDIRECT] [Fatal Error] :1:1: Premature end of file.
2025-06-16 20:45:41,742 [ERROR] LogOutputStream:75 - [STDERR_REDIRECT] 
2025-06-16 20:45:42,729 [ERROR] LogOutputStream:75 - [STDERR_REDIRECT] [Fatal Error] :1:1: Premature end of file.
2025-06-16 20:45:42,729 [ERROR] LogOutputStream:75 - [STDERR_REDIRECT] 
2025-06-16 20:45:43,732 [ERROR] LogOutputStream:75 - [STDERR_REDIRECT] [Fatal Error] :1:1: Premature end of file.
2025-06-16 20:45:43,732 [ERROR] LogOutputStream:75 - [STDERR_REDIRECT] 
2025-06-16 20:45:44,746 [ERROR] LogOutputStream:75 - [STDERR_REDIRECT] [Fatal Error] :1:1: Premature end of file.
2025-06-16 20:45:44,746 [ERROR] LogOutputStream:75 - [STDERR_REDIRECT] 
2025-06-16 20:45:45,725 [ERROR] LogOutputStream:75 - [STDERR_REDIRECT] [Fatal Error] :1:1: Premature end of file.
2025-06-16 20:45:45,725 [ERROR] LogOutputStream:75 - [STDERR_REDIRECT] 
2025-06-16 20:45:46,726 [ERROR] LogOutputStream:75 - [STDERR_REDIRECT] [Fatal Error] :1:1: Premature end of file.
2025-06-16 20:45:46,726 [ERROR] LogOutputStream:75 - [STDERR_REDIRECT] 
2025-06-16 20:45:47,734 [ERROR] LogOutputStream:75 - [STDERR_REDIRECT] [Fatal Error] :1:1: Premature end of file.
2025-06-16 20:45:47,735 [ERROR] LogOutputStream:75 - [STDERR_REDIRECT] 
2025-06-16 20:45:48,735 [ERROR] LogOutputStream:75 - [STDERR_REDIRECT] [Fatal Error] :1:1: Premature end of file.
2025-06-16 20:45:48,735 [ERROR] LogOutputStream:75 - [STDERR_REDIRECT] 
2025-06-16 20:45:49,735 [ERROR] LogOutputStream:75 - [STDERR_REDIRECT] [Fatal Error] :1:1: Premature end of file.
2025-06-16 20:45:49,735 [ERROR] LogOutputStream:75 - [STDERR_REDIRECT] 
2025-06-16 20:45:50,748 [ERROR] LogOutputStream:75 - [STDERR_REDIRECT] [Fatal Error] :1:1: Premature end of file.
2025-06-16 20:45:50,748 [ERROR] LogOutputStream:75 - [STDERR_REDIRECT] 
2025-06-16 20:45:51,743 [ERROR] LogOutputStream:75 - [STDERR_REDIRECT] [Fatal Error] :1:1: Premature end of file.
2025-06-16 20:45:51,744 [ERROR] LogOutputStream:75 - [STDERR_REDIRECT] 
2025-06-16 20:45:52,736 [ERROR] LogOutputStream:75 - [STDERR_REDIRECT] [Fatal Error] :1:1: Premature end of file.
2025-06-16 20:45:52,736 [ERROR] LogOutputStream:75 - [STDERR_REDIRECT] 
2025-06-16 20:45:53,730 [ERROR] LogOutputStream:75 - [STDERR_REDIRECT] [Fatal Error] :1:1: Premature end of file.
2025-06-16 20:45:53,730 [ERROR] LogOutputStream:75 - [STDERR_REDIRECT] 
2025-06-16 20:45:54,725 [ERROR] LogOutputStream:75 - [STDERR_REDIRECT] [Fatal Error] :1:1: Premature end of file.
2025-06-16 20:45:54,725 [ERROR] LogOutputStream:75 - [STDERR_REDIRECT] 
2025-06-16 20:45:55,736 [ERROR] LogOutputStream:75 - [STDERR_REDIRECT] [Fatal Error] :1:1: Premature end of file.
2025-06-16 20:45:55,736 [ERROR] LogOutputStream:75 - [STDERR_REDIRECT] 
2025-06-16 20:45:56,736 [ERROR] LogOutputStream:75 - [STDERR_REDIRECT] [Fatal Error] :1:1: Premature end of file.
2025-06-16 20:45:56,736 [ERROR] LogOutputStream:75 - [STDERR_REDIRECT] 
2025-06-16 20:45:57,723 [ERROR] LogOutputStream:75 - [STDERR_REDIRECT] [Fatal Error] :1:1: Premature end of file.
2025-06-16 20:45:57,723 [ERROR] LogOutputStream:75 - [STDERR_REDIRECT] 
2025-06-16 20:45:58,739 [ERROR] LogOutputStream:75 - [STDERR_REDIRECT] [Fatal Error] :1:1: Premature end of file.
2025-06-16 20:45:58,739 [ERROR] LogOutputStream:75 - [STDERR_REDIRECT] 
2025-06-16 20:45:59,734 [ERROR] LogOutputStream:75 - [STDERR_REDIRECT] [Fatal Error] :1:1: Premature end of file.
2025-06-16 20:45:59,735 [ERROR] LogOutputStream:75 - [STDERR_REDIRECT] 
2025-06-16 20:46:00,726 [ERROR] LogOutputStream:75 - [STDERR_REDIRECT] [Fatal Error] :1:1: Premature end of file.
2025-06-16 20:46:00,726 [ERROR] LogOutputStream:75 - [STDERR_REDIRECT] 
2025-06-16 20:46:01,755 [ERROR] LogOutputStream:75 - [STDERR_REDIRECT] [Fatal Error] :1:1: Premature end of file.
2025-06-16 20:46:01,755 [ERROR] LogOutputStream:75 - [STDERR_REDIRECT] 
2025-06-16 20:46:02,739 [ERROR] LogOutputStream:75 - [STDERR_REDIRECT] [Fatal Error] :1:1: Premature end of file.
2025-06-16 20:46:02,739 [ERROR] LogOutputStream:75 - [STDERR_REDIRECT] 
2025-06-16 20:46:03,741 [ERROR] LogOutputStream:75 - [STDERR_REDIRECT] [Fatal Error] :1:1: Premature end of file.
2025-06-16 20:46:03,742 [ERROR] LogOutputStream:75 - [STDERR_REDIRECT] 
2025-06-16 20:46:04,731 [ERROR] LogOutputStream:75 - [STDERR_REDIRECT] [Fatal Error] :1:1: Premature end of file.
2025-06-16 20:46:04,731 [ERROR] LogOutputStream:75 - [STDERR_REDIRECT] 
2025-06-16 20:46:05,728 [ERROR] LogOutputStream:75 - [STDERR_REDIRECT] [Fatal Error] :1:1: Premature end of file.
2025-06-16 20:46:05,728 [ERROR] LogOutputStream:75 - [STDERR_REDIRECT] 
2025-06-16 20:46:06,722 [ERROR] LogOutputStream:75 - [STDERR_REDIRECT] [Fatal Error] :1:1: Premature end of file.
2025-06-16 20:46:06,723 [ERROR] LogOutputStream:75 - [STDERR_REDIRECT] 
2025-06-16 20:46:07,730 [ERROR] LogOutputStream:75 - [STDERR_REDIRECT] [Fatal Error] :1:1: Premature end of file.
2025-06-16 20:46:07,730 [ERROR] LogOutputStream:75 - [STDERR_REDIRECT] 
2025-06-16 20:46:08,723 [ERROR] LogOutputStream:75 - [STDERR_REDIRECT] [Fatal Error] :1:1: Premature end of file.
2025-06-16 20:46:08,723 [ERROR] LogOutputStream:75 - [STDERR_REDIRECT] 
2025-06-16 20:46:09,724 [ERROR] LogOutputStream:75 - [STDERR_REDIRECT] [Fatal Error] :1:1: Premature end of file.
2025-06-16 20:46:09,724 [ERROR] LogOutputStream:75 - [STDERR_REDIRECT] 
2025-06-16 20:46:10,721 [ERROR] LogOutputStream:75 - [STDERR_REDIRECT] [Fatal Error] :1:1: Premature end of file.
2025-06-16 20:46:10,721 [ERROR] LogOutputStream:75 - [STDERR_REDIRECT] 
2025-06-16 20:46:11,729 [ERROR] LogOutputStream:75 - [STDERR_REDIRECT] [Fatal Error] :1:1: Premature end of file.
2025-06-16 20:46:11,729 [ERROR] LogOutputStream:75 - [STDERR_REDIRECT] 
2025-06-16 20:46:12,836 [ERROR] LogOutputStream:75 - [STDERR_REDIRECT] [Fatal Error] :1:1: Premature end of file.
2025-06-16 20:46:12,836 [ERROR] LogOutputStream:75 - [STDERR_REDIRECT] 
2025-06-16 20:46:13,829 [ERROR] LogOutputStream:75 - [STDERR_REDIRECT] [Fatal Error] :1:1: Premature end of file.
2025-06-16 20:46:13,829 [ERROR] LogOutputStream:75 - [STDERR_REDIRECT] 
2025-06-16 20:46:14,090 [ERROR] LogOutputStream:75 - [STDERR_REDIRECT] 
