2025-09-11 22:34:17,624 [INFO] Activator:176 - 


2025-09-11 22:34:17,630 [INFO] Activator:177 - !SESSION log4j initialized
2025-09-11 22:34:23,348 [INFO] LogOutputStream:77 - [STDOUT_REDIRECT] 
2025-09-11 22:34:24,551 [INFO] ApplicationProperties:184 - Using Application install path: C:\ST\STM32CubeIDE_1.19.0\STM32CubeIDE\plugins\com.st.stm32cube.common.mx_6.15.0.202507011659
2025-09-11 22:34:24,565 [INFO] DbMcusXml:78 - Set database path to: C:\ST\STM32CubeIDE_1.19.0\STM32CubeIDE\plugins\com.st.stm32cube.common.mx_6.15.0.202507011659\\db\/mcu/
2025-09-11 22:34:24,565 [INFO] ApiDb:274 - Set plugin database path to: C:\ST\STM32CubeIDE_1.19.0\STM32CubeIDE\plugins\com.st.stm32cube.common.mx_6.15.0.202507011659\\db\/plugins/boardmanager/
2025-09-11 22:34:24,565 [WARN] ApiDb:259 - Overriding images path with different value:  => C:\ST\STM32CubeIDE_1.19.0\STM32CubeIDE\plugins\com.st.stm32cube.common.mx_6.15.0.202507011659\\db\/plugins/mcufinder/images/
2025-09-11 22:34:24,570 [INFO] ApiDb:250 - Set database path to: C:\Users\SNYDE\.stmcufinder\plugins\mcufinder//mcu/
2025-09-11 22:34:24,571 [INFO] DbMcusAds:125 - Set database path to: C:\Users\SNYDE\.stmcufinder\plugins\mcufinder//mcu/
2025-09-11 22:34:24,573 [INFO] CrossReferenceDbSqlite:203 - Set database path to: C:\Users\SNYDE\.stmcufinder\plugins\mcufinder//mcu/cs/
2025-09-11 22:34:24,678 [INFO] RulesReader:64 - Compatibility file has been processed (317 Rules)
2025-09-11 22:34:24,744 [INFO] DbMcusXml:78 - Set database path to: C:\ST\STM32CubeIDE_1.19.0\STM32CubeIDE\plugins\com.st.stm32cube.common.mx_6.15.0.202507011659\\db\/mcu/
2025-09-11 22:34:24,745 [INFO] ApiDb:274 - Set plugin database path to: C:\ST\STM32CubeIDE_1.19.0\STM32CubeIDE\plugins\com.st.stm32cube.common.mx_6.15.0.202507011659\\db\/plugins/boardmanager/
2025-09-11 22:34:24,745 [INFO] ApiDb:261 - Set plugin images path to: C:\ST\STM32CubeIDE_1.19.0\STM32CubeIDE\plugins\com.st.stm32cube.common.mx_6.15.0.202507011659\\db\/plugins/mcufinder/images/
2025-09-11 22:34:24,745 [WARN] DbFile:41 - Overriding database path with different value: C:\Users\SNYDE\.stmcufinder\plugins\mcufinder/ => C:\Users\SNYDE\.stmcufinder\plugins\mcufinder
2025-09-11 22:34:24,745 [INFO] ApiDb:250 - Set database path to: C:\Users\SNYDE\.stmcufinder\plugins\mcufinder//mcu/
2025-09-11 22:34:24,745 [WARN] DbFile:41 - Overriding database path with different value: C:\Users\SNYDE\.stmcufinder\plugins\mcufinder/ => C:\Users\SNYDE\.stmcufinder\plugins\mcufinder
2025-09-11 22:34:24,745 [INFO] DbMcusAds:125 - Set database path to: C:\Users\SNYDE\.stmcufinder\plugins\mcufinder//mcu/
2025-09-11 22:34:24,745 [WARN] DbFile:41 - Overriding database path with different value: C:\Users\SNYDE\.stmcufinder\plugins\mcufinder/ => C:\Users\SNYDE\.stmcufinder\plugins\mcufinder
2025-09-11 22:34:24,745 [WARN] DbFile:41 - Overriding database path with different value: C:\Users\SNYDE\.stmcufinder\plugins\mcufinder/ => C:\Users\SNYDE\.stmcufinder\plugins\mcufinder
2025-09-11 22:34:24,745 [INFO] CrossReferenceDbSqlite:203 - Set database path to: C:\Users\SNYDE\.stmcufinder\plugins\mcufinder//mcu/cs/
2025-09-11 22:34:24,811 [INFO] MainPanel:274 - HeapMemory: 268435456
2025-09-11 22:34:24,888 [INFO] DbMcusXml:78 - Set database path to: C:\ST\STM32CubeIDE_1.19.0\STM32CubeIDE\plugins\com.st.stm32cube.common.mx_6.15.0.202507011659\\db\/mcu/
2025-09-11 22:34:24,888 [INFO] ApiDb:274 - Set plugin database path to: C:\ST\STM32CubeIDE_1.19.0\STM32CubeIDE\plugins\com.st.stm32cube.common.mx_6.15.0.202507011659\\db\/plugins/boardmanager/
2025-09-11 22:34:24,888 [INFO] ApiDb:261 - Set plugin images path to: C:\ST\STM32CubeIDE_1.19.0\STM32CubeIDE\plugins\com.st.stm32cube.common.mx_6.15.0.202507011659\\db\/plugins/mcufinder/images/
2025-09-11 22:34:24,888 [WARN] DbFile:41 - Overriding database path with different value: C:\Users\SNYDE\.stmcufinder\plugins\mcufinder/ => C:\Users\SNYDE\.stmcufinder\plugins\mcufinder
2025-09-11 22:34:24,888 [INFO] ApiDb:250 - Set database path to: C:\Users\SNYDE\.stmcufinder\plugins\mcufinder//mcu/
2025-09-11 22:34:24,888 [WARN] DbFile:41 - Overriding database path with different value: C:\Users\SNYDE\.stmcufinder\plugins\mcufinder/ => C:\Users\SNYDE\.stmcufinder\plugins\mcufinder
2025-09-11 22:34:24,888 [INFO] DbMcusAds:125 - Set database path to: C:\Users\SNYDE\.stmcufinder\plugins\mcufinder//mcu/
2025-09-11 22:34:24,888 [WARN] DbFile:41 - Overriding database path with different value: C:\Users\SNYDE\.stmcufinder\plugins\mcufinder/ => C:\Users\SNYDE\.stmcufinder\plugins\mcufinder
2025-09-11 22:34:24,888 [WARN] DbFile:41 - Overriding database path with different value: C:\Users\SNYDE\.stmcufinder\plugins\mcufinder/ => C:\Users\SNYDE\.stmcufinder\plugins\mcufinder
2025-09-11 22:34:24,888 [INFO] CrossReferenceDbSqlite:203 - Set database path to: C:\Users\SNYDE\.stmcufinder\plugins\mcufinder//mcu/cs/
2025-09-11 22:34:24,903 [INFO] ApplicationProperties:184 - Using Application install path: C:\ST\STM32CubeIDE_1.19.0\STM32CubeIDE\plugins\com.st.stm32cube.common.mx_6.15.0.202507011659
2025-09-11 22:34:24,904 [INFO] PluginManage:196 - Search for loadable plugins [exclusion list=, ]
2025-09-11 22:34:24,905 [INFO] PluginManage:310 - Check plugin analytics
2025-09-11 22:34:25,101 [INFO] AnalyticsPlugin:253 - Accepted Software Licenses: 
2025-09-11 22:34:25,101 [INFO] AnalyticsPlugin:255 - Accepted CMSIS Pack Licenses: 
2025-09-11 22:34:25,102 [INFO] AnalyticsPlugin:257 - Accepted Firmware Licenses: 
2025-09-11 22:34:25,104 [INFO] PluginManage:359 - Loaded plugin analytics (category:tool,tabindex:-1)
2025-09-11 22:34:25,105 [INFO] PluginManage:310 - Check plugin cadmodel
2025-09-11 22:34:25,108 [INFO] CADModel:105 - Init CAD model plugin
2025-09-11 22:34:25,108 [INFO] PluginManage:359 - Loaded plugin cadmodel (category:power,tabindex:5)
2025-09-11 22:34:25,109 [INFO] PluginManage:310 - Check plugin clock
2025-09-11 22:34:25,119 [INFO] PluginManage:359 - Loaded plugin clock (category:base,tabindex:2)
2025-09-11 22:34:25,119 [INFO] PluginManage:310 - Check plugin ddr
2025-09-11 22:34:25,121 [INFO] PluginManage:359 - Loaded plugin ddr (category:tool,tabindex:6)
2025-09-11 22:34:25,121 [INFO] PluginManage:310 - Check plugin filemanager
2025-09-11 22:34:25,263 [INFO] PluginManage:359 - Loaded plugin filemanager (category:base,tabindex:10)
2025-09-11 22:34:25,263 [INFO] PluginManage:310 - Check plugin ipmanager
2025-09-11 22:34:25,272 [INFO] PluginManage:359 - Loaded plugin ipmanager (category:base,tabindex:5)
2025-09-11 22:34:25,272 [INFO] PluginManage:310 - Check plugin lpbam
2025-09-11 22:34:25,281 [INFO] PluginManage:359 - Loaded plugin lpbam (category:base,tabindex:0)
2025-09-11 22:34:25,281 [INFO] PluginManage:310 - Check plugin memorymap
2025-09-11 22:34:25,295 [INFO] PluginManage:359 - Loaded plugin memorymap (category:base,tabindex:4)
2025-09-11 22:34:25,296 [INFO] PluginManage:310 - Check plugin pinoutandconfiguration
2025-09-11 22:34:25,303 [INFO] PluginManage:359 - Loaded plugin pinoutandconfiguration (category:base,tabindex:1)
2025-09-11 22:34:25,304 [INFO] PluginManage:310 - Check plugin pinoutconfig
2025-09-11 22:34:25,387 [WARN] SupportedApi:132 - Cannot load RTOS API schema: s4s-elt-must-match.1: The content of 'definitions' must match (annotation?, (simpleType | complexType)?, (unique | key | keyref)*)). A problem was found starting at: attribute.
2025-09-11 22:34:25,512 [INFO] PluginManage:359 - Loaded plugin pinoutconfig (category:base,tabindex:0)
2025-09-11 22:34:25,512 [INFO] PluginManage:310 - Check plugin power
2025-09-11 22:34:25,520 [INFO] PluginManage:359 - Loaded plugin power (category:power,tabindex:4)
2025-09-11 22:34:25,520 [INFO] PluginManage:310 - Check plugin projectmanager
2025-09-11 22:34:25,534 [INFO] PluginManage:359 - Loaded plugin projectmanager (category:projectmanager,tabindex:4)
2025-09-11 22:34:25,534 [INFO] PluginManage:310 - Check plugin rif
2025-09-11 22:34:25,542 [INFO] PluginManage:359 - Loaded plugin rif (category:base,tabindex:3)
2025-09-11 22:34:25,542 [INFO] PluginManage:310 - Check plugin thirdparty
2025-09-11 22:34:25,675 [WARN] IntegrityCheckThread:84 - waiting for thirdparty lock release [integrity check]
2025-09-11 22:34:25,676 [INFO] PluginManage:359 - Loaded plugin thirdparty (category:base,tabindex:-1)
2025-09-11 22:34:25,676 [INFO] IntegrityCheckThread:86 - entering critical section [integrity check]
2025-09-11 22:34:25,676 [INFO] PluginManage:310 - Check plugin tools
2025-09-11 22:34:25,676 [INFO] ThirdPartyUpdaterWithRetryManager:70 - Updater plugin not ready yet. [1/15]
2025-09-11 22:34:25,679 [INFO] PluginManage:359 - Loaded plugin tools (category:base,tabindex:7)
2025-09-11 22:34:25,679 [INFO] PluginManage:310 - Check plugin tutovideos
2025-09-11 22:34:25,889 [INFO] PluginManage:359 - Loaded plugin tutovideos (category:base,tabindex:-1)
2025-09-11 22:34:25,890 [INFO] PluginManage:310 - Check plugin updater
2025-09-11 22:34:25,905 [INFO] PluginManage:359 - Loaded plugin updater (category:base,tabindex:12)
2025-09-11 22:34:25,905 [INFO] PluginManage:310 - Check plugin userauth
2025-09-11 22:34:25,910 [INFO] UserAuth:118 - Init User Auth plugin
2025-09-11 22:34:25,911 [INFO] PluginManage:359 - Loaded plugin userauth (category:base,tabindex:14)
2025-09-11 22:34:25,912 [INFO] PluginManage:283 - PluginManage : Loaded plugins [18]
2025-09-11 22:34:26,091 [INFO] PinOutPanel:1589 - setPackage(No Configuration,No Configuration)
2025-09-11 22:34:26,177 [INFO] CADModel:165 - CPN selected for project level
2025-09-11 22:34:26,177 [INFO] CADModel:114 - Register for checkConnection events
2025-09-11 22:34:26,199 [INFO] IPUIPlugin:80 - create IPUIPlugin
2025-09-11 22:34:26,200 [INFO] PluginManager:220 - loadIPPluginJar : add adc
2025-09-11 22:34:26,203 [INFO] IPUIPlugin:80 - create IPUIPlugin
2025-09-11 22:34:26,203 [INFO] PluginManager:220 - loadIPPluginJar : add aes
2025-09-11 22:34:26,207 [INFO] IPUIPlugin:80 - create IPUIPlugin
2025-09-11 22:34:26,207 [INFO] PluginManager:220 - loadIPPluginJar : add can
2025-09-11 22:34:26,209 [INFO] IPUIPlugin:80 - create IPUIPlugin
2025-09-11 22:34:26,209 [INFO] PluginManager:220 - loadIPPluginJar : add comp
2025-09-11 22:34:26,212 [INFO] IPUIPlugin:80 - create IPUIPlugin
2025-09-11 22:34:26,212 [INFO] PluginManager:220 - loadIPPluginJar : add cryp
2025-09-11 22:34:26,215 [INFO] IPUIPlugin:80 - create IPUIPlugin
2025-09-11 22:34:26,215 [INFO] PluginManager:220 - loadIPPluginJar : add ddr_ctrl_phy
2025-09-11 22:34:26,219 [INFO] IPUIPlugin:80 - create IPUIPlugin
2025-09-11 22:34:26,219 [INFO] PluginManager:220 - loadIPPluginJar : add dfsdm
2025-09-11 22:34:26,225 [INFO] IPUIPlugin:80 - create IPUIPlugin
2025-09-11 22:34:26,226 [INFO] PluginManager:220 - loadIPPluginJar : add dma
2025-09-11 22:34:26,229 [INFO] IPUIPlugin:80 - create IPUIPlugin
2025-09-11 22:34:26,229 [INFO] PluginManager:220 - loadIPPluginJar : add dma3
2025-09-11 22:34:26,232 [INFO] IPUIPlugin:80 - create IPUIPlugin
2025-09-11 22:34:26,232 [INFO] PluginManager:220 - loadIPPluginJar : add extmemmanager
2025-09-11 22:34:26,234 [INFO] IPUIPlugin:80 - create IPUIPlugin
2025-09-11 22:34:26,234 [INFO] PluginManager:220 - loadIPPluginJar : add fatfs
2025-09-11 22:34:26,239 [INFO] IPUIPlugin:80 - create IPUIPlugin
2025-09-11 22:34:26,240 [INFO] PluginManager:220 - loadIPPluginJar : add fmc
2025-09-11 22:34:26,247 [INFO] IPUIPlugin:80 - create IPUIPlugin
2025-09-11 22:34:26,248 [INFO] PluginManager:220 - loadIPPluginJar : add freertos
2025-09-11 22:34:26,250 [INFO] IPUIPlugin:80 - create IPUIPlugin
2025-09-11 22:34:26,250 [INFO] PluginManager:220 - loadIPPluginJar : add genericplugin
2025-09-11 22:34:26,252 [INFO] IPUIPlugin:80 - create IPUIPlugin
2025-09-11 22:34:26,253 [INFO] PluginManager:220 - loadIPPluginJar : add gfxmmu
2025-09-11 22:34:26,258 [INFO] IPUIPlugin:80 - create IPUIPlugin
2025-09-11 22:34:26,258 [INFO] PluginManager:220 - loadIPPluginJar : add gic
2025-09-11 22:34:26,262 [INFO] IPUIPlugin:80 - create IPUIPlugin
2025-09-11 22:34:26,262 [INFO] PluginManager:220 - loadIPPluginJar : add gpio
2025-09-11 22:34:26,265 [INFO] IPUIPlugin:80 - create IPUIPlugin
2025-09-11 22:34:26,265 [INFO] PluginManager:220 - loadIPPluginJar : add gtzc
2025-09-11 22:34:26,269 [INFO] IPUIPlugin:80 - create IPUIPlugin
2025-09-11 22:34:26,269 [INFO] PluginManager:220 - loadIPPluginJar : add hash
2025-09-11 22:34:26,272 [INFO] IPUIPlugin:80 - create IPUIPlugin
2025-09-11 22:34:26,272 [INFO] PluginManager:220 - loadIPPluginJar : add i2c
2025-09-11 22:34:26,274 [INFO] IPUIPlugin:80 - create IPUIPlugin
2025-09-11 22:34:26,275 [INFO] PluginManager:220 - loadIPPluginJar : add i2s
2025-09-11 22:34:26,279 [INFO] IPUIPlugin:80 - create IPUIPlugin
2025-09-11 22:34:26,279 [INFO] PluginManager:220 - loadIPPluginJar : add i3c
2025-09-11 22:34:26,285 [INFO] IPUIPlugin:80 - create IPUIPlugin
2025-09-11 22:34:26,285 [INFO] PluginManager:220 - loadIPPluginJar : add ipddr
2025-09-11 22:34:26,293 [INFO] IPUIPlugin:80 - create IPUIPlugin
2025-09-11 22:34:26,293 [INFO] PluginManager:220 - loadIPPluginJar : add linkedlist
2025-09-11 22:34:26,296 [INFO] IPUIPlugin:80 - create IPUIPlugin
2025-09-11 22:34:26,297 [INFO] PluginManager:220 - loadIPPluginJar : add lorawan
2025-09-11 22:34:26,299 [INFO] IPUIPlugin:80 - create IPUIPlugin
2025-09-11 22:34:26,300 [INFO] PluginManager:220 - loadIPPluginJar : add ltdc
2025-09-11 22:34:26,305 [INFO] IPUIPlugin:80 - create IPUIPlugin
2025-09-11 22:34:26,306 [INFO] PluginManager:220 - loadIPPluginJar : add mdma
2025-09-11 22:34:26,309 [INFO] IPUIPlugin:80 - create IPUIPlugin
2025-09-11 22:34:26,309 [INFO] PluginManager:220 - loadIPPluginJar : add nvic
2025-09-11 22:34:26,312 [INFO] IPUIPlugin:80 - create IPUIPlugin
2025-09-11 22:34:26,312 [INFO] PluginManager:220 - loadIPPluginJar : add opamp
2025-09-11 22:34:26,316 [INFO] IPUIPlugin:80 - create IPUIPlugin
2025-09-11 22:34:26,317 [INFO] PluginManager:220 - loadIPPluginJar : add openamp
2025-09-11 22:34:26,320 [INFO] IPUIPlugin:80 - create IPUIPlugin
2025-09-11 22:34:26,321 [INFO] PluginManager:220 - loadIPPluginJar : add pdm2pcm
2025-09-11 22:34:26,328 [INFO] IPUIPlugin:80 - create IPUIPlugin
2025-09-11 22:34:26,333 [INFO] PluginManager:220 - loadIPPluginJar : add plateformsettings
2025-09-11 22:34:26,335 [INFO] IPUIPlugin:80 - create IPUIPlugin
2025-09-11 22:34:26,335 [INFO] PluginManager:220 - loadIPPluginJar : add quadspi
2025-09-11 22:34:26,337 [INFO] IPUIPlugin:80 - create IPUIPlugin
2025-09-11 22:34:26,338 [INFO] PluginManager:220 - loadIPPluginJar : add radio
2025-09-11 22:34:26,341 [INFO] IPUIPlugin:80 - create IPUIPlugin
2025-09-11 22:34:26,342 [INFO] PluginManager:220 - loadIPPluginJar : add resmgrutility
2025-09-11 22:34:26,345 [INFO] IPUIPlugin:80 - create IPUIPlugin
2025-09-11 22:34:26,345 [INFO] PluginManager:220 - loadIPPluginJar : add sai
2025-09-11 22:34:26,348 [INFO] IPUIPlugin:80 - create IPUIPlugin
2025-09-11 22:34:26,348 [INFO] PluginManager:220 - loadIPPluginJar : add spi
2025-09-11 22:34:26,357 [INFO] IPUIPlugin:80 - create IPUIPlugin
2025-09-11 22:34:26,357 [INFO] PluginManager:220 - loadIPPluginJar : add stm32_wpan
2025-09-11 22:34:26,359 [INFO] IPUIPlugin:80 - create IPUIPlugin
2025-09-11 22:34:26,359 [INFO] PluginManager:220 - loadIPPluginJar : add tim
2025-09-11 22:34:26,363 [INFO] IPUIPlugin:80 - create IPUIPlugin
2025-09-11 22:34:26,363 [INFO] PluginManager:220 - loadIPPluginJar : add touchsensing
2025-09-11 22:34:26,365 [INFO] IPUIPlugin:80 - create IPUIPlugin
2025-09-11 22:34:26,365 [INFO] PluginManager:220 - loadIPPluginJar : add tracer_emb
2025-09-11 22:34:26,368 [INFO] IPUIPlugin:80 - create IPUIPlugin
2025-09-11 22:34:26,369 [INFO] PluginManager:220 - loadIPPluginJar : add ts
2025-09-11 22:34:26,371 [INFO] IPUIPlugin:80 - create IPUIPlugin
2025-09-11 22:34:26,371 [INFO] PluginManager:220 - loadIPPluginJar : add tsc
2025-09-11 22:34:26,373 [INFO] IPUIPlugin:80 - create IPUIPlugin
2025-09-11 22:34:26,373 [INFO] PluginManager:220 - loadIPPluginJar : add ucpd
2025-09-11 22:34:26,376 [INFO] IPUIPlugin:80 - create IPUIPlugin
2025-09-11 22:34:26,376 [INFO] PluginManager:220 - loadIPPluginJar : add usart
2025-09-11 22:34:26,380 [INFO] IPUIPlugin:80 - create IPUIPlugin
2025-09-11 22:34:26,380 [INFO] PluginManager:220 - loadIPPluginJar : add usbx
2025-09-11 22:34:26,511 [FATAL] Updater:351 - Updater called before beeing initialized
2025-09-11 22:34:26,536 [INFO] RulesReader:64 - Compatibility file has been processed (317 Rules)
2025-09-11 22:34:26,548 [INFO] RulesReader:64 - Compatibility file has been processed (317 Rules)
2025-09-11 22:34:26,557 [INFO] CADModel:165 - CPN selected for project level
2025-09-11 22:34:26,557 [INFO] CADModel:114 - Register for checkConnection events
2025-09-11 22:34:26,557 [FATAL] Updater:351 - Updater called before beeing initialized
2025-09-11 22:34:26,557 [ERROR] CADModel:125 - Updater not yet initialized, retry later 
2025-09-11 22:34:26,709 [FATAL] Updater:351 - Updater called before beeing initialized
2025-09-11 22:34:26,711 [INFO] CADModel:165 - CPN selected for project level
2025-09-11 22:34:26,711 [INFO] CADModel:114 - Register for checkConnection events
2025-09-11 22:34:26,711 [FATAL] Updater:351 - Updater called before beeing initialized
2025-09-11 22:34:26,711 [ERROR] CADModel:125 - Updater not yet initialized, retry later 
2025-09-11 22:34:26,714 [FATAL] Updater:351 - Updater called before beeing initialized
2025-09-11 22:34:26,867 [FATAL] Updater:351 - Updater called before beeing initialized
2025-09-11 22:34:26,870 [INFO] DbMcusAds:53 - JSON generation date=Tue Jul 08 10:14:23 CEST 2025 (1751962463582)
2025-09-11 22:34:26,870 [FATAL] Updater:351 - Updater called before beeing initialized
2025-09-11 22:34:26,902 [WARN] DetailPanel:346 - Failed to get advertising image, set to default
2025-09-11 22:34:26,984 [FATAL] Updater:351 - Updater called before beeing initialized
2025-09-11 22:34:26,985 [FATAL] Updater:351 - Updater called before beeing initialized
2025-09-11 22:34:26,985 [FATAL] Updater:351 - Updater called before beeing initialized
2025-09-11 22:34:26,985 [WARN] DetailPanel:346 - Failed to get advertising image, set to default
2025-09-11 22:34:26,986 [FATAL] Updater:351 - Updater called before beeing initialized
2025-09-11 22:34:27,028 [ERROR] Updater:1198 - MainUpdater not yet initialized. External WinMGr cannot be set.
2025-09-11 22:34:27,029 [INFO] Updater:1134 - Updater Version found : 6.15.0
2025-09-11 22:34:27,044 [INFO] ApplicationProperties:184 - Using Application install path: C:\ST\STM32CubeIDE_1.19.0\STM32CubeIDE\plugins\com.st.stm32cube.common.mx_6.15.0.202507011659
2025-09-11 22:34:28,614 [ERROR] LogOutputStream:75 - [STDERR_REDIRECT] Sep 11, 2025 10:34:28 PM java.util.prefs.WindowsPreferences <init>
2025-09-11 22:34:28,616 [ERROR] LogOutputStream:75 - [STDERR_REDIRECT] WARNING: Could not open/create prefs root node Software\JavaSoft\Prefs at root 0xffffffff80000002. Windows RegCreateKeyEx(...) returned error code 5.
2025-09-11 22:34:28,616 [ERROR] LogOutputStream:75 - [STDERR_REDIRECT] 
2025-09-11 22:34:28,679 [INFO] ThirdPartyUpdaterWithRetryManager:70 - Updater plugin not ready yet. [2/15]
2025-09-11 22:34:29,240 [INFO] MainUpdater:2872 - connection check result : 10
2025-09-11 22:34:29,240 [INFO] MainUpdater:3604 - Updater definition file requires update
2025-09-11 22:34:29,241 [INFO] MainUpdater:289 - Updater Check For Update Now.
2025-09-11 22:34:29,241 [INFO] MicroXplorer:498 - Change Database Version : DB.6.0.150
2025-09-11 22:34:29,246 [INFO] McuFinderGlobals:63 - Set McuFinder mode to 2 (CubeIDE integrated)
2025-09-11 22:34:29,246 [INFO] UserAuth:487 - Internet connection configuration mode: 1
2025-09-11 22:34:29,261 [INFO] JxBrowserEngine:152 - Initiate JxBrowser Engine with user profile folder
2025-09-11 22:34:29,439 [INFO] ServerAccessManage:452 - Complete download http(s) 200
2025-09-11 22:34:29,440 [INFO] ServerAccessManage:509 - Download File updaters.zip
2025-09-11 22:34:29,508 [INFO] FileExtend:248 - Unzip File : updaters.zip
2025-09-11 22:34:29,508 [INFO] FileExtend:263 - Standard Zip Deflate
2025-09-11 22:34:29,969 [INFO] ServerAccessManage:452 - Complete download http(s) 200
2025-09-11 22:34:29,969 [INFO] ServerAccessManage:509 - Download File PacksControlFlags.xml
2025-09-11 22:34:30,124 [INFO] ServerAccessManage:452 - Complete download http(s) 200
2025-09-11 22:34:30,125 [INFO] ServerAccessManage:509 - Download File cubemx.pidx
2025-09-11 22:34:30,264 [INFO] LoadServerUpdatesThread:375 - End of LoadServerUpdate Thread
2025-09-11 22:34:30,418 [INFO] WebApp:169 - Instantiating new browser for Auth
2025-09-11 22:34:30,448 [INFO] CheckServerUpdateThread:120 - End of CheckServer Thread
2025-09-11 22:34:31,124 [INFO] WebApp:463 - Apply proxy settings
2025-09-11 22:34:31,124 [INFO] WebApp:548 - Chromium requires no authentication
2025-09-11 22:34:31,134 [INFO] WebApp:491 - Direct internet connection detected
2025-09-11 22:34:31,157 [INFO] WebApp:900 - Register for checkConnection events
2025-09-11 22:34:31,158 [INFO] WebApp:463 - Apply proxy settings
2025-09-11 22:34:31,158 [INFO] WebApp:548 - Chromium requires no authentication
2025-09-11 22:34:31,158 [INFO] WebApp:491 - Direct internet connection detected
2025-09-11 22:34:31,329 [INFO] WebApp:191 - Connection restablished
2025-09-11 22:34:31,342 [INFO] WebApp:225 - Starting web application
2025-09-11 22:34:31,343 [INFO] WebApp:593 - Web application path used C:\ST\STM32CubeIDE_1.19.0\STM32CubeIDE\plugins\com.st.stm32cube.common.mx_6.15.0.202507011659\db\plugins\mcufinder\reactClient1\index.html
2025-09-11 22:34:31,565 [INFO] UserAuth:487 - Internet connection configuration mode: 1
2025-09-11 22:34:31,710 [ERROR] LogOutputStream:75 - [STDERR_REDIRECT] [Fatal Error] :1:1: Premature end of file.
2025-09-11 22:34:31,711 [ERROR] LogOutputStream:75 - [STDERR_REDIRECT] 
2025-09-11 22:34:31,974 [WARN] PackLoader:240 - Cannot read IP mode file for STMicroelectronics.FP-SNS-MOTENVWB1.1.4.0
2025-09-11 22:34:31,981 [WARN] PackLoader:240 - Cannot read IP mode file for STMicroelectronics.FP-ATR-ASTRA1.2.0.2
2025-09-11 22:34:31,986 [WARN] PackLoader:240 - Cannot read IP mode file for STMicroelectronics.FP-ATR-ASTRA1.2.0.1
2025-09-11 22:34:31,994 [WARN] PackLoader:240 - Cannot read IP mode file for STMicroelectronics.X-CUBE-SMBUS.2.1.0
2025-09-11 22:34:32,002 [WARN] PackLoader:240 - Cannot read IP mode file for STMicroelectronics.X-CUBE-WB05N.1.1.0
2025-09-11 22:34:32,007 [WARN] PackLoader:240 - Cannot read IP mode file for STMicroelectronics.X-CUBE-ST60.1.0.0
2025-09-11 22:34:32,042 [WARN] PackLoader:240 - Cannot read IP mode file for STMicroelectronics.X-CUBE-AZRTOS-F7.1.1.0
2025-09-11 22:34:32,058 [WARN] PackLoader:240 - Cannot read IP mode file for STMicroelectronics.FP-SNS-FLIGHT1.5.0.2
2025-09-11 22:34:32,083 [WARN] PackLoader:240 - Cannot read IP mode file for Infineon.AIROC-Wi-Fi-Bluetooth-STM32.1.7.0
2025-09-11 22:34:32,109 [WARN] PackLoader:240 - Cannot read IP mode file for STMicroelectronics.X-CUBE-AZRTOS-H7.3.4.0
2025-09-11 22:34:32,124 [WARN] PackLoader:240 - Cannot read IP mode file for STMicroelectronics.X-CUBE-DISPLAY.3.0.0
2025-09-11 22:34:32,164 [WARN] PackLoader:240 - Cannot read IP mode file for STMicroelectronics.X-CUBE-BLE1.7.0.0
2025-09-11 22:34:32,173 [WARN] PackLoader:240 - Cannot read IP mode file for STMicroelectronics.X-CUBE-NFC10.1.0.0
2025-09-11 22:34:32,184 [WARN] PackLoader:240 - Cannot read IP mode file for STMicroelectronics.X-CUBE-BLEMGR.4.0.0
2025-09-11 22:34:32,192 [WARN] PackLoader:240 - Cannot read IP mode file for emotas.I-CUBE-CANOPEN.1.3.0
2025-09-11 22:34:32,195 [WARN] PackLoader:240 - Cannot read IP mode file for STMicroelectronics.X-CUBE-AI.10.0.0
2025-09-11 22:34:32,202 [WARN] PackLoader:240 - Cannot read IP mode file for STMicroelectronics.FP-SNS-STBOX1.2.1.0
2025-09-11 22:34:32,208 [WARN] PackLoader:240 - Cannot read IP mode file for STMicroelectronics.FP-SNS-SMARTAG2.1.2.0
2025-09-11 22:34:32,212 [WARN] PackLoader:240 - Cannot read IP mode file for STMicroelectronics.FP-SNS-FLIGHT1.5.1.0
2025-09-11 22:34:32,255 [WARN] PackLoader:240 - Cannot read IP mode file for STMicroelectronics.X-CUBE-MEMS1.11.1.0
2025-09-11 22:34:32,430 [INFO] LogOutputStream:77 - [STDOUT_REDIRECT] 1 : Invalid condition id : UX_CORESTACK_Condition cause : null
2025-09-11 22:34:32,430 [INFO] LogOutputStream:77 - [STDOUT_REDIRECT] 1 : Invalid condition id : UX_CORESTACK_Condition cause : null
2025-09-11 22:34:32,432 [INFO] LogOutputStream:77 - [STDOUT_REDIRECT] 1 : Invalid condition id : UX_CORESTACK_Condition cause : null
2025-09-11 22:34:32,435 [INFO] LogOutputStream:77 - [STDOUT_REDIRECT] 1 : Invalid condition id : UX_CORESTACK_Condition cause : null
2025-09-11 22:34:32,436 [INFO] LogOutputStream:77 - [STDOUT_REDIRECT] 1 : Invalid condition id : UX_CORESTACK_Condition cause : null
2025-09-11 22:34:32,439 [WARN] PackLoader:240 - Cannot read IP mode file for STMicroelectronics.X-CUBE-AZRTOS-WL.2.0.0
2025-09-11 22:34:32,444 [WARN] PackLoader:240 - Cannot read IP mode file for STMicroelectronics.FP-SNS-MOTENV1.5.0.0
2025-09-11 22:34:32,451 [WARN] PackLoader:240 - Cannot read IP mode file for wolfSSL.I-CUBE-wolfMQTT.1.19.0
2025-09-11 22:34:32,457 [WARN] PackLoader:240 - Cannot read IP mode file for WES.I-CUBE-Cesium.1.3.0
2025-09-11 22:34:32,463 [WARN] PackLoader:240 - Cannot read IP mode file for STMicroelectronics.X-CUBE-BLE2.3.3.0
2025-09-11 22:34:32,471 [WARN] PackLoader:240 - Cannot read IP mode file for STMicroelectronics.X-CUBE-NFC9.1.0.0
2025-09-11 22:34:32,477 [WARN] PackLoader:240 - Cannot read IP mode file for STMicroelectronics.X-CUBE-BLE1.7.1.0
2025-09-11 22:34:32,488 [WARN] PackLoader:240 - Cannot read IP mode file for STMicroelectronics.X-CUBE-EEPRMA1.5.2.0
2025-09-11 22:34:32,493 [WARN] PackLoader:240 - Cannot read IP mode file for STMicroelectronics.X-CUBE-AI.10.1.0
2025-09-11 22:34:32,546 [WARN] PackLoader:240 - Cannot read IP mode file for STMicroelectronics.X-CUBE-MEMS1.11.2.0
2025-09-11 22:34:32,639 [ERROR] LogOutputStream:75 - [STDERR_REDIRECT] [Fatal Error] :1:1: Premature end of file.
2025-09-11 22:34:32,640 [ERROR] LogOutputStream:75 - [STDERR_REDIRECT] 
2025-09-11 22:34:32,647 [WARN] PackLoader:240 - Cannot read IP mode file for STMicroelectronics.X-CUBE-AZRTOS-G0.1.1.0
2025-09-11 22:34:32,653 [WARN] PackLoader:240 - Cannot read IP mode file for STMicroelectronics.X-CUBE-SAFEA1.1.2.2
2025-09-11 22:34:32,658 [WARN] PackLoader:240 - Cannot read IP mode file for STMicroelectronics.X-CUBE-NFC4.3.0.0
2025-09-11 22:34:32,669 [WARN] PackLoader:240 - Cannot read IP mode file for EmbeddedOffice.I-CUBE-FS-RTOS.1.0.1
2025-09-11 22:34:32,672 [WARN] PackLoader:240 - Cannot read IP mode file for STMicroelectronics.X-CUBE-WB05N.2.0.0
2025-09-11 22:34:32,677 [WARN] PackLoader:240 - Cannot read IP mode file for STMicroelectronics.X-CUBE-TCPP.4.2.0
2025-09-11 22:34:32,695 [WARN] PackLoader:240 - Cannot read IP mode file for RealThread.X-CUBE-RT-Thread_Nano.4.1.1
2025-09-11 22:34:32,700 [WARN] PackLoader:240 - Cannot read IP mode file for STMicroelectronics.FP-ATR-SIGFOX1.3.2.0
2025-09-11 22:34:32,704 [WARN] ConditionMgr:438 - getConditionDescription Invalid condition id : Cortex-A Device cause : null
2025-09-11 22:34:32,712 [WARN] ConditionMgr:1044 - genDependencies : Invalid condition id : Cortex-A Device cause : null
2025-09-11 22:34:32,712 [WARN] ConditionMgr:1044 - genDependencies : Invalid condition id : Cortex-A Device cause : null
2025-09-11 22:34:32,712 [WARN] ConditionMgr:1044 - genDependencies : Invalid condition id : Cortex-A Device cause : null
2025-09-11 22:34:32,717 [WARN] PackLoader:240 - Cannot read IP mode file for STMicroelectronics.X-CUBE-EEPRMA1.5.1.0
2025-09-11 22:34:32,723 [WARN] PackLoader:240 - Cannot read IP mode file for wolfSSL.I-CUBE-wolfSSL.5.7.4
2025-09-11 22:34:32,727 [WARN] PackLoader:240 - Cannot read IP mode file for ITTIA_DB.I-CUBE-ITTIADB.8.9.0
2025-09-11 22:34:32,733 [WARN] PackLoader:240 - Cannot read IP mode file for STMicroelectronics.X-CUBE-ST67W61.1.0.0
2025-09-11 22:34:32,738 [WARN] PackLoader:240 - Cannot read IP mode file for STMicroelectronics.X-CUBE-AI.10.2.0
2025-09-11 22:34:32,757 [WARN] PackLoader:240 - Cannot read IP mode file for SEGGER.I-CUBE-embOS.1.3.1
2025-09-11 22:34:32,783 [WARN] PackLoader:240 - Cannot read IP mode file for STMicroelectronics.X-CUBE-ALGOBUILD.1.4.0
2025-09-11 22:34:32,811 [WARN] PackLoader:240 - Cannot read IP mode file for STMicroelectronics.X-CUBE-MEMS1.11.3.0
2025-09-11 22:34:32,905 [WARN] PackLoader:240 - Cannot read IP mode file for STMicroelectronics.X-CUBE-AI.9.1.0
2025-09-11 22:34:32,908 [WARN] PackLoader:240 - Cannot read IP mode file for STMicroelectronics.X-CUBE-PM33A1.1.0.0
2025-09-11 22:34:32,918 [WARN] PackLoader:240 - Cannot read IP mode file for STMicroelectronics.X-CUBE-AZRTOS-F4.1.1.0
2025-09-11 22:34:32,926 [WARN] PackLoader:240 - Cannot read IP mode file for Avnet-IotConnect.X-CUBE-IoTC-DA16k-PMOD.1.0.0
2025-09-11 22:34:32,930 [WARN] PackLoader:240 - Cannot read IP mode file for STMicroelectronics.X-CUBE-ISPU.2.1.0
2025-09-11 22:34:32,934 [WARN] PackLoader:240 - Cannot read IP mode file for STMicroelectronics.X-CUBE-NFC12.1.0.0
2025-09-11 22:34:32,948 [WARN] PackLoader:240 - Cannot read IP mode file for STMicroelectronics.X-CUBE-AZRTOS-L5.2.0.0
2025-09-11 22:34:32,955 [WARN] PackLoader:240 - Cannot read IP mode file for STMicroelectronics.X-CUBE-NFC6.3.1.0
2025-09-11 22:34:32,960 [WARN] PackLoader:240 - Cannot read IP mode file for STMicroelectronics.X-CUBE-DPower.1.2.0
2025-09-11 22:34:32,964 [WARN] PackLoader:240 - Cannot read IP mode file for STMicroelectronics.X-CUBE-FREERTOS.1.3.1
2025-09-11 22:34:32,968 [WARN] PackLoader:240 - Cannot read IP mode file for STMicroelectronics.X-CUBE-FREERTOS.1.3.0
2025-09-11 22:34:32,972 [WARN] PackLoader:240 - Cannot read IP mode file for STMicroelectronics.X-CUBE-NFC7.1.0.1
2025-09-11 22:34:32,975 [WARN] PackLoader:240 - Cannot read IP mode file for STMicroelectronics.FP-SNS-STAIOTCFT.1.0.0
2025-09-11 22:34:32,978 [WARN] PackLoader:240 - Cannot read IP mode file for STMicroelectronics.X-CUBE-DPower.1.3.0
2025-09-11 22:34:32,991 [WARN] ConditionMgr:438 - getConditionDescription Invalid condition id : LAN8742 Phy interface Condition cause : null
2025-09-11 22:34:32,992 [WARN] PackLoader:240 - Cannot read IP mode file for STMicroelectronics.X-CUBE-AZRTOS-L4.2.0.0
2025-09-11 22:34:32,992 [WARN] ConditionMgr:1044 - genDependencies : Invalid condition id : LAN8742 Phy interface Condition cause : null
2025-09-11 22:34:32,992 [WARN] ConditionMgr:1044 - genDependencies : Invalid condition id : LAN8742 Phy interface Condition cause : null
2025-09-11 22:34:32,993 [WARN] ConditionMgr:1044 - genDependencies : Invalid condition id : LAN8742 Phy interface Condition cause : null
2025-09-11 22:34:32,997 [WARN] PackLoader:240 - Cannot read IP mode file for STMicroelectronics.X-CUBE-SFXS2LP1.4.0.0
2025-09-11 22:34:33,011 [WARN] PackLoader:240 - Cannot read IP mode file for STMicroelectronics.X-CUBE-AZRTOS-H7.3.3.0
2025-09-11 22:34:33,018 [WARN] PackLoader:240 - Cannot read IP mode file for STMicroelectronics.X-CUBE-BLEMGR.4.1.0
2025-09-11 22:34:33,028 [WARN] ConditionMgr:438 - getConditionDescription Invalid condition id : UX DEVICE CLASS RTOS Condition cause : null
2025-09-11 22:34:33,028 [WARN] ConditionMgr:438 - getConditionDescription Invalid condition id : UX DEVICE CLASS RTOS Condition cause : null
2025-09-11 22:34:33,030 [WARN] PackLoader:240 - Cannot read IP mode file for STMicroelectronics.X-CUBE-AZRTOS-WB.2.0.0
2025-09-11 22:34:33,031 [WARN] ConditionMgr:1044 - genDependencies : Invalid condition id : UX DEVICE CLASS RTOS Condition cause : null
2025-09-11 22:34:33,031 [WARN] ConditionMgr:1044 - genDependencies : Invalid condition id : UX DEVICE CLASS RTOS Condition cause : null
2025-09-11 22:34:33,031 [WARN] ConditionMgr:1044 - genDependencies : Invalid condition id : UX DEVICE CLASS RTOS Condition cause : null
2025-09-11 22:34:33,031 [WARN] ConditionMgr:1044 - genDependencies : Invalid condition id : UX DEVICE CLASS RTOS Condition cause : null
2025-09-11 22:34:33,031 [WARN] ConditionMgr:1044 - genDependencies : Invalid condition id : UX DEVICE CLASS RTOS Condition cause : null
2025-09-11 22:34:33,036 [WARN] PackLoader:240 - Cannot read IP mode file for STMicroelectronics.X-CUBE-GNSS1.7.0.1
2025-09-11 22:34:33,041 [WARN] PackLoader:240 - Cannot read IP mode file for STMicroelectronics.X-CUBE-TOUCHGFX.4.25.0
2025-09-11 22:34:33,045 [WARN] PackLoader:240 - Cannot read IP mode file for STMicroelectronics.FP-SNS-STBOX1.2.0.0
2025-09-11 22:34:33,054 [WARN] PackLoader:240 - Cannot read IP mode file for STMicroelectronics.X-CUBE-SUBG2.5.0.0
2025-09-11 22:34:33,068 [WARN] PackLoader:240 - Cannot read IP mode file for STMicroelectronics.X-CUBE-AZRTOS-H7RS.1.1.0
2025-09-11 22:34:33,075 [WARN] PackLoader:240 - Cannot read IP mode file for Cesanta.I-CUBE-Mongoose.7.13.0
2025-09-11 22:34:33,085 [WARN] PackLoader:240 - Cannot read IP mode file for STMicroelectronics.X-CUBE-AZRTOS-G4.2.0.0
2025-09-11 22:34:33,088 [WARN] PackLoader:240 - Cannot read IP mode file for STMicroelectronics.X-CUBE-NFC7.2.0.0
2025-09-11 22:34:33,095 [WARN] PackLoader:240 - Cannot read IP mode file for STMicroelectronics.X-CUBE-IPS.3.1.0
2025-09-11 22:34:33,102 [WARN] PackLoader:240 - Cannot read IP mode file for STMicroelectronics.X-CUBE-ALS.1.0.2
2025-09-11 22:34:33,129 [WARN] PackLoader:240 - Cannot read IP mode file for STMicroelectronics.X-CUBE-MEMS1.10.0.0
2025-09-11 22:34:33,344 [WARN] PackLoader:240 - Cannot read IP mode file for STMicroelectronics.X-CUBE-TOUCHGFX.4.24.2
2025-09-11 22:34:33,350 [WARN] PackLoader:240 - Cannot read IP mode file for STMicroelectronics.X-CUBE-STSE01.1.0.0
2025-09-11 22:34:33,355 [WARN] PackLoader:240 - Cannot read IP mode file for wolfSSL.I-CUBE-wolfTPM.3.4.0
2025-09-11 22:34:33,360 [WARN] PackLoader:240 - Cannot read IP mode file for portGmbH.I-Cube-SoM-uGOAL.1.1.0
2025-09-11 22:34:33,375 [WARN] PackLoader:240 - Cannot read IP mode file for STMicroelectronics.X-CUBE-AZRTOS-H7RS.1.0.0
2025-09-11 22:34:33,409 [WARN] PackLoader:240 - Cannot read IP mode file for STMicroelectronics.X-CUBE-TOF1.3.4.2
2025-09-11 22:34:33,428 [WARN] PackLoader:240 - Cannot read IP mode file for STMicroelectronics.X-CUBE-TOF1.3.4.3
2025-09-11 22:34:33,441 [WARN] PackLoader:240 - Cannot read IP mode file for wolfSSL.I-CUBE-wolfSSH.1.4.17
2025-09-11 22:34:33,441 [INFO] ThirdParty:978 - Integrity check success = true
2025-09-11 22:34:33,441 [INFO] IntegrityCheckThread:100 - exiting critical section [integrity check]
2025-09-11 22:34:33,441 [INFO] IntegrityCheckThread:103 - End integrity checks thread
2025-09-11 22:34:33,632 [ERROR] LogOutputStream:75 - [STDERR_REDIRECT] [Fatal Error] :1:1: Premature end of file.
2025-09-11 22:34:33,632 [ERROR] LogOutputStream:75 - [STDERR_REDIRECT] 
2025-09-11 22:34:34,627 [ERROR] LogOutputStream:75 - [STDERR_REDIRECT] [Fatal Error] :1:1: Premature end of file.
2025-09-11 22:34:34,627 [ERROR] LogOutputStream:75 - [STDERR_REDIRECT] 
2025-09-11 22:34:35,623 [ERROR] LogOutputStream:75 - [STDERR_REDIRECT] [Fatal Error] :1:1: Premature end of file.
2025-09-11 22:34:35,623 [ERROR] LogOutputStream:75 - [STDERR_REDIRECT] 
2025-09-11 22:34:36,622 [ERROR] LogOutputStream:75 - [STDERR_REDIRECT] [Fatal Error] :1:1: Premature end of file.
2025-09-11 22:34:36,622 [ERROR] LogOutputStream:75 - [STDERR_REDIRECT] 
2025-09-11 22:34:37,623 [ERROR] LogOutputStream:75 - [STDERR_REDIRECT] [Fatal Error] :1:1: Premature end of file.
2025-09-11 22:34:37,624 [ERROR] LogOutputStream:75 - [STDERR_REDIRECT] 
2025-09-11 22:34:38,629 [ERROR] LogOutputStream:75 - [STDERR_REDIRECT] [Fatal Error] :1:1: Premature end of file.
2025-09-11 22:34:38,629 [ERROR] LogOutputStream:75 - [STDERR_REDIRECT] 
2025-09-11 22:34:39,633 [ERROR] LogOutputStream:75 - [STDERR_REDIRECT] [Fatal Error] :1:1: Premature end of file.
2025-09-11 22:34:39,633 [ERROR] LogOutputStream:75 - [STDERR_REDIRECT] 
2025-09-11 22:34:40,637 [ERROR] LogOutputStream:75 - [STDERR_REDIRECT] [Fatal Error] :1:1: Premature end of file.
2025-09-11 22:34:40,637 [ERROR] LogOutputStream:75 - [STDERR_REDIRECT] 
2025-09-11 22:34:41,635 [ERROR] LogOutputStream:75 - [STDERR_REDIRECT] [Fatal Error] :1:1: Premature end of file.
2025-09-11 22:34:41,635 [ERROR] LogOutputStream:75 - [STDERR_REDIRECT] 
2025-09-11 22:34:42,625 [ERROR] LogOutputStream:75 - [STDERR_REDIRECT] [Fatal Error] :1:1: Premature end of file.
2025-09-11 22:34:42,626 [ERROR] LogOutputStream:75 - [STDERR_REDIRECT] 
2025-09-11 22:34:43,633 [ERROR] LogOutputStream:75 - [STDERR_REDIRECT] [Fatal Error] :1:1: Premature end of file.
2025-09-11 22:34:43,634 [ERROR] LogOutputStream:75 - [STDERR_REDIRECT] 
2025-09-11 22:34:44,624 [ERROR] LogOutputStream:75 - [STDERR_REDIRECT] [Fatal Error] :1:1: Premature end of file.
2025-09-11 22:34:44,624 [ERROR] LogOutputStream:75 - [STDERR_REDIRECT] 
2025-09-11 22:34:45,628 [ERROR] LogOutputStream:75 - [STDERR_REDIRECT] [Fatal Error] :1:1: Premature end of file.
2025-09-11 22:34:45,628 [ERROR] LogOutputStream:75 - [STDERR_REDIRECT] 
2025-09-11 22:34:46,626 [ERROR] LogOutputStream:75 - [STDERR_REDIRECT] [Fatal Error] :1:1: Premature end of file.
2025-09-11 22:34:46,627 [ERROR] LogOutputStream:75 - [STDERR_REDIRECT] 
2025-09-11 22:34:47,627 [ERROR] LogOutputStream:75 - [STDERR_REDIRECT] [Fatal Error] :1:1: Premature end of file.
2025-09-11 22:34:47,628 [ERROR] LogOutputStream:75 - [STDERR_REDIRECT] 
2025-09-11 22:34:48,637 [ERROR] LogOutputStream:75 - [STDERR_REDIRECT] [Fatal Error] :1:1: Premature end of file.
2025-09-11 22:34:48,637 [ERROR] LogOutputStream:75 - [STDERR_REDIRECT] 
2025-09-11 22:34:49,636 [ERROR] LogOutputStream:75 - [STDERR_REDIRECT] [Fatal Error] :1:1: Premature end of file.
2025-09-11 22:34:49,637 [ERROR] LogOutputStream:75 - [STDERR_REDIRECT] 
2025-09-11 22:34:50,643 [ERROR] LogOutputStream:75 - [STDERR_REDIRECT] [Fatal Error] :1:1: Premature end of file.
2025-09-11 22:34:50,643 [ERROR] LogOutputStream:75 - [STDERR_REDIRECT] 
2025-09-11 22:34:51,619 [ERROR] LogOutputStream:75 - [STDERR_REDIRECT] [Fatal Error] :1:1: Premature end of file.
2025-09-11 22:34:51,619 [ERROR] LogOutputStream:75 - [STDERR_REDIRECT] 
2025-09-11 22:34:52,645 [ERROR] LogOutputStream:75 - [STDERR_REDIRECT] [Fatal Error] :1:1: Premature end of file.
2025-09-11 22:34:52,645 [ERROR] LogOutputStream:75 - [STDERR_REDIRECT] 
2025-09-11 22:34:53,628 [ERROR] LogOutputStream:75 - [STDERR_REDIRECT] [Fatal Error] :1:1: Premature end of file.
2025-09-11 22:34:53,628 [ERROR] LogOutputStream:75 - [STDERR_REDIRECT] 
2025-09-11 22:34:54,624 [ERROR] LogOutputStream:75 - [STDERR_REDIRECT] [Fatal Error] :1:1: Premature end of file.
2025-09-11 22:34:54,624 [ERROR] LogOutputStream:75 - [STDERR_REDIRECT] 
2025-09-11 22:34:55,644 [ERROR] LogOutputStream:75 - [STDERR_REDIRECT] [Fatal Error] :1:1: Premature end of file.
2025-09-11 22:34:55,644 [ERROR] LogOutputStream:75 - [STDERR_REDIRECT] 
2025-09-11 22:34:56,628 [ERROR] LogOutputStream:75 - [STDERR_REDIRECT] [Fatal Error] :1:1: Premature end of file.
2025-09-11 22:34:56,629 [ERROR] LogOutputStream:75 - [STDERR_REDIRECT] 
2025-09-11 22:34:57,627 [ERROR] LogOutputStream:75 - [STDERR_REDIRECT] [Fatal Error] :1:1: Premature end of file.
2025-09-11 22:34:57,627 [ERROR] LogOutputStream:75 - [STDERR_REDIRECT] 
2025-09-11 22:34:58,623 [ERROR] LogOutputStream:75 - [STDERR_REDIRECT] [Fatal Error] :1:1: Premature end of file.
2025-09-11 22:34:58,623 [ERROR] LogOutputStream:75 - [STDERR_REDIRECT] 
2025-09-11 22:34:59,628 [ERROR] LogOutputStream:75 - [STDERR_REDIRECT] [Fatal Error] :1:1: Premature end of file.
2025-09-11 22:34:59,628 [ERROR] LogOutputStream:75 - [STDERR_REDIRECT] 
2025-09-11 22:35:00,623 [ERROR] LogOutputStream:75 - [STDERR_REDIRECT] [Fatal Error] :1:1: Premature end of file.
2025-09-11 22:35:00,623 [ERROR] LogOutputStream:75 - [STDERR_REDIRECT] 
2025-09-11 22:35:01,624 [ERROR] LogOutputStream:75 - [STDERR_REDIRECT] [Fatal Error] :1:1: Premature end of file.
2025-09-11 22:35:01,624 [ERROR] LogOutputStream:75 - [STDERR_REDIRECT] 
2025-09-11 22:35:02,624 [ERROR] LogOutputStream:75 - [STDERR_REDIRECT] [Fatal Error] :1:1: Premature end of file.
2025-09-11 22:35:02,624 [ERROR] LogOutputStream:75 - [STDERR_REDIRECT] 
2025-09-11 22:35:03,619 [ERROR] LogOutputStream:75 - [STDERR_REDIRECT] [Fatal Error] :1:1: Premature end of file.
2025-09-11 22:35:03,619 [ERROR] LogOutputStream:75 - [STDERR_REDIRECT] 
2025-09-11 22:35:04,620 [ERROR] LogOutputStream:75 - [STDERR_REDIRECT] [Fatal Error] :1:1: Premature end of file.
2025-09-11 22:35:04,621 [ERROR] LogOutputStream:75 - [STDERR_REDIRECT] 
2025-09-11 22:35:05,620 [ERROR] LogOutputStream:75 - [STDERR_REDIRECT] [Fatal Error] :1:1: Premature end of file.
2025-09-11 22:35:05,620 [ERROR] LogOutputStream:75 - [STDERR_REDIRECT] 
2025-09-11 22:35:06,623 [ERROR] LogOutputStream:75 - [STDERR_REDIRECT] [Fatal Error] :1:1: Premature end of file.
2025-09-11 22:35:06,623 [ERROR] LogOutputStream:75 - [STDERR_REDIRECT] 
2025-09-11 22:35:07,620 [ERROR] LogOutputStream:75 - [STDERR_REDIRECT] [Fatal Error] :1:1: Premature end of file.
2025-09-11 22:35:07,621 [ERROR] LogOutputStream:75 - [STDERR_REDIRECT] 
2025-09-11 22:35:08,619 [ERROR] LogOutputStream:75 - [STDERR_REDIRECT] [Fatal Error] :1:1: Premature end of file.
2025-09-11 22:35:08,619 [ERROR] LogOutputStream:75 - [STDERR_REDIRECT] 
2025-09-11 22:35:09,621 [ERROR] LogOutputStream:75 - [STDERR_REDIRECT] [Fatal Error] :1:1: Premature end of file.
2025-09-11 22:35:09,621 [ERROR] LogOutputStream:75 - [STDERR_REDIRECT] 
2025-09-11 22:35:10,634 [ERROR] LogOutputStream:75 - [STDERR_REDIRECT] [Fatal Error] :1:1: Premature end of file.
2025-09-11 22:35:10,634 [ERROR] LogOutputStream:75 - [STDERR_REDIRECT] 
2025-09-11 22:35:11,625 [ERROR] LogOutputStream:75 - [STDERR_REDIRECT] [Fatal Error] :1:1: Premature end of file.
2025-09-11 22:35:11,625 [ERROR] LogOutputStream:75 - [STDERR_REDIRECT] 
2025-09-11 22:35:12,633 [ERROR] LogOutputStream:75 - [STDERR_REDIRECT] [Fatal Error] :1:1: Premature end of file.
2025-09-11 22:35:12,633 [ERROR] LogOutputStream:75 - [STDERR_REDIRECT] 
2025-09-11 22:35:13,625 [ERROR] LogOutputStream:75 - [STDERR_REDIRECT] [Fatal Error] :1:1: Premature end of file.
2025-09-11 22:35:13,625 [ERROR] LogOutputStream:75 - [STDERR_REDIRECT] 
2025-09-11 22:35:14,635 [ERROR] LogOutputStream:75 - [STDERR_REDIRECT] [Fatal Error] :1:1: Premature end of file.
2025-09-11 22:35:14,635 [ERROR] LogOutputStream:75 - [STDERR_REDIRECT] 
2025-09-11 22:35:15,620 [ERROR] LogOutputStream:75 - [STDERR_REDIRECT] [Fatal Error] :1:1: Premature end of file.
2025-09-11 22:35:15,620 [ERROR] LogOutputStream:75 - [STDERR_REDIRECT] 
2025-09-11 22:35:16,627 [ERROR] LogOutputStream:75 - [STDERR_REDIRECT] [Fatal Error] :1:1: Premature end of file.
2025-09-11 22:35:16,628 [ERROR] LogOutputStream:75 - [STDERR_REDIRECT] 
2025-09-11 22:35:17,621 [ERROR] LogOutputStream:75 - [STDERR_REDIRECT] [Fatal Error] :1:1: Premature end of file.
2025-09-11 22:35:17,621 [ERROR] LogOutputStream:75 - [STDERR_REDIRECT] 
2025-09-11 22:35:18,628 [ERROR] LogOutputStream:75 - [STDERR_REDIRECT] [Fatal Error] :1:1: Premature end of file.
2025-09-11 22:35:18,628 [ERROR] LogOutputStream:75 - [STDERR_REDIRECT] 
2025-09-11 22:35:19,621 [ERROR] LogOutputStream:75 - [STDERR_REDIRECT] [Fatal Error] :1:1: Premature end of file.
2025-09-11 22:35:19,621 [ERROR] LogOutputStream:75 - [STDERR_REDIRECT] 
2025-09-11 22:35:20,622 [ERROR] LogOutputStream:75 - [STDERR_REDIRECT] [Fatal Error] :1:1: Premature end of file.
2025-09-11 22:35:20,622 [ERROR] LogOutputStream:75 - [STDERR_REDIRECT] 
2025-09-11 22:35:21,622 [ERROR] LogOutputStream:75 - [STDERR_REDIRECT] [Fatal Error] :1:1: Premature end of file.
2025-09-11 22:35:21,623 [ERROR] LogOutputStream:75 - [STDERR_REDIRECT] 
2025-09-11 22:35:22,621 [ERROR] LogOutputStream:75 - [STDERR_REDIRECT] [Fatal Error] :1:1: Premature end of file.
2025-09-11 22:35:22,621 [ERROR] LogOutputStream:75 - [STDERR_REDIRECT] 
2025-09-11 22:35:23,622 [ERROR] LogOutputStream:75 - [STDERR_REDIRECT] [Fatal Error] :1:1: Premature end of file.
2025-09-11 22:35:23,622 [ERROR] LogOutputStream:75 - [STDERR_REDIRECT] 
2025-09-11 22:35:24,635 [ERROR] LogOutputStream:75 - [STDERR_REDIRECT] [Fatal Error] :1:1: Premature end of file.
2025-09-11 22:35:24,635 [ERROR] LogOutputStream:75 - [STDERR_REDIRECT] 
2025-09-11 22:35:25,622 [ERROR] LogOutputStream:75 - [STDERR_REDIRECT] [Fatal Error] :1:1: Premature end of file.
2025-09-11 22:35:25,623 [ERROR] LogOutputStream:75 - [STDERR_REDIRECT] 
2025-09-11 22:35:26,619 [ERROR] LogOutputStream:75 - [STDERR_REDIRECT] [Fatal Error] :1:1: Premature end of file.
2025-09-11 22:35:26,619 [ERROR] LogOutputStream:75 - [STDERR_REDIRECT] 
2025-09-11 22:35:27,621 [ERROR] LogOutputStream:75 - [STDERR_REDIRECT] [Fatal Error] :1:1: Premature end of file.
2025-09-11 22:35:27,621 [ERROR] LogOutputStream:75 - [STDERR_REDIRECT] 
2025-09-11 22:35:28,631 [ERROR] LogOutputStream:75 - [STDERR_REDIRECT] [Fatal Error] :1:1: Premature end of file.
2025-09-11 22:35:28,632 [ERROR] LogOutputStream:75 - [STDERR_REDIRECT] 
2025-09-11 22:35:29,625 [ERROR] LogOutputStream:75 - [STDERR_REDIRECT] [Fatal Error] :1:1: Premature end of file.
2025-09-11 22:35:29,625 [ERROR] LogOutputStream:75 - [STDERR_REDIRECT] 
2025-09-11 22:35:30,622 [ERROR] LogOutputStream:75 - [STDERR_REDIRECT] [Fatal Error] :1:1: Premature end of file.
2025-09-11 22:35:30,622 [ERROR] LogOutputStream:75 - [STDERR_REDIRECT] 
2025-09-11 22:35:31,622 [ERROR] LogOutputStream:75 - [STDERR_REDIRECT] [Fatal Error] :1:1: Premature end of file.
2025-09-11 22:35:31,623 [ERROR] LogOutputStream:75 - [STDERR_REDIRECT] 
2025-09-11 22:35:32,619 [ERROR] LogOutputStream:75 - [STDERR_REDIRECT] [Fatal Error] :1:1: Premature end of file.
2025-09-11 22:35:32,619 [ERROR] LogOutputStream:75 - [STDERR_REDIRECT] 
2025-09-11 22:35:33,624 [ERROR] LogOutputStream:75 - [STDERR_REDIRECT] [Fatal Error] :1:1: Premature end of file.
2025-09-11 22:35:33,624 [ERROR] LogOutputStream:75 - [STDERR_REDIRECT] 
2025-09-11 22:35:34,625 [ERROR] LogOutputStream:75 - [STDERR_REDIRECT] [Fatal Error] :1:1: Premature end of file.
2025-09-11 22:35:34,625 [ERROR] LogOutputStream:75 - [STDERR_REDIRECT] 
2025-09-11 22:35:35,624 [ERROR] LogOutputStream:75 - [STDERR_REDIRECT] [Fatal Error] :1:1: Premature end of file.
2025-09-11 22:35:35,624 [ERROR] LogOutputStream:75 - [STDERR_REDIRECT] 
2025-09-11 22:35:36,624 [ERROR] LogOutputStream:75 - [STDERR_REDIRECT] [Fatal Error] :1:1: Premature end of file.
2025-09-11 22:35:36,624 [ERROR] LogOutputStream:75 - [STDERR_REDIRECT] 
2025-09-11 22:35:37,625 [ERROR] LogOutputStream:75 - [STDERR_REDIRECT] [Fatal Error] :1:1: Premature end of file.
2025-09-11 22:35:37,625 [ERROR] LogOutputStream:75 - [STDERR_REDIRECT] 
2025-09-11 22:35:38,622 [ERROR] LogOutputStream:75 - [STDERR_REDIRECT] [Fatal Error] :1:1: Premature end of file.
2025-09-11 22:35:38,622 [ERROR] LogOutputStream:75 - [STDERR_REDIRECT] 
2025-09-11 22:35:39,620 [ERROR] LogOutputStream:75 - [STDERR_REDIRECT] [Fatal Error] :1:1: Premature end of file.
2025-09-11 22:35:39,620 [ERROR] LogOutputStream:75 - [STDERR_REDIRECT] 
2025-09-11 22:35:40,623 [ERROR] LogOutputStream:75 - [STDERR_REDIRECT] [Fatal Error] :1:1: Premature end of file.
2025-09-11 22:35:40,623 [ERROR] LogOutputStream:75 - [STDERR_REDIRECT] 
2025-09-11 22:35:41,621 [ERROR] LogOutputStream:75 - [STDERR_REDIRECT] [Fatal Error] :1:1: Premature end of file.
2025-09-11 22:35:41,622 [ERROR] LogOutputStream:75 - [STDERR_REDIRECT] 
2025-09-11 22:35:42,629 [ERROR] LogOutputStream:75 - [STDERR_REDIRECT] [Fatal Error] :1:1: Premature end of file.
2025-09-11 22:35:42,629 [ERROR] LogOutputStream:75 - [STDERR_REDIRECT] 
2025-09-11 22:35:43,624 [ERROR] LogOutputStream:75 - [STDERR_REDIRECT] [Fatal Error] :1:1: Premature end of file.
2025-09-11 22:35:43,624 [ERROR] LogOutputStream:75 - [STDERR_REDIRECT] 
2025-09-11 22:35:44,621 [ERROR] LogOutputStream:75 - [STDERR_REDIRECT] [Fatal Error] :1:1: Premature end of file.
2025-09-11 22:35:44,622 [ERROR] LogOutputStream:75 - [STDERR_REDIRECT] 
2025-09-11 22:35:45,627 [ERROR] LogOutputStream:75 - [STDERR_REDIRECT] [Fatal Error] :1:1: Premature end of file.
2025-09-11 22:35:45,627 [ERROR] LogOutputStream:75 - [STDERR_REDIRECT] 
2025-09-11 22:35:46,633 [ERROR] LogOutputStream:75 - [STDERR_REDIRECT] [Fatal Error] :1:1: Premature end of file.
2025-09-11 22:35:46,634 [ERROR] LogOutputStream:75 - [STDERR_REDIRECT] 
2025-09-11 22:35:47,629 [ERROR] LogOutputStream:75 - [STDERR_REDIRECT] [Fatal Error] :1:1: Premature end of file.
2025-09-11 22:35:47,629 [ERROR] LogOutputStream:75 - [STDERR_REDIRECT] 
2025-09-11 22:35:48,621 [ERROR] LogOutputStream:75 - [STDERR_REDIRECT] [Fatal Error] :1:1: Premature end of file.
2025-09-11 22:35:48,621 [ERROR] LogOutputStream:75 - [STDERR_REDIRECT] 
2025-09-11 22:35:49,620 [ERROR] LogOutputStream:75 - [STDERR_REDIRECT] [Fatal Error] :1:1: Premature end of file.
2025-09-11 22:35:49,620 [ERROR] LogOutputStream:75 - [STDERR_REDIRECT] 
2025-09-11 22:35:50,621 [ERROR] LogOutputStream:75 - [STDERR_REDIRECT] [Fatal Error] :1:1: Premature end of file.
2025-09-11 22:35:50,621 [ERROR] LogOutputStream:75 - [STDERR_REDIRECT] 
2025-09-11 22:35:51,620 [ERROR] LogOutputStream:75 - [STDERR_REDIRECT] [Fatal Error] :1:1: Premature end of file.
2025-09-11 22:35:51,621 [ERROR] LogOutputStream:75 - [STDERR_REDIRECT] 
2025-09-11 22:35:52,621 [ERROR] LogOutputStream:75 - [STDERR_REDIRECT] [Fatal Error] :1:1: Premature end of file.
2025-09-11 22:35:52,621 [ERROR] LogOutputStream:75 - [STDERR_REDIRECT] 
2025-09-11 22:35:53,620 [ERROR] LogOutputStream:75 - [STDERR_REDIRECT] [Fatal Error] :1:1: Premature end of file.
2025-09-11 22:35:53,620 [ERROR] LogOutputStream:75 - [STDERR_REDIRECT] 
2025-09-11 22:35:54,621 [ERROR] LogOutputStream:75 - [STDERR_REDIRECT] [Fatal Error] :1:1: Premature end of file.
2025-09-11 22:35:54,621 [ERROR] LogOutputStream:75 - [STDERR_REDIRECT] 
2025-09-11 22:35:55,619 [ERROR] LogOutputStream:75 - [STDERR_REDIRECT] [Fatal Error] :1:1: Premature end of file.
2025-09-11 22:35:55,620 [ERROR] LogOutputStream:75 - [STDERR_REDIRECT] 
2025-09-11 22:35:56,631 [ERROR] LogOutputStream:75 - [STDERR_REDIRECT] [Fatal Error] :1:1: Premature end of file.
2025-09-11 22:35:56,632 [ERROR] LogOutputStream:75 - [STDERR_REDIRECT] 
2025-09-11 22:35:57,632 [ERROR] LogOutputStream:75 - [STDERR_REDIRECT] [Fatal Error] :1:1: Premature end of file.
2025-09-11 22:35:57,632 [ERROR] LogOutputStream:75 - [STDERR_REDIRECT] 
2025-09-11 22:35:58,625 [ERROR] LogOutputStream:75 - [STDERR_REDIRECT] [Fatal Error] :1:1: Premature end of file.
2025-09-11 22:35:58,625 [ERROR] LogOutputStream:75 - [STDERR_REDIRECT] 
2025-09-11 22:35:59,625 [ERROR] LogOutputStream:75 - [STDERR_REDIRECT] [Fatal Error] :1:1: Premature end of file.
2025-09-11 22:35:59,625 [ERROR] LogOutputStream:75 - [STDERR_REDIRECT] 
2025-09-11 22:36:00,629 [ERROR] LogOutputStream:75 - [STDERR_REDIRECT] [Fatal Error] :1:1: Premature end of file.
2025-09-11 22:36:00,629 [ERROR] LogOutputStream:75 - [STDERR_REDIRECT] 
2025-09-11 22:36:01,629 [ERROR] LogOutputStream:75 - [STDERR_REDIRECT] [Fatal Error] :1:1: Premature end of file.
2025-09-11 22:36:01,629 [ERROR] LogOutputStream:75 - [STDERR_REDIRECT] 
2025-09-11 22:36:02,635 [ERROR] LogOutputStream:75 - [STDERR_REDIRECT] [Fatal Error] :1:1: Premature end of file.
2025-09-11 22:36:02,636 [ERROR] LogOutputStream:75 - [STDERR_REDIRECT] 
2025-09-11 22:36:03,623 [ERROR] LogOutputStream:75 - [STDERR_REDIRECT] [Fatal Error] :1:1: Premature end of file.
2025-09-11 22:36:03,623 [ERROR] LogOutputStream:75 - [STDERR_REDIRECT] 
2025-09-11 22:36:04,621 [ERROR] LogOutputStream:75 - [STDERR_REDIRECT] [Fatal Error] :1:1: Premature end of file.
2025-09-11 22:36:04,621 [ERROR] LogOutputStream:75 - [STDERR_REDIRECT] 
2025-09-11 22:36:05,622 [ERROR] LogOutputStream:75 - [STDERR_REDIRECT] [Fatal Error] :1:1: Premature end of file.
2025-09-11 22:36:05,623 [ERROR] LogOutputStream:75 - [STDERR_REDIRECT] 
2025-09-11 22:36:06,624 [ERROR] LogOutputStream:75 - [STDERR_REDIRECT] [Fatal Error] :1:1: Premature end of file.
2025-09-11 22:36:06,624 [ERROR] LogOutputStream:75 - [STDERR_REDIRECT] 
2025-09-11 22:36:07,623 [ERROR] LogOutputStream:75 - [STDERR_REDIRECT] [Fatal Error] :1:1: Premature end of file.
2025-09-11 22:36:07,623 [ERROR] LogOutputStream:75 - [STDERR_REDIRECT] 
2025-09-11 22:36:08,630 [ERROR] LogOutputStream:75 - [STDERR_REDIRECT] [Fatal Error] :1:1: Premature end of file.
2025-09-11 22:36:08,630 [ERROR] LogOutputStream:75 - [STDERR_REDIRECT] 
2025-09-11 22:36:09,633 [ERROR] LogOutputStream:75 - [STDERR_REDIRECT] [Fatal Error] :1:1: Premature end of file.
2025-09-11 22:36:09,633 [ERROR] LogOutputStream:75 - [STDERR_REDIRECT] 
2025-09-11 22:36:10,624 [ERROR] LogOutputStream:75 - [STDERR_REDIRECT] [Fatal Error] :1:1: Premature end of file.
2025-09-11 22:36:10,624 [ERROR] LogOutputStream:75 - [STDERR_REDIRECT] 
2025-09-11 22:36:11,622 [ERROR] LogOutputStream:75 - [STDERR_REDIRECT] [Fatal Error] :1:1: Premature end of file.
2025-09-11 22:36:11,622 [ERROR] LogOutputStream:75 - [STDERR_REDIRECT] 
2025-09-11 22:36:12,620 [ERROR] LogOutputStream:75 - [STDERR_REDIRECT] [Fatal Error] :1:1: Premature end of file.
2025-09-11 22:36:12,620 [ERROR] LogOutputStream:75 - [STDERR_REDIRECT] 
2025-09-11 22:36:13,621 [ERROR] LogOutputStream:75 - [STDERR_REDIRECT] [Fatal Error] :1:1: Premature end of file.
2025-09-11 22:36:13,621 [ERROR] LogOutputStream:75 - [STDERR_REDIRECT] 
2025-09-11 22:36:14,619 [ERROR] LogOutputStream:75 - [STDERR_REDIRECT] [Fatal Error] :1:1: Premature end of file.
2025-09-11 22:36:14,619 [ERROR] LogOutputStream:75 - [STDERR_REDIRECT] 
2025-09-11 22:36:15,621 [ERROR] LogOutputStream:75 - [STDERR_REDIRECT] [Fatal Error] :1:1: Premature end of file.
2025-09-11 22:36:15,621 [ERROR] LogOutputStream:75 - [STDERR_REDIRECT] 
2025-09-11 22:36:16,621 [ERROR] LogOutputStream:75 - [STDERR_REDIRECT] [Fatal Error] :1:1: Premature end of file.
2025-09-11 22:36:16,621 [ERROR] LogOutputStream:75 - [STDERR_REDIRECT] 
2025-09-11 22:36:17,619 [ERROR] LogOutputStream:75 - [STDERR_REDIRECT] [Fatal Error] :1:1: Premature end of file.
2025-09-11 22:36:17,619 [ERROR] LogOutputStream:75 - [STDERR_REDIRECT] 
2025-09-11 22:36:18,621 [ERROR] LogOutputStream:75 - [STDERR_REDIRECT] [Fatal Error] :1:1: Premature end of file.
2025-09-11 22:36:18,621 [ERROR] LogOutputStream:75 - [STDERR_REDIRECT] 
2025-09-11 22:36:19,624 [ERROR] LogOutputStream:75 - [STDERR_REDIRECT] [Fatal Error] :1:1: Premature end of file.
2025-09-11 22:36:19,624 [ERROR] LogOutputStream:75 - [STDERR_REDIRECT] 
2025-09-11 22:36:20,636 [ERROR] LogOutputStream:75 - [STDERR_REDIRECT] [Fatal Error] :1:1: Premature end of file.
2025-09-11 22:36:20,637 [ERROR] LogOutputStream:75 - [STDERR_REDIRECT] 
2025-09-11 22:36:21,631 [ERROR] LogOutputStream:75 - [STDERR_REDIRECT] 
2025-09-11 22:36:21,633 [ERROR] LogOutputStream:75 - [STDERR_REDIRECT] 
