2025-09-16 21:04:19,582 [INFO] Activator:176 - 


2025-09-16 21:04:19,588 [INFO] Activator:177 - !SESSION log4j initialized
2025-09-16 21:04:26,068 [INFO] LogOutputStream:77 - [STDOUT_REDIRECT] 
2025-09-16 21:04:36,895 [INFO] ApplicationProperties:184 - Using Application install path: C:\ST\STM32CubeIDE_1.19.0\STM32CubeIDE\plugins\com.st.stm32cube.common.mx_6.15.0.202507011659
2025-09-16 21:04:36,910 [INFO] DbMcusXml:78 - Set database path to: C:\ST\STM32CubeIDE_1.19.0\STM32CubeIDE\plugins\com.st.stm32cube.common.mx_6.15.0.202507011659\\db\/mcu/
2025-09-16 21:04:36,911 [INFO] ApiDb:274 - Set plugin database path to: C:\ST\STM32CubeIDE_1.19.0\STM32CubeIDE\plugins\com.st.stm32cube.common.mx_6.15.0.202507011659\\db\/plugins/boardmanager/
2025-09-16 21:04:36,911 [WARN] ApiDb:259 - Overriding images path with different value:  => C:\ST\STM32CubeIDE_1.19.0\STM32CubeIDE\plugins\com.st.stm32cube.common.mx_6.15.0.202507011659\\db\/plugins/mcufinder/images/
2025-09-16 21:04:36,921 [INFO] ApiDb:250 - Set database path to: C:\Users\SNYDE\.stmcufinder\plugins\mcufinder//mcu/
2025-09-16 21:04:36,921 [INFO] DbMcusAds:125 - Set database path to: C:\Users\SNYDE\.stmcufinder\plugins\mcufinder//mcu/
2025-09-16 21:04:36,930 [INFO] CrossReferenceDbSqlite:203 - Set database path to: C:\Users\SNYDE\.stmcufinder\plugins\mcufinder//mcu/cs/
2025-09-16 21:04:37,041 [INFO] RulesReader:64 - Compatibility file has been processed (317 Rules)
2025-09-16 21:04:37,130 [INFO] DbMcusXml:78 - Set database path to: C:\ST\STM32CubeIDE_1.19.0\STM32CubeIDE\plugins\com.st.stm32cube.common.mx_6.15.0.202507011659\\db\/mcu/
2025-09-16 21:04:37,130 [INFO] ApiDb:274 - Set plugin database path to: C:\ST\STM32CubeIDE_1.19.0\STM32CubeIDE\plugins\com.st.stm32cube.common.mx_6.15.0.202507011659\\db\/plugins/boardmanager/
2025-09-16 21:04:37,130 [INFO] ApiDb:261 - Set plugin images path to: C:\ST\STM32CubeIDE_1.19.0\STM32CubeIDE\plugins\com.st.stm32cube.common.mx_6.15.0.202507011659\\db\/plugins/mcufinder/images/
2025-09-16 21:04:37,130 [WARN] DbFile:41 - Overriding database path with different value: C:\Users\SNYDE\.stmcufinder\plugins\mcufinder/ => C:\Users\SNYDE\.stmcufinder\plugins\mcufinder
2025-09-16 21:04:37,130 [INFO] ApiDb:250 - Set database path to: C:\Users\SNYDE\.stmcufinder\plugins\mcufinder//mcu/
2025-09-16 21:04:37,130 [WARN] DbFile:41 - Overriding database path with different value: C:\Users\SNYDE\.stmcufinder\plugins\mcufinder/ => C:\Users\SNYDE\.stmcufinder\plugins\mcufinder
2025-09-16 21:04:37,131 [INFO] DbMcusAds:125 - Set database path to: C:\Users\SNYDE\.stmcufinder\plugins\mcufinder//mcu/
2025-09-16 21:04:37,131 [WARN] DbFile:41 - Overriding database path with different value: C:\Users\SNYDE\.stmcufinder\plugins\mcufinder/ => C:\Users\SNYDE\.stmcufinder\plugins\mcufinder
2025-09-16 21:04:37,131 [WARN] DbFile:41 - Overriding database path with different value: C:\Users\SNYDE\.stmcufinder\plugins\mcufinder/ => C:\Users\SNYDE\.stmcufinder\plugins\mcufinder
2025-09-16 21:04:37,131 [INFO] CrossReferenceDbSqlite:203 - Set database path to: C:\Users\SNYDE\.stmcufinder\plugins\mcufinder//mcu/cs/
2025-09-16 21:04:37,214 [INFO] MainPanel:274 - HeapMemory: 268435456
2025-09-16 21:04:37,321 [INFO] DbMcusXml:78 - Set database path to: C:\ST\STM32CubeIDE_1.19.0\STM32CubeIDE\plugins\com.st.stm32cube.common.mx_6.15.0.202507011659\\db\/mcu/
2025-09-16 21:04:37,321 [INFO] ApiDb:274 - Set plugin database path to: C:\ST\STM32CubeIDE_1.19.0\STM32CubeIDE\plugins\com.st.stm32cube.common.mx_6.15.0.202507011659\\db\/plugins/boardmanager/
2025-09-16 21:04:37,321 [INFO] ApiDb:261 - Set plugin images path to: C:\ST\STM32CubeIDE_1.19.0\STM32CubeIDE\plugins\com.st.stm32cube.common.mx_6.15.0.202507011659\\db\/plugins/mcufinder/images/
2025-09-16 21:04:37,321 [WARN] DbFile:41 - Overriding database path with different value: C:\Users\SNYDE\.stmcufinder\plugins\mcufinder/ => C:\Users\SNYDE\.stmcufinder\plugins\mcufinder
2025-09-16 21:04:37,322 [INFO] ApiDb:250 - Set database path to: C:\Users\SNYDE\.stmcufinder\plugins\mcufinder//mcu/
2025-09-16 21:04:37,322 [WARN] DbFile:41 - Overriding database path with different value: C:\Users\SNYDE\.stmcufinder\plugins\mcufinder/ => C:\Users\SNYDE\.stmcufinder\plugins\mcufinder
2025-09-16 21:04:37,322 [INFO] DbMcusAds:125 - Set database path to: C:\Users\SNYDE\.stmcufinder\plugins\mcufinder//mcu/
2025-09-16 21:04:37,322 [WARN] DbFile:41 - Overriding database path with different value: C:\Users\SNYDE\.stmcufinder\plugins\mcufinder/ => C:\Users\SNYDE\.stmcufinder\plugins\mcufinder
2025-09-16 21:04:37,322 [WARN] DbFile:41 - Overriding database path with different value: C:\Users\SNYDE\.stmcufinder\plugins\mcufinder/ => C:\Users\SNYDE\.stmcufinder\plugins\mcufinder
2025-09-16 21:04:37,322 [INFO] CrossReferenceDbSqlite:203 - Set database path to: C:\Users\SNYDE\.stmcufinder\plugins\mcufinder//mcu/cs/
2025-09-16 21:04:37,341 [INFO] ApplicationProperties:184 - Using Application install path: C:\ST\STM32CubeIDE_1.19.0\STM32CubeIDE\plugins\com.st.stm32cube.common.mx_6.15.0.202507011659
2025-09-16 21:04:37,342 [INFO] PluginManage:196 - Search for loadable plugins [exclusion list=, ]
2025-09-16 21:04:37,343 [INFO] PluginManage:310 - Check plugin analytics
2025-09-16 21:04:47,027 [INFO] AnalyticsPlugin:253 - Accepted Software Licenses: 
2025-09-16 21:04:47,027 [INFO] AnalyticsPlugin:255 - Accepted CMSIS Pack Licenses: 
2025-09-16 21:04:47,028 [INFO] AnalyticsPlugin:257 - Accepted Firmware Licenses: 
2025-09-16 21:04:47,030 [INFO] PluginManage:359 - Loaded plugin analytics (category:tool,tabindex:-1)
2025-09-16 21:04:47,031 [INFO] PluginManage:310 - Check plugin cadmodel
2025-09-16 21:04:47,036 [INFO] CADModel:105 - Init CAD model plugin
2025-09-16 21:04:47,036 [INFO] PluginManage:359 - Loaded plugin cadmodel (category:power,tabindex:5)
2025-09-16 21:04:47,036 [INFO] PluginManage:310 - Check plugin clock
2025-09-16 21:04:47,047 [INFO] PluginManage:359 - Loaded plugin clock (category:base,tabindex:2)
2025-09-16 21:04:47,048 [INFO] PluginManage:310 - Check plugin ddr
2025-09-16 21:04:47,050 [INFO] PluginManage:359 - Loaded plugin ddr (category:tool,tabindex:6)
2025-09-16 21:04:47,051 [INFO] PluginManage:310 - Check plugin filemanager
2025-09-16 21:04:47,198 [INFO] PluginManage:359 - Loaded plugin filemanager (category:base,tabindex:10)
2025-09-16 21:04:47,198 [INFO] PluginManage:310 - Check plugin ipmanager
2025-09-16 21:04:47,204 [INFO] PluginManage:359 - Loaded plugin ipmanager (category:base,tabindex:5)
2025-09-16 21:04:47,204 [INFO] PluginManage:310 - Check plugin lpbam
2025-09-16 21:04:47,213 [INFO] PluginManage:359 - Loaded plugin lpbam (category:base,tabindex:0)
2025-09-16 21:04:47,214 [INFO] PluginManage:310 - Check plugin memorymap
2025-09-16 21:04:47,229 [INFO] PluginManage:359 - Loaded plugin memorymap (category:base,tabindex:4)
2025-09-16 21:04:47,229 [INFO] PluginManage:310 - Check plugin pinoutandconfiguration
2025-09-16 21:04:47,238 [INFO] PluginManage:359 - Loaded plugin pinoutandconfiguration (category:base,tabindex:1)
2025-09-16 21:04:47,238 [INFO] PluginManage:310 - Check plugin pinoutconfig
2025-09-16 21:04:47,332 [WARN] SupportedApi:132 - Cannot load RTOS API schema: s4s-elt-must-match.1: The content of 'definitions' must match (annotation?, (simpleType | complexType)?, (unique | key | keyref)*)). A problem was found starting at: attribute.
2025-09-16 21:04:47,466 [INFO] PluginManage:359 - Loaded plugin pinoutconfig (category:base,tabindex:0)
2025-09-16 21:04:47,466 [INFO] PluginManage:310 - Check plugin power
2025-09-16 21:04:47,476 [INFO] PluginManage:359 - Loaded plugin power (category:power,tabindex:4)
2025-09-16 21:04:47,477 [INFO] PluginManage:310 - Check plugin projectmanager
2025-09-16 21:04:47,491 [INFO] PluginManage:359 - Loaded plugin projectmanager (category:projectmanager,tabindex:4)
2025-09-16 21:04:47,491 [INFO] PluginManage:310 - Check plugin rif
2025-09-16 21:04:47,503 [INFO] PluginManage:359 - Loaded plugin rif (category:base,tabindex:3)
2025-09-16 21:04:47,503 [INFO] PluginManage:310 - Check plugin thirdparty
2025-09-16 21:04:47,640 [INFO] PluginManage:359 - Loaded plugin thirdparty (category:base,tabindex:-1)
2025-09-16 21:04:47,640 [WARN] IntegrityCheckThread:84 - waiting for thirdparty lock release [integrity check]
2025-09-16 21:04:47,640 [INFO] PluginManage:310 - Check plugin tools
2025-09-16 21:04:47,640 [INFO] IntegrityCheckThread:86 - entering critical section [integrity check]
2025-09-16 21:04:47,641 [INFO] ThirdPartyUpdaterWithRetryManager:70 - Updater plugin not ready yet. [1/15]
2025-09-16 21:04:47,644 [INFO] PluginManage:359 - Loaded plugin tools (category:base,tabindex:7)
2025-09-16 21:04:47,644 [INFO] PluginManage:310 - Check plugin tutovideos
2025-09-16 21:04:47,857 [INFO] PluginManage:359 - Loaded plugin tutovideos (category:base,tabindex:-1)
2025-09-16 21:04:47,857 [INFO] PluginManage:310 - Check plugin updater
2025-09-16 21:04:47,878 [INFO] PluginManage:359 - Loaded plugin updater (category:base,tabindex:12)
2025-09-16 21:04:47,878 [INFO] PluginManage:310 - Check plugin userauth
2025-09-16 21:04:47,884 [INFO] UserAuth:118 - Init User Auth plugin
2025-09-16 21:04:47,885 [INFO] PluginManage:359 - Loaded plugin userauth (category:base,tabindex:14)
2025-09-16 21:04:47,885 [INFO] PluginManage:283 - PluginManage : Loaded plugins [18]
2025-09-16 21:04:48,108 [INFO] PinOutPanel:1589 - setPackage(No Configuration,No Configuration)
2025-09-16 21:04:48,217 [INFO] CADModel:165 - CPN selected for project level
2025-09-16 21:04:48,217 [INFO] CADModel:114 - Register for checkConnection events
2025-09-16 21:04:48,238 [INFO] IPUIPlugin:80 - create IPUIPlugin
2025-09-16 21:04:48,238 [INFO] PluginManager:220 - loadIPPluginJar : add adc
2025-09-16 21:04:48,241 [INFO] IPUIPlugin:80 - create IPUIPlugin
2025-09-16 21:04:48,241 [INFO] PluginManager:220 - loadIPPluginJar : add aes
2025-09-16 21:04:48,246 [INFO] IPUIPlugin:80 - create IPUIPlugin
2025-09-16 21:04:48,246 [INFO] PluginManager:220 - loadIPPluginJar : add can
2025-09-16 21:04:48,248 [INFO] IPUIPlugin:80 - create IPUIPlugin
2025-09-16 21:04:48,248 [INFO] PluginManager:220 - loadIPPluginJar : add comp
2025-09-16 21:04:48,251 [INFO] IPUIPlugin:80 - create IPUIPlugin
2025-09-16 21:04:48,251 [INFO] PluginManager:220 - loadIPPluginJar : add cryp
2025-09-16 21:04:48,255 [INFO] IPUIPlugin:80 - create IPUIPlugin
2025-09-16 21:04:48,255 [INFO] PluginManager:220 - loadIPPluginJar : add ddr_ctrl_phy
2025-09-16 21:04:48,258 [INFO] IPUIPlugin:80 - create IPUIPlugin
2025-09-16 21:04:48,259 [INFO] PluginManager:220 - loadIPPluginJar : add dfsdm
2025-09-16 21:04:48,266 [INFO] IPUIPlugin:80 - create IPUIPlugin
2025-09-16 21:04:48,266 [INFO] PluginManager:220 - loadIPPluginJar : add dma
2025-09-16 21:04:48,268 [INFO] IPUIPlugin:80 - create IPUIPlugin
2025-09-16 21:04:48,269 [INFO] PluginManager:220 - loadIPPluginJar : add dma3
2025-09-16 21:04:48,271 [INFO] IPUIPlugin:80 - create IPUIPlugin
2025-09-16 21:04:48,271 [INFO] PluginManager:220 - loadIPPluginJar : add extmemmanager
2025-09-16 21:04:48,274 [INFO] IPUIPlugin:80 - create IPUIPlugin
2025-09-16 21:04:48,274 [INFO] PluginManager:220 - loadIPPluginJar : add fatfs
2025-09-16 21:04:48,279 [INFO] IPUIPlugin:80 - create IPUIPlugin
2025-09-16 21:04:48,279 [INFO] PluginManager:220 - loadIPPluginJar : add fmc
2025-09-16 21:04:48,286 [INFO] IPUIPlugin:80 - create IPUIPlugin
2025-09-16 21:04:48,286 [INFO] PluginManager:220 - loadIPPluginJar : add freertos
2025-09-16 21:04:48,288 [INFO] IPUIPlugin:80 - create IPUIPlugin
2025-09-16 21:04:48,289 [INFO] PluginManager:220 - loadIPPluginJar : add genericplugin
2025-09-16 21:04:48,291 [INFO] IPUIPlugin:80 - create IPUIPlugin
2025-09-16 21:04:48,291 [INFO] PluginManager:220 - loadIPPluginJar : add gfxmmu
2025-09-16 21:04:48,297 [INFO] IPUIPlugin:80 - create IPUIPlugin
2025-09-16 21:04:48,297 [INFO] PluginManager:220 - loadIPPluginJar : add gic
2025-09-16 21:04:48,301 [INFO] IPUIPlugin:80 - create IPUIPlugin
2025-09-16 21:04:48,302 [INFO] PluginManager:220 - loadIPPluginJar : add gpio
2025-09-16 21:04:48,305 [INFO] IPUIPlugin:80 - create IPUIPlugin
2025-09-16 21:04:48,305 [INFO] PluginManager:220 - loadIPPluginJar : add gtzc
2025-09-16 21:04:48,308 [INFO] IPUIPlugin:80 - create IPUIPlugin
2025-09-16 21:04:48,308 [INFO] PluginManager:220 - loadIPPluginJar : add hash
2025-09-16 21:04:48,312 [INFO] IPUIPlugin:80 - create IPUIPlugin
2025-09-16 21:04:48,313 [INFO] PluginManager:220 - loadIPPluginJar : add i2c
2025-09-16 21:04:48,316 [INFO] IPUIPlugin:80 - create IPUIPlugin
2025-09-16 21:04:48,316 [INFO] PluginManager:220 - loadIPPluginJar : add i2s
2025-09-16 21:04:48,320 [INFO] IPUIPlugin:80 - create IPUIPlugin
2025-09-16 21:04:48,320 [INFO] PluginManager:220 - loadIPPluginJar : add i3c
2025-09-16 21:04:48,325 [INFO] IPUIPlugin:80 - create IPUIPlugin
2025-09-16 21:04:48,325 [INFO] PluginManager:220 - loadIPPluginJar : add ipddr
2025-09-16 21:04:48,333 [INFO] IPUIPlugin:80 - create IPUIPlugin
2025-09-16 21:04:48,333 [INFO] PluginManager:220 - loadIPPluginJar : add linkedlist
2025-09-16 21:04:48,336 [INFO] IPUIPlugin:80 - create IPUIPlugin
2025-09-16 21:04:48,337 [INFO] PluginManager:220 - loadIPPluginJar : add lorawan
2025-09-16 21:04:48,338 [INFO] IPUIPlugin:80 - create IPUIPlugin
2025-09-16 21:04:48,338 [INFO] PluginManager:220 - loadIPPluginJar : add ltdc
2025-09-16 21:04:48,346 [INFO] IPUIPlugin:80 - create IPUIPlugin
2025-09-16 21:04:48,346 [INFO] PluginManager:220 - loadIPPluginJar : add mdma
2025-09-16 21:04:48,350 [INFO] IPUIPlugin:80 - create IPUIPlugin
2025-09-16 21:04:48,350 [INFO] PluginManager:220 - loadIPPluginJar : add nvic
2025-09-16 21:04:48,353 [INFO] IPUIPlugin:80 - create IPUIPlugin
2025-09-16 21:04:48,353 [INFO] PluginManager:220 - loadIPPluginJar : add opamp
2025-09-16 21:04:48,357 [INFO] IPUIPlugin:80 - create IPUIPlugin
2025-09-16 21:04:48,358 [INFO] PluginManager:220 - loadIPPluginJar : add openamp
2025-09-16 21:04:48,361 [INFO] IPUIPlugin:80 - create IPUIPlugin
2025-09-16 21:04:48,362 [INFO] PluginManager:220 - loadIPPluginJar : add pdm2pcm
2025-09-16 21:04:48,369 [INFO] IPUIPlugin:80 - create IPUIPlugin
2025-09-16 21:04:48,372 [INFO] PluginManager:220 - loadIPPluginJar : add plateformsettings
2025-09-16 21:04:48,374 [INFO] IPUIPlugin:80 - create IPUIPlugin
2025-09-16 21:04:48,374 [INFO] PluginManager:220 - loadIPPluginJar : add quadspi
2025-09-16 21:04:48,377 [INFO] IPUIPlugin:80 - create IPUIPlugin
2025-09-16 21:04:48,377 [INFO] PluginManager:220 - loadIPPluginJar : add radio
2025-09-16 21:04:48,382 [INFO] IPUIPlugin:80 - create IPUIPlugin
2025-09-16 21:04:48,382 [INFO] PluginManager:220 - loadIPPluginJar : add resmgrutility
2025-09-16 21:04:48,385 [INFO] IPUIPlugin:80 - create IPUIPlugin
2025-09-16 21:04:48,385 [INFO] PluginManager:220 - loadIPPluginJar : add sai
2025-09-16 21:04:48,388 [INFO] IPUIPlugin:80 - create IPUIPlugin
2025-09-16 21:04:48,389 [INFO] PluginManager:220 - loadIPPluginJar : add spi
2025-09-16 21:04:48,395 [INFO] IPUIPlugin:80 - create IPUIPlugin
2025-09-16 21:04:48,396 [INFO] PluginManager:220 - loadIPPluginJar : add stm32_wpan
2025-09-16 21:04:48,398 [INFO] IPUIPlugin:80 - create IPUIPlugin
2025-09-16 21:04:48,398 [INFO] PluginManager:220 - loadIPPluginJar : add tim
2025-09-16 21:04:48,401 [INFO] IPUIPlugin:80 - create IPUIPlugin
2025-09-16 21:04:48,401 [INFO] PluginManager:220 - loadIPPluginJar : add touchsensing
2025-09-16 21:04:48,404 [INFO] IPUIPlugin:80 - create IPUIPlugin
2025-09-16 21:04:48,404 [INFO] PluginManager:220 - loadIPPluginJar : add tracer_emb
2025-09-16 21:04:48,407 [INFO] IPUIPlugin:80 - create IPUIPlugin
2025-09-16 21:04:48,407 [INFO] PluginManager:220 - loadIPPluginJar : add ts
2025-09-16 21:04:48,408 [INFO] IPUIPlugin:80 - create IPUIPlugin
2025-09-16 21:04:48,409 [INFO] PluginManager:220 - loadIPPluginJar : add tsc
2025-09-16 21:04:48,411 [INFO] IPUIPlugin:80 - create IPUIPlugin
2025-09-16 21:04:48,411 [INFO] PluginManager:220 - loadIPPluginJar : add ucpd
2025-09-16 21:04:48,415 [INFO] IPUIPlugin:80 - create IPUIPlugin
2025-09-16 21:04:48,416 [INFO] PluginManager:220 - loadIPPluginJar : add usart
2025-09-16 21:04:48,419 [INFO] IPUIPlugin:80 - create IPUIPlugin
2025-09-16 21:04:48,419 [INFO] PluginManager:220 - loadIPPluginJar : add usbx
2025-09-16 21:04:48,558 [FATAL] Updater:351 - Updater called before beeing initialized
2025-09-16 21:04:48,587 [INFO] RulesReader:64 - Compatibility file has been processed (317 Rules)
2025-09-16 21:04:48,602 [INFO] RulesReader:64 - Compatibility file has been processed (317 Rules)
2025-09-16 21:04:48,610 [INFO] CADModel:165 - CPN selected for project level
2025-09-16 21:04:48,610 [INFO] CADModel:114 - Register for checkConnection events
2025-09-16 21:04:48,610 [FATAL] Updater:351 - Updater called before beeing initialized
2025-09-16 21:04:48,611 [ERROR] CADModel:125 - Updater not yet initialized, retry later 
2025-09-16 21:04:48,770 [FATAL] Updater:351 - Updater called before beeing initialized
2025-09-16 21:04:48,773 [INFO] CADModel:165 - CPN selected for project level
2025-09-16 21:04:48,773 [INFO] CADModel:114 - Register for checkConnection events
2025-09-16 21:04:48,773 [FATAL] Updater:351 - Updater called before beeing initialized
2025-09-16 21:04:48,773 [ERROR] CADModel:125 - Updater not yet initialized, retry later 
2025-09-16 21:04:48,777 [FATAL] Updater:351 - Updater called before beeing initialized
2025-09-16 21:04:48,929 [FATAL] Updater:351 - Updater called before beeing initialized
2025-09-16 21:04:48,933 [INFO] DbMcusAds:53 - JSON generation date=Tue Jul 08 10:14:23 CEST 2025 (1751962463582)
2025-09-16 21:04:48,933 [FATAL] Updater:351 - Updater called before beeing initialized
2025-09-16 21:04:48,969 [WARN] DetailPanel:346 - Failed to get advertising image, set to default
2025-09-16 21:04:49,057 [FATAL] Updater:351 - Updater called before beeing initialized
2025-09-16 21:04:49,058 [FATAL] Updater:351 - Updater called before beeing initialized
2025-09-16 21:04:49,058 [FATAL] Updater:351 - Updater called before beeing initialized
2025-09-16 21:04:49,058 [WARN] DetailPanel:346 - Failed to get advertising image, set to default
2025-09-16 21:04:49,059 [FATAL] Updater:351 - Updater called before beeing initialized
2025-09-16 21:04:49,108 [ERROR] Updater:1198 - MainUpdater not yet initialized. External WinMGr cannot be set.
2025-09-16 21:04:49,109 [INFO] Updater:1134 - Updater Version found : 6.15.0
2025-09-16 21:04:49,127 [INFO] ApplicationProperties:184 - Using Application install path: C:\ST\STM32CubeIDE_1.19.0\STM32CubeIDE\plugins\com.st.stm32cube.common.mx_6.15.0.202507011659
2025-09-16 21:04:50,647 [INFO] ThirdPartyUpdaterWithRetryManager:70 - Updater plugin not ready yet. [2/15]
2025-09-16 21:04:50,746 [ERROR] LogOutputStream:75 - [STDERR_REDIRECT] Sep 16, 2025 9:04:50 PM java.util.prefs.WindowsPreferences <init>
2025-09-16 21:04:50,747 [ERROR] LogOutputStream:75 - [STDERR_REDIRECT] WARNING: Could not open/create prefs root node Software\JavaSoft\Prefs at root 0xffffffff80000002. Windows RegCreateKeyEx(...) returned error code 5.
2025-09-16 21:04:50,748 [ERROR] LogOutputStream:75 - [STDERR_REDIRECT] 
2025-09-16 21:04:51,083 [INFO] MainUpdater:2872 - connection check result : 10
2025-09-16 21:04:51,083 [INFO] MainUpdater:289 - Updater Check For Update Now.
2025-09-16 21:04:51,083 [INFO] MicroXplorer:498 - Change Database Version : DB.6.0.150
2025-09-16 21:04:51,091 [INFO] McuFinderGlobals:63 - Set McuFinder mode to 2 (CubeIDE integrated)
2025-09-16 21:04:51,093 [INFO] UserAuth:487 - Internet connection configuration mode: 1
2025-09-16 21:04:51,130 [INFO] JxBrowserEngine:152 - Initiate JxBrowser Engine with user profile folder
2025-09-16 21:04:51,296 [INFO] CheckServerUpdateThread:120 - End of CheckServer Thread
2025-09-16 21:04:52,608 [INFO] WebApp:169 - Instantiating new browser for Auth
2025-09-16 21:04:53,408 [INFO] WebApp:463 - Apply proxy settings
2025-09-16 21:04:53,408 [INFO] WebApp:548 - Chromium requires no authentication
2025-09-16 21:04:53,422 [INFO] WebApp:491 - Direct internet connection detected
2025-09-16 21:04:53,455 [INFO] WebApp:900 - Register for checkConnection events
2025-09-16 21:04:53,455 [INFO] WebApp:463 - Apply proxy settings
2025-09-16 21:04:53,456 [INFO] WebApp:548 - Chromium requires no authentication
2025-09-16 21:04:53,456 [INFO] WebApp:491 - Direct internet connection detected
2025-09-16 21:04:53,636 [INFO] WebApp:191 - Connection restablished
2025-09-16 21:04:53,746 [INFO] WebApp:225 - Starting web application
2025-09-16 21:04:53,746 [INFO] WebApp:593 - Web application path used C:\ST\STM32CubeIDE_1.19.0\STM32CubeIDE\plugins\com.st.stm32cube.common.mx_6.15.0.202507011659\db\plugins\mcufinder\reactClient1\index.html
2025-09-16 21:04:53,965 [INFO] UserAuth:487 - Internet connection configuration mode: 1
2025-09-16 21:04:54,237 [WARN] PackLoader:240 - Cannot read IP mode file for STMicroelectronics.FP-SNS-MOTENVWB1.1.4.0
2025-09-16 21:04:54,249 [WARN] PackLoader:240 - Cannot read IP mode file for STMicroelectronics.FP-ATR-ASTRA1.2.0.2
2025-09-16 21:04:54,255 [WARN] PackLoader:240 - Cannot read IP mode file for STMicroelectronics.FP-ATR-ASTRA1.2.0.1
2025-09-16 21:04:54,269 [WARN] PackLoader:240 - Cannot read IP mode file for STMicroelectronics.X-CUBE-SMBUS.2.1.0
2025-09-16 21:04:54,281 [WARN] PackLoader:240 - Cannot read IP mode file for STMicroelectronics.X-CUBE-WB05N.1.1.0
2025-09-16 21:04:54,288 [WARN] PackLoader:240 - Cannot read IP mode file for STMicroelectronics.X-CUBE-ST60.1.0.0
2025-09-16 21:04:54,317 [WARN] PackLoader:240 - Cannot read IP mode file for STMicroelectronics.X-CUBE-AZRTOS-F7.1.1.0
2025-09-16 21:04:54,327 [WARN] PackLoader:240 - Cannot read IP mode file for STMicroelectronics.FP-SNS-FLIGHT1.5.0.2
2025-09-16 21:04:54,351 [WARN] PackLoader:240 - Cannot read IP mode file for Infineon.AIROC-Wi-Fi-Bluetooth-STM32.1.7.0
2025-09-16 21:04:54,390 [WARN] PackLoader:240 - Cannot read IP mode file for STMicroelectronics.X-CUBE-AZRTOS-H7.3.4.0
2025-09-16 21:04:54,404 [WARN] PackLoader:240 - Cannot read IP mode file for STMicroelectronics.X-CUBE-DISPLAY.3.0.0
2025-09-16 21:04:54,414 [WARN] PackLoader:240 - Cannot read IP mode file for STMicroelectronics.X-CUBE-BLE1.7.0.0
2025-09-16 21:04:54,419 [WARN] PackLoader:240 - Cannot read IP mode file for STMicroelectronics.X-CUBE-NFC10.1.0.0
2025-09-16 21:04:54,433 [WARN] PackLoader:240 - Cannot read IP mode file for STMicroelectronics.X-CUBE-BLEMGR.4.0.0
2025-09-16 21:04:54,442 [WARN] PackLoader:240 - Cannot read IP mode file for emotas.I-CUBE-CANOPEN.1.3.0
2025-09-16 21:04:54,449 [WARN] PackLoader:240 - Cannot read IP mode file for STMicroelectronics.X-CUBE-AI.10.0.0
2025-09-16 21:04:54,458 [WARN] PackLoader:240 - Cannot read IP mode file for STMicroelectronics.FP-SNS-STBOX1.2.1.0
2025-09-16 21:04:54,464 [WARN] PackLoader:240 - Cannot read IP mode file for STMicroelectronics.FP-SNS-SMARTAG2.1.2.0
2025-09-16 21:04:54,468 [WARN] PackLoader:240 - Cannot read IP mode file for STMicroelectronics.FP-SNS-FLIGHT1.5.1.0
2025-09-16 21:04:54,518 [WARN] PackLoader:240 - Cannot read IP mode file for STMicroelectronics.X-CUBE-MEMS1.11.1.0
2025-09-16 21:04:54,730 [INFO] LogOutputStream:77 - [STDOUT_REDIRECT] 1 : Invalid condition id : UX_CORESTACK_Condition cause : null
2025-09-16 21:04:54,731 [INFO] LogOutputStream:77 - [STDOUT_REDIRECT] 1 : Invalid condition id : UX_CORESTACK_Condition cause : null
2025-09-16 21:04:54,733 [INFO] LogOutputStream:77 - [STDOUT_REDIRECT] 1 : Invalid condition id : UX_CORESTACK_Condition cause : null
2025-09-16 21:04:54,736 [INFO] LogOutputStream:77 - [STDOUT_REDIRECT] 1 : Invalid condition id : UX_CORESTACK_Condition cause : null
2025-09-16 21:04:54,737 [INFO] LogOutputStream:77 - [STDOUT_REDIRECT] 1 : Invalid condition id : UX_CORESTACK_Condition cause : null
2025-09-16 21:04:54,740 [WARN] PackLoader:240 - Cannot read IP mode file for STMicroelectronics.X-CUBE-AZRTOS-WL.2.0.0
2025-09-16 21:04:54,750 [WARN] PackLoader:240 - Cannot read IP mode file for STMicroelectronics.FP-SNS-MOTENV1.5.0.0
2025-09-16 21:04:54,782 [WARN] PackLoader:240 - Cannot read IP mode file for wolfSSL.I-CUBE-wolfMQTT.1.19.0
2025-09-16 21:04:54,797 [WARN] PackLoader:240 - Cannot read IP mode file for WES.I-CUBE-Cesium.1.3.0
2025-09-16 21:04:54,804 [WARN] PackLoader:240 - Cannot read IP mode file for STMicroelectronics.X-CUBE-BLE2.3.3.0
2025-09-16 21:04:54,815 [WARN] PackLoader:240 - Cannot read IP mode file for STMicroelectronics.X-CUBE-NFC9.1.0.0
2025-09-16 21:04:54,822 [WARN] PackLoader:240 - Cannot read IP mode file for STMicroelectronics.X-CUBE-BLE1.7.1.0
2025-09-16 21:04:54,831 [WARN] PackLoader:240 - Cannot read IP mode file for STMicroelectronics.X-CUBE-EEPRMA1.5.2.0
2025-09-16 21:04:54,836 [WARN] PackLoader:240 - Cannot read IP mode file for STMicroelectronics.X-CUBE-AI.10.1.0
2025-09-16 21:04:54,891 [WARN] PackLoader:240 - Cannot read IP mode file for STMicroelectronics.X-CUBE-MEMS1.11.2.0
2025-09-16 21:04:55,001 [WARN] PackLoader:240 - Cannot read IP mode file for STMicroelectronics.X-CUBE-AZRTOS-G0.1.1.0
2025-09-16 21:04:55,008 [WARN] PackLoader:240 - Cannot read IP mode file for STMicroelectronics.X-CUBE-SAFEA1.1.2.2
2025-09-16 21:04:55,017 [WARN] PackLoader:240 - Cannot read IP mode file for STMicroelectronics.X-CUBE-NFC4.3.0.0
2025-09-16 21:04:55,028 [WARN] PackLoader:240 - Cannot read IP mode file for EmbeddedOffice.I-CUBE-FS-RTOS.1.0.1
2025-09-16 21:04:55,034 [WARN] PackLoader:240 - Cannot read IP mode file for STMicroelectronics.X-CUBE-WB05N.2.0.0
2025-09-16 21:04:55,040 [WARN] PackLoader:240 - Cannot read IP mode file for STMicroelectronics.X-CUBE-TCPP.4.2.0
2025-09-16 21:04:55,049 [WARN] PackLoader:240 - Cannot read IP mode file for RealThread.X-CUBE-RT-Thread_Nano.4.1.1
2025-09-16 21:04:55,057 [WARN] PackLoader:240 - Cannot read IP mode file for STMicroelectronics.FP-ATR-SIGFOX1.3.2.0
2025-09-16 21:04:55,066 [WARN] ConditionMgr:438 - getConditionDescription Invalid condition id : Cortex-A Device cause : null
2025-09-16 21:04:55,084 [WARN] ConditionMgr:1044 - genDependencies : Invalid condition id : Cortex-A Device cause : null
2025-09-16 21:04:55,084 [WARN] ConditionMgr:1044 - genDependencies : Invalid condition id : Cortex-A Device cause : null
2025-09-16 21:04:55,084 [WARN] ConditionMgr:1044 - genDependencies : Invalid condition id : Cortex-A Device cause : null
2025-09-16 21:04:55,091 [WARN] PackLoader:240 - Cannot read IP mode file for STMicroelectronics.X-CUBE-EEPRMA1.5.1.0
2025-09-16 21:04:55,101 [WARN] PackLoader:240 - Cannot read IP mode file for wolfSSL.I-CUBE-wolfSSL.5.7.4
2025-09-16 21:04:55,104 [ERROR] LogOutputStream:75 - [STDERR_REDIRECT] [Fatal Error] :1:1: Premature end of file.
2025-09-16 21:04:55,105 [ERROR] LogOutputStream:75 - [STDERR_REDIRECT] 
2025-09-16 21:04:55,110 [WARN] PackLoader:240 - Cannot read IP mode file for ITTIA_DB.I-CUBE-ITTIADB.8.9.0
2025-09-16 21:04:55,118 [WARN] PackLoader:240 - Cannot read IP mode file for STMicroelectronics.X-CUBE-ST67W61.1.0.0
2025-09-16 21:04:55,125 [WARN] PackLoader:240 - Cannot read IP mode file for STMicroelectronics.X-CUBE-AI.10.2.0
2025-09-16 21:04:55,147 [WARN] PackLoader:240 - Cannot read IP mode file for SEGGER.I-CUBE-embOS.1.3.1
2025-09-16 21:04:55,177 [WARN] PackLoader:240 - Cannot read IP mode file for STMicroelectronics.X-CUBE-ALGOBUILD.1.4.0
2025-09-16 21:04:55,214 [WARN] PackLoader:240 - Cannot read IP mode file for STMicroelectronics.X-CUBE-MEMS1.11.3.0
2025-09-16 21:04:55,309 [WARN] PackLoader:240 - Cannot read IP mode file for STMicroelectronics.X-CUBE-AI.9.1.0
2025-09-16 21:04:55,313 [WARN] PackLoader:240 - Cannot read IP mode file for STMicroelectronics.X-CUBE-PM33A1.1.0.0
2025-09-16 21:04:55,328 [WARN] PackLoader:240 - Cannot read IP mode file for STMicroelectronics.X-CUBE-AZRTOS-F4.1.1.0
2025-09-16 21:04:55,333 [WARN] PackLoader:240 - Cannot read IP mode file for Avnet-IotConnect.X-CUBE-IoTC-DA16k-PMOD.1.0.0
2025-09-16 21:04:55,337 [WARN] PackLoader:240 - Cannot read IP mode file for STMicroelectronics.X-CUBE-ISPU.2.1.0
2025-09-16 21:04:55,342 [WARN] PackLoader:240 - Cannot read IP mode file for STMicroelectronics.X-CUBE-NFC12.1.0.0
2025-09-16 21:04:55,357 [WARN] PackLoader:240 - Cannot read IP mode file for STMicroelectronics.X-CUBE-AZRTOS-L5.2.0.0
2025-09-16 21:04:55,367 [WARN] PackLoader:240 - Cannot read IP mode file for STMicroelectronics.X-CUBE-NFC6.3.1.0
2025-09-16 21:04:55,371 [WARN] PackLoader:240 - Cannot read IP mode file for STMicroelectronics.X-CUBE-DPower.1.2.0
2025-09-16 21:04:55,377 [WARN] PackLoader:240 - Cannot read IP mode file for STMicroelectronics.X-CUBE-FREERTOS.1.3.1
2025-09-16 21:04:55,380 [WARN] PackLoader:240 - Cannot read IP mode file for STMicroelectronics.X-CUBE-FREERTOS.1.3.0
2025-09-16 21:04:55,385 [WARN] PackLoader:240 - Cannot read IP mode file for STMicroelectronics.X-CUBE-NFC7.1.0.1
2025-09-16 21:04:55,391 [WARN] PackLoader:240 - Cannot read IP mode file for STMicroelectronics.FP-SNS-STAIOTCFT.1.0.0
2025-09-16 21:04:55,396 [WARN] PackLoader:240 - Cannot read IP mode file for STMicroelectronics.X-CUBE-DPower.1.3.0
2025-09-16 21:04:55,408 [WARN] ConditionMgr:438 - getConditionDescription Invalid condition id : LAN8742 Phy interface Condition cause : null
2025-09-16 21:04:55,409 [WARN] PackLoader:240 - Cannot read IP mode file for STMicroelectronics.X-CUBE-AZRTOS-L4.2.0.0
2025-09-16 21:04:55,410 [WARN] ConditionMgr:1044 - genDependencies : Invalid condition id : LAN8742 Phy interface Condition cause : null
2025-09-16 21:04:55,410 [WARN] ConditionMgr:1044 - genDependencies : Invalid condition id : LAN8742 Phy interface Condition cause : null
2025-09-16 21:04:55,411 [WARN] ConditionMgr:1044 - genDependencies : Invalid condition id : LAN8742 Phy interface Condition cause : null
2025-09-16 21:04:55,418 [WARN] PackLoader:240 - Cannot read IP mode file for STMicroelectronics.X-CUBE-SFXS2LP1.4.0.0
2025-09-16 21:04:55,432 [WARN] PackLoader:240 - Cannot read IP mode file for STMicroelectronics.X-CUBE-AZRTOS-H7.3.3.0
2025-09-16 21:04:55,441 [WARN] PackLoader:240 - Cannot read IP mode file for STMicroelectronics.X-CUBE-BLEMGR.4.1.0
2025-09-16 21:04:55,453 [WARN] ConditionMgr:438 - getConditionDescription Invalid condition id : UX DEVICE CLASS RTOS Condition cause : null
2025-09-16 21:04:55,453 [WARN] ConditionMgr:438 - getConditionDescription Invalid condition id : UX DEVICE CLASS RTOS Condition cause : null
2025-09-16 21:04:55,455 [WARN] PackLoader:240 - Cannot read IP mode file for STMicroelectronics.X-CUBE-AZRTOS-WB.2.0.0
2025-09-16 21:04:55,456 [WARN] ConditionMgr:1044 - genDependencies : Invalid condition id : UX DEVICE CLASS RTOS Condition cause : null
2025-09-16 21:04:55,456 [WARN] ConditionMgr:1044 - genDependencies : Invalid condition id : UX DEVICE CLASS RTOS Condition cause : null
2025-09-16 21:04:55,456 [WARN] ConditionMgr:1044 - genDependencies : Invalid condition id : UX DEVICE CLASS RTOS Condition cause : null
2025-09-16 21:04:55,457 [WARN] ConditionMgr:1044 - genDependencies : Invalid condition id : UX DEVICE CLASS RTOS Condition cause : null
2025-09-16 21:04:55,457 [WARN] ConditionMgr:1044 - genDependencies : Invalid condition id : UX DEVICE CLASS RTOS Condition cause : null
2025-09-16 21:04:55,471 [WARN] PackLoader:240 - Cannot read IP mode file for STMicroelectronics.X-CUBE-GNSS1.7.0.1
2025-09-16 21:04:55,482 [WARN] PackLoader:240 - Cannot read IP mode file for STMicroelectronics.X-CUBE-TOUCHGFX.4.25.0
2025-09-16 21:04:55,490 [WARN] PackLoader:240 - Cannot read IP mode file for STMicroelectronics.FP-SNS-STBOX1.2.0.0
2025-09-16 21:04:55,503 [WARN] PackLoader:240 - Cannot read IP mode file for STMicroelectronics.X-CUBE-SUBG2.5.0.0
2025-09-16 21:04:55,531 [WARN] PackLoader:240 - Cannot read IP mode file for STMicroelectronics.X-CUBE-AZRTOS-H7RS.1.1.0
2025-09-16 21:04:55,538 [WARN] PackLoader:240 - Cannot read IP mode file for Cesanta.I-CUBE-Mongoose.7.13.0
2025-09-16 21:04:55,555 [WARN] PackLoader:240 - Cannot read IP mode file for STMicroelectronics.X-CUBE-AZRTOS-G4.2.0.0
2025-09-16 21:04:55,564 [WARN] PackLoader:240 - Cannot read IP mode file for STMicroelectronics.X-CUBE-NFC7.2.0.0
2025-09-16 21:04:55,574 [WARN] PackLoader:240 - Cannot read IP mode file for STMicroelectronics.X-CUBE-IPS.3.1.0
2025-09-16 21:04:55,597 [WARN] PackLoader:240 - Cannot read IP mode file for STMicroelectronics.X-CUBE-ALS.1.0.2
2025-09-16 21:04:55,638 [WARN] PackLoader:240 - Cannot read IP mode file for STMicroelectronics.X-CUBE-MEMS1.10.0.0
2025-09-16 21:04:55,898 [WARN] PackLoader:240 - Cannot read IP mode file for STMicroelectronics.X-CUBE-TOUCHGFX.4.24.2
2025-09-16 21:04:55,904 [WARN] PackLoader:240 - Cannot read IP mode file for STMicroelectronics.X-CUBE-STSE01.1.0.0
2025-09-16 21:04:55,908 [WARN] PackLoader:240 - Cannot read IP mode file for wolfSSL.I-CUBE-wolfTPM.3.4.0
2025-09-16 21:04:55,915 [WARN] PackLoader:240 - Cannot read IP mode file for portGmbH.I-Cube-SoM-uGOAL.1.1.0
2025-09-16 21:04:55,930 [WARN] PackLoader:240 - Cannot read IP mode file for STMicroelectronics.X-CUBE-AZRTOS-H7RS.1.0.0
2025-09-16 21:04:55,939 [WARN] PackLoader:240 - Cannot read IP mode file for STMicroelectronics.X-CUBE-TOF1.3.4.2
2025-09-16 21:04:55,959 [WARN] PackLoader:240 - Cannot read IP mode file for STMicroelectronics.X-CUBE-TOF1.3.4.3
2025-09-16 21:04:55,969 [WARN] PackLoader:240 - Cannot read IP mode file for wolfSSL.I-CUBE-wolfSSH.1.4.17
2025-09-16 21:04:55,969 [INFO] ThirdParty:978 - Integrity check success = true
2025-09-16 21:04:55,969 [INFO] IntegrityCheckThread:100 - exiting critical section [integrity check]
2025-09-16 21:04:55,969 [INFO] IntegrityCheckThread:103 - End integrity checks thread
2025-09-16 21:04:56,082 [ERROR] LogOutputStream:75 - [STDERR_REDIRECT] [Fatal Error] :1:1: Premature end of file.
2025-09-16 21:04:56,082 [ERROR] LogOutputStream:75 - [STDERR_REDIRECT] 
2025-09-16 21:04:57,057 [ERROR] LogOutputStream:75 - [STDERR_REDIRECT] [Fatal Error] :1:1: Premature end of file.
2025-09-16 21:04:57,057 [ERROR] LogOutputStream:75 - [STDERR_REDIRECT] 
2025-09-16 21:04:58,059 [ERROR] LogOutputStream:75 - [STDERR_REDIRECT] [Fatal Error] :1:1: Premature end of file.
2025-09-16 21:04:58,060 [ERROR] LogOutputStream:75 - [STDERR_REDIRECT] 
2025-09-16 21:04:59,068 [ERROR] LogOutputStream:75 - [STDERR_REDIRECT] [Fatal Error] :1:1: Premature end of file.
2025-09-16 21:04:59,068 [ERROR] LogOutputStream:75 - [STDERR_REDIRECT] 
2025-09-16 21:05:00,068 [ERROR] LogOutputStream:75 - [STDERR_REDIRECT] [Fatal Error] :1:1: Premature end of file.
2025-09-16 21:05:00,068 [ERROR] LogOutputStream:75 - [STDERR_REDIRECT] 
2025-09-16 21:05:01,058 [ERROR] LogOutputStream:75 - [STDERR_REDIRECT] [Fatal Error] :1:1: Premature end of file.
2025-09-16 21:05:01,059 [ERROR] LogOutputStream:75 - [STDERR_REDIRECT] 
2025-09-16 21:05:02,060 [ERROR] LogOutputStream:75 - [STDERR_REDIRECT] [Fatal Error] :1:1: Premature end of file.
2025-09-16 21:05:02,060 [ERROR] LogOutputStream:75 - [STDERR_REDIRECT] 
2025-09-16 21:05:03,068 [ERROR] LogOutputStream:75 - [STDERR_REDIRECT] [Fatal Error] :1:1: Premature end of file.
2025-09-16 21:05:03,068 [ERROR] LogOutputStream:75 - [STDERR_REDIRECT] 
2025-09-16 21:05:04,084 [ERROR] LogOutputStream:75 - [STDERR_REDIRECT] [Fatal Error] :1:1: Premature end of file.
2025-09-16 21:05:04,084 [ERROR] LogOutputStream:75 - [STDERR_REDIRECT] 
2025-09-16 21:05:05,070 [ERROR] LogOutputStream:75 - [STDERR_REDIRECT] [Fatal Error] :1:1: Premature end of file.
2025-09-16 21:05:05,070 [ERROR] LogOutputStream:75 - [STDERR_REDIRECT] 
2025-09-16 21:05:06,065 [ERROR] LogOutputStream:75 - [STDERR_REDIRECT] [Fatal Error] :1:1: Premature end of file.
2025-09-16 21:05:06,065 [ERROR] LogOutputStream:75 - [STDERR_REDIRECT] 
2025-09-16 21:05:07,064 [ERROR] LogOutputStream:75 - [STDERR_REDIRECT] [Fatal Error] :1:1: Premature end of file.
2025-09-16 21:05:07,064 [ERROR] LogOutputStream:75 - [STDERR_REDIRECT] 
2025-09-16 21:05:08,060 [ERROR] LogOutputStream:75 - [STDERR_REDIRECT] [Fatal Error] :1:1: Premature end of file.
2025-09-16 21:05:08,060 [ERROR] LogOutputStream:75 - [STDERR_REDIRECT] 
2025-09-16 21:05:09,060 [ERROR] LogOutputStream:75 - [STDERR_REDIRECT] [Fatal Error] :1:1: Premature end of file.
2025-09-16 21:05:09,060 [ERROR] LogOutputStream:75 - [STDERR_REDIRECT] 
2025-09-16 21:05:10,067 [ERROR] LogOutputStream:75 - [STDERR_REDIRECT] [Fatal Error] :1:1: Premature end of file.
2025-09-16 21:05:10,067 [ERROR] LogOutputStream:75 - [STDERR_REDIRECT] 
2025-09-16 21:05:11,052 [ERROR] LogOutputStream:75 - [STDERR_REDIRECT] [Fatal Error] :1:1: Premature end of file.
2025-09-16 21:05:11,052 [ERROR] LogOutputStream:75 - [STDERR_REDIRECT] 
2025-09-16 21:05:12,053 [ERROR] LogOutputStream:75 - [STDERR_REDIRECT] [Fatal Error] :1:1: Premature end of file.
2025-09-16 21:05:12,053 [ERROR] LogOutputStream:75 - [STDERR_REDIRECT] 
2025-09-16 21:05:13,051 [ERROR] LogOutputStream:75 - [STDERR_REDIRECT] [Fatal Error] :1:1: Premature end of file.
2025-09-16 21:05:13,051 [ERROR] LogOutputStream:75 - [STDERR_REDIRECT] 
2025-09-16 21:05:14,056 [ERROR] LogOutputStream:75 - [STDERR_REDIRECT] [Fatal Error] :1:1: Premature end of file.
2025-09-16 21:05:14,056 [ERROR] LogOutputStream:75 - [STDERR_REDIRECT] 
2025-09-16 21:05:15,050 [ERROR] LogOutputStream:75 - [STDERR_REDIRECT] [Fatal Error] :1:1: Premature end of file.
2025-09-16 21:05:15,050 [ERROR] LogOutputStream:75 - [STDERR_REDIRECT] 
2025-09-16 21:05:16,065 [ERROR] LogOutputStream:75 - [STDERR_REDIRECT] [Fatal Error] :1:1: Premature end of file.
2025-09-16 21:05:16,065 [ERROR] LogOutputStream:75 - [STDERR_REDIRECT] 
2025-09-16 21:05:17,055 [ERROR] LogOutputStream:75 - [STDERR_REDIRECT] [Fatal Error] :1:1: Premature end of file.
2025-09-16 21:05:17,056 [ERROR] LogOutputStream:75 - [STDERR_REDIRECT] 
2025-09-16 21:05:18,057 [ERROR] LogOutputStream:75 - [STDERR_REDIRECT] [Fatal Error] :1:1: Premature end of file.
2025-09-16 21:05:18,058 [ERROR] LogOutputStream:75 - [STDERR_REDIRECT] 
2025-09-16 21:05:19,104 [ERROR] LogOutputStream:75 - [STDERR_REDIRECT] [Fatal Error] :1:1: Premature end of file.
2025-09-16 21:05:19,104 [ERROR] LogOutputStream:75 - [STDERR_REDIRECT] 
2025-09-16 21:05:20,059 [ERROR] LogOutputStream:75 - [STDERR_REDIRECT] [Fatal Error] :1:1: Premature end of file.
2025-09-16 21:05:20,059 [ERROR] LogOutputStream:75 - [STDERR_REDIRECT] 
2025-09-16 21:05:21,061 [ERROR] LogOutputStream:75 - [STDERR_REDIRECT] [Fatal Error] :1:1: Premature end of file.
2025-09-16 21:05:21,062 [ERROR] LogOutputStream:75 - [STDERR_REDIRECT] 
2025-09-16 21:05:22,051 [ERROR] LogOutputStream:75 - [STDERR_REDIRECT] [Fatal Error] :1:1: Premature end of file.
2025-09-16 21:05:22,051 [ERROR] LogOutputStream:75 - [STDERR_REDIRECT] 
2025-09-16 21:05:23,052 [ERROR] LogOutputStream:75 - [STDERR_REDIRECT] [Fatal Error] :1:1: Premature end of file.
2025-09-16 21:05:23,054 [ERROR] LogOutputStream:75 - [STDERR_REDIRECT] 
2025-09-16 21:05:24,058 [ERROR] LogOutputStream:75 - [STDERR_REDIRECT] [Fatal Error] :1:1: Premature end of file.
2025-09-16 21:05:24,058 [ERROR] LogOutputStream:75 - [STDERR_REDIRECT] 
2025-09-16 21:05:25,060 [ERROR] LogOutputStream:75 - [STDERR_REDIRECT] [Fatal Error] :1:1: Premature end of file.
2025-09-16 21:05:25,061 [ERROR] LogOutputStream:75 - [STDERR_REDIRECT] 
2025-09-16 21:05:26,060 [ERROR] LogOutputStream:75 - [STDERR_REDIRECT] [Fatal Error] :1:1: Premature end of file.
2025-09-16 21:05:26,060 [ERROR] LogOutputStream:75 - [STDERR_REDIRECT] 
2025-09-16 21:05:27,052 [ERROR] LogOutputStream:75 - [STDERR_REDIRECT] [Fatal Error] :1:1: Premature end of file.
2025-09-16 21:05:27,053 [ERROR] LogOutputStream:75 - [STDERR_REDIRECT] 
2025-09-16 21:05:28,055 [ERROR] LogOutputStream:75 - [STDERR_REDIRECT] [Fatal Error] :1:1: Premature end of file.
2025-09-16 21:05:28,056 [ERROR] LogOutputStream:75 - [STDERR_REDIRECT] 
2025-09-16 21:05:29,052 [ERROR] LogOutputStream:75 - [STDERR_REDIRECT] [Fatal Error] :1:1: Premature end of file.
2025-09-16 21:05:29,052 [ERROR] LogOutputStream:75 - [STDERR_REDIRECT] 
2025-09-16 21:05:30,055 [ERROR] LogOutputStream:75 - [STDERR_REDIRECT] [Fatal Error] :1:1: Premature end of file.
2025-09-16 21:05:30,055 [ERROR] LogOutputStream:75 - [STDERR_REDIRECT] 
2025-09-16 21:05:31,054 [ERROR] LogOutputStream:75 - [STDERR_REDIRECT] [Fatal Error] :1:1: Premature end of file.
2025-09-16 21:05:31,054 [ERROR] LogOutputStream:75 - [STDERR_REDIRECT] 
2025-09-16 21:05:32,055 [ERROR] LogOutputStream:75 - [STDERR_REDIRECT] [Fatal Error] :1:1: Premature end of file.
2025-09-16 21:05:32,055 [ERROR] LogOutputStream:75 - [STDERR_REDIRECT] 
2025-09-16 21:05:33,053 [ERROR] LogOutputStream:75 - [STDERR_REDIRECT] [Fatal Error] :1:1: Premature end of file.
2025-09-16 21:05:33,053 [ERROR] LogOutputStream:75 - [STDERR_REDIRECT] 
2025-09-16 21:05:34,056 [ERROR] LogOutputStream:75 - [STDERR_REDIRECT] [Fatal Error] :1:1: Premature end of file.
2025-09-16 21:05:34,056 [ERROR] LogOutputStream:75 - [STDERR_REDIRECT] 
2025-09-16 21:05:35,064 [ERROR] LogOutputStream:75 - [STDERR_REDIRECT] [Fatal Error] :1:1: Premature end of file.
2025-09-16 21:05:35,064 [ERROR] LogOutputStream:75 - [STDERR_REDIRECT] 
2025-09-16 21:05:36,056 [ERROR] LogOutputStream:75 - [STDERR_REDIRECT] [Fatal Error] :1:1: Premature end of file.
2025-09-16 21:05:36,056 [ERROR] LogOutputStream:75 - [STDERR_REDIRECT] 
2025-09-16 21:05:37,053 [ERROR] LogOutputStream:75 - [STDERR_REDIRECT] [Fatal Error] :1:1: Premature end of file.
2025-09-16 21:05:37,053 [ERROR] LogOutputStream:75 - [STDERR_REDIRECT] 
2025-09-16 21:05:38,055 [ERROR] LogOutputStream:75 - [STDERR_REDIRECT] [Fatal Error] :1:1: Premature end of file.
2025-09-16 21:05:38,055 [ERROR] LogOutputStream:75 - [STDERR_REDIRECT] 
2025-09-16 21:05:39,051 [ERROR] LogOutputStream:75 - [STDERR_REDIRECT] [Fatal Error] :1:1: Premature end of file.
2025-09-16 21:05:39,051 [ERROR] LogOutputStream:75 - [STDERR_REDIRECT] 
2025-09-16 21:05:40,051 [ERROR] LogOutputStream:75 - [STDERR_REDIRECT] [Fatal Error] :1:1: Premature end of file.
2025-09-16 21:05:40,052 [ERROR] LogOutputStream:75 - [STDERR_REDIRECT] 
2025-09-16 21:05:41,061 [ERROR] LogOutputStream:75 - [STDERR_REDIRECT] [Fatal Error] :1:1: Premature end of file.
2025-09-16 21:05:41,062 [ERROR] LogOutputStream:75 - [STDERR_REDIRECT] 
2025-09-16 21:05:42,055 [ERROR] LogOutputStream:75 - [STDERR_REDIRECT] [Fatal Error] :1:1: Premature end of file.
2025-09-16 21:05:42,055 [ERROR] LogOutputStream:75 - [STDERR_REDIRECT] 
2025-09-16 21:05:43,054 [ERROR] LogOutputStream:75 - [STDERR_REDIRECT] [Fatal Error] :1:1: Premature end of file.
2025-09-16 21:05:43,054 [ERROR] LogOutputStream:75 - [STDERR_REDIRECT] 
2025-09-16 21:05:44,050 [ERROR] LogOutputStream:75 - [STDERR_REDIRECT] [Fatal Error] :1:1: Premature end of file.
2025-09-16 21:05:44,050 [ERROR] LogOutputStream:75 - [STDERR_REDIRECT] 
2025-09-16 21:05:45,060 [ERROR] LogOutputStream:75 - [STDERR_REDIRECT] [Fatal Error] :1:1: Premature end of file.
2025-09-16 21:05:45,060 [ERROR] LogOutputStream:75 - [STDERR_REDIRECT] 
2025-09-16 21:05:46,052 [ERROR] LogOutputStream:75 - [STDERR_REDIRECT] [Fatal Error] :1:1: Premature end of file.
2025-09-16 21:05:46,052 [ERROR] LogOutputStream:75 - [STDERR_REDIRECT] 
2025-09-16 21:05:47,051 [ERROR] LogOutputStream:75 - [STDERR_REDIRECT] [Fatal Error] :1:1: Premature end of file.
2025-09-16 21:05:47,051 [ERROR] LogOutputStream:75 - [STDERR_REDIRECT] 
2025-09-16 21:05:48,052 [ERROR] LogOutputStream:75 - [STDERR_REDIRECT] [Fatal Error] :1:1: Premature end of file.
2025-09-16 21:05:48,052 [ERROR] LogOutputStream:75 - [STDERR_REDIRECT] 
2025-09-16 21:05:49,050 [ERROR] LogOutputStream:75 - [STDERR_REDIRECT] [Fatal Error] :1:1: Premature end of file.
2025-09-16 21:05:49,050 [ERROR] LogOutputStream:75 - [STDERR_REDIRECT] 
2025-09-16 21:05:50,052 [ERROR] LogOutputStream:75 - [STDERR_REDIRECT] [Fatal Error] :1:1: Premature end of file.
2025-09-16 21:05:50,052 [ERROR] LogOutputStream:75 - [STDERR_REDIRECT] 
2025-09-16 21:05:51,053 [ERROR] LogOutputStream:75 - [STDERR_REDIRECT] [Fatal Error] :1:1: Premature end of file.
2025-09-16 21:05:51,053 [ERROR] LogOutputStream:75 - [STDERR_REDIRECT] 
2025-09-16 21:05:52,055 [ERROR] LogOutputStream:75 - [STDERR_REDIRECT] [Fatal Error] :1:1: Premature end of file.
2025-09-16 21:05:52,055 [ERROR] LogOutputStream:75 - [STDERR_REDIRECT] 
2025-09-16 21:05:53,052 [ERROR] LogOutputStream:75 - [STDERR_REDIRECT] [Fatal Error] :1:1: Premature end of file.
2025-09-16 21:05:53,053 [ERROR] LogOutputStream:75 - [STDERR_REDIRECT] 
2025-09-16 21:05:54,069 [ERROR] LogOutputStream:75 - [STDERR_REDIRECT] [Fatal Error] :1:1: Premature end of file.
2025-09-16 21:05:54,069 [ERROR] LogOutputStream:75 - [STDERR_REDIRECT] 
2025-09-16 21:05:55,137 [ERROR] LogOutputStream:75 - [STDERR_REDIRECT] [Fatal Error] :1:1: Premature end of file.
2025-09-16 21:05:55,137 [ERROR] LogOutputStream:75 - [STDERR_REDIRECT] 
2025-09-16 21:05:56,060 [ERROR] LogOutputStream:75 - [STDERR_REDIRECT] [Fatal Error] :1:1: Premature end of file.
2025-09-16 21:05:56,061 [ERROR] LogOutputStream:75 - [STDERR_REDIRECT] 
2025-09-16 21:05:57,057 [ERROR] LogOutputStream:75 - [STDERR_REDIRECT] [Fatal Error] :1:1: Premature end of file.
2025-09-16 21:05:57,057 [ERROR] LogOutputStream:75 - [STDERR_REDIRECT] 
2025-09-16 21:05:58,051 [ERROR] LogOutputStream:75 - [STDERR_REDIRECT] [Fatal Error] :1:1: Premature end of file.
2025-09-16 21:05:58,052 [ERROR] LogOutputStream:75 - [STDERR_REDIRECT] 
2025-09-16 21:05:59,055 [ERROR] LogOutputStream:75 - [STDERR_REDIRECT] [Fatal Error] :1:1: Premature end of file.
2025-09-16 21:05:59,056 [ERROR] LogOutputStream:75 - [STDERR_REDIRECT] 
2025-09-16 21:06:00,067 [ERROR] LogOutputStream:75 - [STDERR_REDIRECT] [Fatal Error] :1:1: Premature end of file.
2025-09-16 21:06:00,067 [ERROR] LogOutputStream:75 - [STDERR_REDIRECT] 
2025-09-16 21:06:01,055 [ERROR] LogOutputStream:75 - [STDERR_REDIRECT] [Fatal Error] :1:1: Premature end of file.
2025-09-16 21:06:01,055 [ERROR] LogOutputStream:75 - [STDERR_REDIRECT] 
2025-09-16 21:06:02,053 [ERROR] LogOutputStream:75 - [STDERR_REDIRECT] [Fatal Error] :1:1: Premature end of file.
2025-09-16 21:06:02,053 [ERROR] LogOutputStream:75 - [STDERR_REDIRECT] 
2025-09-16 21:06:03,128 [ERROR] LogOutputStream:75 - [STDERR_REDIRECT] [Fatal Error] :1:1: Premature end of file.
2025-09-16 21:06:03,128 [ERROR] LogOutputStream:75 - [STDERR_REDIRECT] 
2025-09-16 21:06:04,138 [ERROR] LogOutputStream:75 - [STDERR_REDIRECT] [Fatal Error] :1:1: Premature end of file.
2025-09-16 21:06:04,139 [ERROR] LogOutputStream:75 - [STDERR_REDIRECT] 
2025-09-16 21:06:05,093 [ERROR] LogOutputStream:75 - [STDERR_REDIRECT] [Fatal Error] :1:1: Premature end of file.
2025-09-16 21:06:05,093 [ERROR] LogOutputStream:75 - [STDERR_REDIRECT] 
2025-09-16 21:06:06,059 [ERROR] LogOutputStream:75 - [STDERR_REDIRECT] [Fatal Error] :1:1: Premature end of file.
2025-09-16 21:06:06,060 [ERROR] LogOutputStream:75 - [STDERR_REDIRECT] 
2025-09-16 21:06:07,094 [ERROR] LogOutputStream:75 - [STDERR_REDIRECT] [Fatal Error] :1:1: Premature end of file.
2025-09-16 21:06:07,095 [ERROR] LogOutputStream:75 - [STDERR_REDIRECT] 
2025-09-16 21:06:08,061 [ERROR] LogOutputStream:75 - [STDERR_REDIRECT] [Fatal Error] :1:1: Premature end of file.
2025-09-16 21:06:08,061 [ERROR] LogOutputStream:75 - [STDERR_REDIRECT] 
2025-09-16 21:06:09,065 [ERROR] LogOutputStream:75 - [STDERR_REDIRECT] [Fatal Error] :1:1: Premature end of file.
2025-09-16 21:06:09,065 [ERROR] LogOutputStream:75 - [STDERR_REDIRECT] 
2025-09-16 21:06:10,063 [ERROR] LogOutputStream:75 - [STDERR_REDIRECT] [Fatal Error] :1:1: Premature end of file.
2025-09-16 21:06:10,063 [ERROR] LogOutputStream:75 - [STDERR_REDIRECT] 
2025-09-16 21:06:11,068 [ERROR] LogOutputStream:75 - [STDERR_REDIRECT] [Fatal Error] :1:1: Premature end of file.
2025-09-16 21:06:11,068 [ERROR] LogOutputStream:75 - [STDERR_REDIRECT] 
2025-09-16 21:06:12,085 [ERROR] LogOutputStream:75 - [STDERR_REDIRECT] [Fatal Error] :1:1: Premature end of file.
2025-09-16 21:06:12,085 [ERROR] LogOutputStream:75 - [STDERR_REDIRECT] 
2025-09-16 21:06:13,057 [ERROR] LogOutputStream:75 - [STDERR_REDIRECT] [Fatal Error] :1:1: Premature end of file.
2025-09-16 21:06:13,057 [ERROR] LogOutputStream:75 - [STDERR_REDIRECT] 
2025-09-16 21:06:14,064 [ERROR] LogOutputStream:75 - [STDERR_REDIRECT] [Fatal Error] :1:1: Premature end of file.
2025-09-16 21:06:14,064 [ERROR] LogOutputStream:75 - [STDERR_REDIRECT] 
2025-09-16 21:06:15,053 [ERROR] LogOutputStream:75 - [STDERR_REDIRECT] [Fatal Error] :1:1: Premature end of file.
2025-09-16 21:06:15,054 [ERROR] LogOutputStream:75 - [STDERR_REDIRECT] 
2025-09-16 21:06:16,080 [ERROR] LogOutputStream:75 - [STDERR_REDIRECT] [Fatal Error] :1:1: Premature end of file.
2025-09-16 21:06:16,080 [ERROR] LogOutputStream:75 - [STDERR_REDIRECT] 
2025-09-16 21:06:17,099 [ERROR] LogOutputStream:75 - [STDERR_REDIRECT] [Fatal Error] :1:1: Premature end of file.
2025-09-16 21:06:17,100 [ERROR] LogOutputStream:75 - [STDERR_REDIRECT] 
2025-09-16 21:06:18,068 [ERROR] LogOutputStream:75 - [STDERR_REDIRECT] [Fatal Error] :1:1: Premature end of file.
2025-09-16 21:06:18,069 [ERROR] LogOutputStream:75 - [STDERR_REDIRECT] 
2025-09-16 21:06:19,075 [ERROR] LogOutputStream:75 - [STDERR_REDIRECT] [Fatal Error] :1:1: Premature end of file.
2025-09-16 21:06:19,076 [ERROR] LogOutputStream:75 - [STDERR_REDIRECT] 
2025-09-16 21:06:20,076 [ERROR] LogOutputStream:75 - [STDERR_REDIRECT] [Fatal Error] :1:1: Premature end of file.
2025-09-16 21:06:20,076 [ERROR] LogOutputStream:75 - [STDERR_REDIRECT] 
2025-09-16 21:06:21,063 [ERROR] LogOutputStream:75 - [STDERR_REDIRECT] [Fatal Error] :1:1: Premature end of file.
2025-09-16 21:06:21,063 [ERROR] LogOutputStream:75 - [STDERR_REDIRECT] 
2025-09-16 21:06:22,066 [ERROR] LogOutputStream:75 - [STDERR_REDIRECT] [Fatal Error] :1:1: Premature end of file.
2025-09-16 21:06:22,066 [ERROR] LogOutputStream:75 - [STDERR_REDIRECT] 
2025-09-16 21:06:23,059 [ERROR] LogOutputStream:75 - [STDERR_REDIRECT] [Fatal Error] :1:1: Premature end of file.
2025-09-16 21:06:23,059 [ERROR] LogOutputStream:75 - [STDERR_REDIRECT] 
2025-09-16 21:06:24,059 [ERROR] LogOutputStream:75 - [STDERR_REDIRECT] [Fatal Error] :1:1: Premature end of file.
2025-09-16 21:06:24,059 [ERROR] LogOutputStream:75 - [STDERR_REDIRECT] 
2025-09-16 21:06:25,054 [ERROR] LogOutputStream:75 - [STDERR_REDIRECT] [Fatal Error] :1:1: Premature end of file.
2025-09-16 21:06:25,054 [ERROR] LogOutputStream:75 - [STDERR_REDIRECT] 
2025-09-16 21:06:26,067 [ERROR] LogOutputStream:75 - [STDERR_REDIRECT] [Fatal Error] :1:1: Premature end of file.
2025-09-16 21:06:26,067 [ERROR] LogOutputStream:75 - [STDERR_REDIRECT] 
2025-09-16 21:06:27,059 [ERROR] LogOutputStream:75 - [STDERR_REDIRECT] [Fatal Error] :1:1: Premature end of file.
2025-09-16 21:06:27,059 [ERROR] LogOutputStream:75 - [STDERR_REDIRECT] 
2025-09-16 21:06:28,063 [ERROR] LogOutputStream:75 - [STDERR_REDIRECT] [Fatal Error] :1:1: Premature end of file.
2025-09-16 21:06:28,063 [ERROR] LogOutputStream:75 - [STDERR_REDIRECT] 
2025-09-16 21:06:29,051 [ERROR] LogOutputStream:75 - [STDERR_REDIRECT] [Fatal Error] :1:1: Premature end of file.
2025-09-16 21:06:29,051 [ERROR] LogOutputStream:75 - [STDERR_REDIRECT] 
2025-09-16 21:06:30,056 [ERROR] LogOutputStream:75 - [STDERR_REDIRECT] [Fatal Error] :1:1: Premature end of file.
2025-09-16 21:06:30,057 [ERROR] LogOutputStream:75 - [STDERR_REDIRECT] 
2025-09-16 21:06:31,061 [ERROR] LogOutputStream:75 - [STDERR_REDIRECT] [Fatal Error] :1:1: Premature end of file.
2025-09-16 21:06:31,062 [ERROR] LogOutputStream:75 - [STDERR_REDIRECT] 
2025-09-16 21:06:32,056 [ERROR] LogOutputStream:75 - [STDERR_REDIRECT] [Fatal Error] :1:1: Premature end of file.
2025-09-16 21:06:32,056 [ERROR] LogOutputStream:75 - [STDERR_REDIRECT] 
2025-09-16 21:06:33,069 [ERROR] LogOutputStream:75 - [STDERR_REDIRECT] [Fatal Error] :1:1: Premature end of file.
2025-09-16 21:06:33,069 [ERROR] LogOutputStream:75 - [STDERR_REDIRECT] 
2025-09-16 21:06:34,058 [ERROR] LogOutputStream:75 - [STDERR_REDIRECT] [Fatal Error] :1:1: Premature end of file.
2025-09-16 21:06:34,058 [ERROR] LogOutputStream:75 - [STDERR_REDIRECT] 
2025-09-16 21:06:35,068 [ERROR] LogOutputStream:75 - [STDERR_REDIRECT] [Fatal Error] :1:1: Premature end of file.
2025-09-16 21:06:35,068 [ERROR] LogOutputStream:75 - [STDERR_REDIRECT] 
2025-09-16 21:06:36,067 [ERROR] LogOutputStream:75 - [STDERR_REDIRECT] [Fatal Error] :1:1: Premature end of file.
2025-09-16 21:06:36,067 [ERROR] LogOutputStream:75 - [STDERR_REDIRECT] 
2025-09-16 21:06:37,068 [ERROR] LogOutputStream:75 - [STDERR_REDIRECT] [Fatal Error] :1:1: Premature end of file.
2025-09-16 21:06:37,069 [ERROR] LogOutputStream:75 - [STDERR_REDIRECT] 
2025-09-16 21:06:38,063 [ERROR] LogOutputStream:75 - [STDERR_REDIRECT] [Fatal Error] :1:1: Premature end of file.
2025-09-16 21:06:38,064 [ERROR] LogOutputStream:75 - [STDERR_REDIRECT] 
2025-09-16 21:06:39,063 [ERROR] LogOutputStream:75 - [STDERR_REDIRECT] [Fatal Error] :1:1: Premature end of file.
2025-09-16 21:06:39,063 [ERROR] LogOutputStream:75 - [STDERR_REDIRECT] 
2025-09-16 21:06:40,056 [ERROR] LogOutputStream:75 - [STDERR_REDIRECT] [Fatal Error] :1:1: Premature end of file.
2025-09-16 21:06:40,057 [ERROR] LogOutputStream:75 - [STDERR_REDIRECT] 
2025-09-16 21:06:41,087 [ERROR] LogOutputStream:75 - [STDERR_REDIRECT] [Fatal Error] :1:1: Premature end of file.
2025-09-16 21:06:41,088 [ERROR] LogOutputStream:75 - [STDERR_REDIRECT] 
2025-09-16 21:06:42,170 [ERROR] LogOutputStream:75 - [STDERR_REDIRECT] [Fatal Error] :1:1: Premature end of file.
2025-09-16 21:06:42,170 [ERROR] LogOutputStream:75 - [STDERR_REDIRECT] 
2025-09-16 21:06:42,317 [ERROR] LogOutputStream:75 - [STDERR_REDIRECT] 
