2025-07-20 22:46:52,165 [INFO] Activator:176 - 


2025-07-20 22:46:52,173 [INFO] Activator:177 - !SESSION log4j initialized
2025-07-20 22:46:58,555 [INFO] LogOutputStream:77 - [STDOUT_REDIRECT] 
2025-07-20 22:47:08,898 [INFO] ApplicationProperties:184 - Using Application install path: C:\ST\STM32CubeIDE_1.19.0\STM32CubeIDE\plugins\com.st.stm32cube.common.mx_6.15.0.202507011659
2025-07-20 22:47:08,916 [INFO] DbMcusXml:78 - Set database path to: C:\ST\STM32CubeIDE_1.19.0\STM32CubeIDE\plugins\com.st.stm32cube.common.mx_6.15.0.202507011659\\db\/mcu/
2025-07-20 22:47:08,917 [INFO] ApiDb:274 - Set plugin database path to: C:\ST\STM32CubeIDE_1.19.0\STM32CubeIDE\plugins\com.st.stm32cube.common.mx_6.15.0.202507011659\\db\/plugins/boardmanager/
2025-07-20 22:47:08,917 [WARN] ApiDb:259 - Overriding images path with different value:  => C:\ST\STM32CubeIDE_1.19.0\STM32CubeIDE\plugins\com.st.stm32cube.common.mx_6.15.0.202507011659\\db\/plugins/mcufinder/images/
2025-07-20 22:47:08,927 [INFO] ApiDb:250 - Set database path to: C:\Users\SNYDE\.stmcufinder\plugins\mcufinder//mcu/
2025-07-20 22:47:08,928 [INFO] DbMcusAds:125 - Set database path to: C:\Users\SNYDE\.stmcufinder\plugins\mcufinder//mcu/
2025-07-20 22:47:08,933 [INFO] CrossReferenceDbSqlite:203 - Set database path to: C:\Users\SNYDE\.stmcufinder\plugins\mcufinder//mcu/cs/
2025-07-20 22:47:09,065 [INFO] RulesReader:64 - Compatibility file has been processed (317 Rules)
2025-07-20 22:47:09,167 [INFO] DbMcusXml:78 - Set database path to: C:\ST\STM32CubeIDE_1.19.0\STM32CubeIDE\plugins\com.st.stm32cube.common.mx_6.15.0.202507011659\\db\/mcu/
2025-07-20 22:47:09,168 [INFO] ApiDb:274 - Set plugin database path to: C:\ST\STM32CubeIDE_1.19.0\STM32CubeIDE\plugins\com.st.stm32cube.common.mx_6.15.0.202507011659\\db\/plugins/boardmanager/
2025-07-20 22:47:09,168 [INFO] ApiDb:261 - Set plugin images path to: C:\ST\STM32CubeIDE_1.19.0\STM32CubeIDE\plugins\com.st.stm32cube.common.mx_6.15.0.202507011659\\db\/plugins/mcufinder/images/
2025-07-20 22:47:09,168 [WARN] DbFile:41 - Overriding database path with different value: C:\Users\SNYDE\.stmcufinder\plugins\mcufinder/ => C:\Users\SNYDE\.stmcufinder\plugins\mcufinder
2025-07-20 22:47:09,168 [INFO] ApiDb:250 - Set database path to: C:\Users\SNYDE\.stmcufinder\plugins\mcufinder//mcu/
2025-07-20 22:47:09,168 [WARN] DbFile:41 - Overriding database path with different value: C:\Users\SNYDE\.stmcufinder\plugins\mcufinder/ => C:\Users\SNYDE\.stmcufinder\plugins\mcufinder
2025-07-20 22:47:09,168 [INFO] DbMcusAds:125 - Set database path to: C:\Users\SNYDE\.stmcufinder\plugins\mcufinder//mcu/
2025-07-20 22:47:09,168 [WARN] DbFile:41 - Overriding database path with different value: C:\Users\SNYDE\.stmcufinder\plugins\mcufinder/ => C:\Users\SNYDE\.stmcufinder\plugins\mcufinder
2025-07-20 22:47:09,168 [WARN] DbFile:41 - Overriding database path with different value: C:\Users\SNYDE\.stmcufinder\plugins\mcufinder/ => C:\Users\SNYDE\.stmcufinder\plugins\mcufinder
2025-07-20 22:47:09,168 [INFO] CrossReferenceDbSqlite:203 - Set database path to: C:\Users\SNYDE\.stmcufinder\plugins\mcufinder//mcu/cs/
2025-07-20 22:47:09,250 [INFO] MainPanel:274 - HeapMemory: 268435456
2025-07-20 22:47:09,360 [INFO] DbMcusXml:78 - Set database path to: C:\ST\STM32CubeIDE_1.19.0\STM32CubeIDE\plugins\com.st.stm32cube.common.mx_6.15.0.202507011659\\db\/mcu/
2025-07-20 22:47:09,360 [INFO] ApiDb:274 - Set plugin database path to: C:\ST\STM32CubeIDE_1.19.0\STM32CubeIDE\plugins\com.st.stm32cube.common.mx_6.15.0.202507011659\\db\/plugins/boardmanager/
2025-07-20 22:47:09,360 [INFO] ApiDb:261 - Set plugin images path to: C:\ST\STM32CubeIDE_1.19.0\STM32CubeIDE\plugins\com.st.stm32cube.common.mx_6.15.0.202507011659\\db\/plugins/mcufinder/images/
2025-07-20 22:47:09,361 [WARN] DbFile:41 - Overriding database path with different value: C:\Users\SNYDE\.stmcufinder\plugins\mcufinder/ => C:\Users\SNYDE\.stmcufinder\plugins\mcufinder
2025-07-20 22:47:09,361 [INFO] ApiDb:250 - Set database path to: C:\Users\SNYDE\.stmcufinder\plugins\mcufinder//mcu/
2025-07-20 22:47:09,361 [WARN] DbFile:41 - Overriding database path with different value: C:\Users\SNYDE\.stmcufinder\plugins\mcufinder/ => C:\Users\SNYDE\.stmcufinder\plugins\mcufinder
2025-07-20 22:47:09,361 [INFO] DbMcusAds:125 - Set database path to: C:\Users\SNYDE\.stmcufinder\plugins\mcufinder//mcu/
2025-07-20 22:47:09,361 [WARN] DbFile:41 - Overriding database path with different value: C:\Users\SNYDE\.stmcufinder\plugins\mcufinder/ => C:\Users\SNYDE\.stmcufinder\plugins\mcufinder
2025-07-20 22:47:09,361 [WARN] DbFile:41 - Overriding database path with different value: C:\Users\SNYDE\.stmcufinder\plugins\mcufinder/ => C:\Users\SNYDE\.stmcufinder\plugins\mcufinder
2025-07-20 22:47:09,361 [INFO] CrossReferenceDbSqlite:203 - Set database path to: C:\Users\SNYDE\.stmcufinder\plugins\mcufinder//mcu/cs/
2025-07-20 22:47:09,380 [INFO] ApplicationProperties:184 - Using Application install path: C:\ST\STM32CubeIDE_1.19.0\STM32CubeIDE\plugins\com.st.stm32cube.common.mx_6.15.0.202507011659
2025-07-20 22:47:09,381 [INFO] PluginManage:196 - Search for loadable plugins [exclusion list=, ]
2025-07-20 22:47:09,383 [INFO] PluginManage:310 - Check plugin analytics
2025-07-20 22:47:19,079 [INFO] AnalyticsPlugin:253 - Accepted Software Licenses: 
2025-07-20 22:47:19,080 [INFO] AnalyticsPlugin:255 - Accepted CMSIS Pack Licenses: 
2025-07-20 22:47:19,080 [INFO] AnalyticsPlugin:257 - Accepted Firmware Licenses: FW.G0.1.6.0,FW.U5.1.8.0,FW.F7.1.17.0
2025-07-20 22:47:19,083 [INFO] PluginManage:359 - Loaded plugin analytics (category:tool,tabindex:-1)
2025-07-20 22:47:19,083 [INFO] PluginManage:310 - Check plugin cadmodel
2025-07-20 22:47:19,090 [INFO] CADModel:105 - Init CAD model plugin
2025-07-20 22:47:19,090 [INFO] PluginManage:359 - Loaded plugin cadmodel (category:power,tabindex:5)
2025-07-20 22:47:19,090 [INFO] PluginManage:310 - Check plugin clock
2025-07-20 22:47:19,104 [INFO] PluginManage:359 - Loaded plugin clock (category:base,tabindex:2)
2025-07-20 22:47:19,104 [INFO] PluginManage:310 - Check plugin ddr
2025-07-20 22:47:19,107 [INFO] PluginManage:359 - Loaded plugin ddr (category:tool,tabindex:6)
2025-07-20 22:47:19,107 [INFO] PluginManage:310 - Check plugin filemanager
2025-07-20 22:47:19,275 [INFO] PluginManage:359 - Loaded plugin filemanager (category:base,tabindex:10)
2025-07-20 22:47:19,275 [INFO] PluginManage:310 - Check plugin ipmanager
2025-07-20 22:47:19,283 [INFO] PluginManage:359 - Loaded plugin ipmanager (category:base,tabindex:5)
2025-07-20 22:47:19,283 [INFO] PluginManage:310 - Check plugin lpbam
2025-07-20 22:47:19,291 [INFO] PluginManage:359 - Loaded plugin lpbam (category:base,tabindex:0)
2025-07-20 22:47:19,291 [INFO] PluginManage:310 - Check plugin memorymap
2025-07-20 22:47:19,306 [INFO] PluginManage:359 - Loaded plugin memorymap (category:base,tabindex:4)
2025-07-20 22:47:19,306 [INFO] PluginManage:310 - Check plugin pinoutandconfiguration
2025-07-20 22:47:19,315 [INFO] PluginManage:359 - Loaded plugin pinoutandconfiguration (category:base,tabindex:1)
2025-07-20 22:47:19,315 [INFO] PluginManage:310 - Check plugin pinoutconfig
2025-07-20 22:47:19,421 [WARN] SupportedApi:132 - Cannot load RTOS API schema: s4s-elt-must-match.1: The content of 'definitions' must match (annotation?, (simpleType | complexType)?, (unique | key | keyref)*)). A problem was found starting at: attribute.
2025-07-20 22:47:19,556 [INFO] PluginManage:359 - Loaded plugin pinoutconfig (category:base,tabindex:0)
2025-07-20 22:47:19,556 [INFO] PluginManage:310 - Check plugin power
2025-07-20 22:47:19,567 [INFO] PluginManage:359 - Loaded plugin power (category:power,tabindex:4)
2025-07-20 22:47:19,567 [INFO] PluginManage:310 - Check plugin projectmanager
2025-07-20 22:47:19,585 [INFO] PluginManage:359 - Loaded plugin projectmanager (category:projectmanager,tabindex:4)
2025-07-20 22:47:19,585 [INFO] PluginManage:310 - Check plugin rif
2025-07-20 22:47:19,593 [INFO] PluginManage:359 - Loaded plugin rif (category:base,tabindex:3)
2025-07-20 22:47:19,594 [INFO] PluginManage:310 - Check plugin thirdparty
2025-07-20 22:47:19,748 [WARN] IntegrityCheckThread:84 - waiting for thirdparty lock release [integrity check]
2025-07-20 22:47:19,748 [INFO] IntegrityCheckThread:86 - entering critical section [integrity check]
2025-07-20 22:47:19,748 [INFO] PluginManage:359 - Loaded plugin thirdparty (category:base,tabindex:-1)
2025-07-20 22:47:19,750 [INFO] PluginManage:310 - Check plugin tools
2025-07-20 22:47:19,750 [INFO] ThirdPartyUpdaterWithRetryManager:70 - Updater plugin not ready yet. [1/15]
2025-07-20 22:47:19,753 [INFO] PluginManage:359 - Loaded plugin tools (category:base,tabindex:7)
2025-07-20 22:47:19,753 [INFO] PluginManage:310 - Check plugin tutovideos
2025-07-20 22:47:19,965 [INFO] PluginManage:359 - Loaded plugin tutovideos (category:base,tabindex:-1)
2025-07-20 22:47:19,965 [INFO] PluginManage:310 - Check plugin updater
2025-07-20 22:47:19,987 [INFO] PluginManage:359 - Loaded plugin updater (category:base,tabindex:12)
2025-07-20 22:47:19,988 [INFO] PluginManage:310 - Check plugin userauth
2025-07-20 22:47:19,992 [INFO] UserAuth:118 - Init User Auth plugin
2025-07-20 22:47:19,993 [INFO] PluginManage:359 - Loaded plugin userauth (category:base,tabindex:14)
2025-07-20 22:47:19,993 [INFO] PluginManage:283 - PluginManage : Loaded plugins [18]
2025-07-20 22:47:20,210 [INFO] PinOutPanel:1589 - setPackage(No Configuration,No Configuration)
2025-07-20 22:47:20,301 [INFO] CADModel:165 - CPN selected for project level
2025-07-20 22:47:20,301 [INFO] CADModel:114 - Register for checkConnection events
2025-07-20 22:47:20,322 [INFO] IPUIPlugin:80 - create IPUIPlugin
2025-07-20 22:47:20,322 [INFO] PluginManager:220 - loadIPPluginJar : add adc
2025-07-20 22:47:20,326 [INFO] IPUIPlugin:80 - create IPUIPlugin
2025-07-20 22:47:20,326 [INFO] PluginManager:220 - loadIPPluginJar : add aes
2025-07-20 22:47:20,329 [INFO] IPUIPlugin:80 - create IPUIPlugin
2025-07-20 22:47:20,330 [INFO] PluginManager:220 - loadIPPluginJar : add can
2025-07-20 22:47:20,332 [INFO] IPUIPlugin:80 - create IPUIPlugin
2025-07-20 22:47:20,332 [INFO] PluginManager:220 - loadIPPluginJar : add comp
2025-07-20 22:47:20,335 [INFO] IPUIPlugin:80 - create IPUIPlugin
2025-07-20 22:47:20,335 [INFO] PluginManager:220 - loadIPPluginJar : add cryp
2025-07-20 22:47:20,339 [INFO] IPUIPlugin:80 - create IPUIPlugin
2025-07-20 22:47:20,339 [INFO] PluginManager:220 - loadIPPluginJar : add ddr_ctrl_phy
2025-07-20 22:47:20,344 [INFO] IPUIPlugin:80 - create IPUIPlugin
2025-07-20 22:47:20,344 [INFO] PluginManager:220 - loadIPPluginJar : add dfsdm
2025-07-20 22:47:20,350 [INFO] IPUIPlugin:80 - create IPUIPlugin
2025-07-20 22:47:20,352 [INFO] PluginManager:220 - loadIPPluginJar : add dma
2025-07-20 22:47:20,356 [INFO] IPUIPlugin:80 - create IPUIPlugin
2025-07-20 22:47:20,356 [INFO] PluginManager:220 - loadIPPluginJar : add dma3
2025-07-20 22:47:20,359 [INFO] IPUIPlugin:80 - create IPUIPlugin
2025-07-20 22:47:20,359 [INFO] PluginManager:220 - loadIPPluginJar : add extmemmanager
2025-07-20 22:47:20,362 [INFO] IPUIPlugin:80 - create IPUIPlugin
2025-07-20 22:47:20,362 [INFO] PluginManager:220 - loadIPPluginJar : add fatfs
2025-07-20 22:47:20,368 [INFO] IPUIPlugin:80 - create IPUIPlugin
2025-07-20 22:47:20,368 [INFO] PluginManager:220 - loadIPPluginJar : add fmc
2025-07-20 22:47:20,377 [INFO] IPUIPlugin:80 - create IPUIPlugin
2025-07-20 22:47:20,377 [INFO] PluginManager:220 - loadIPPluginJar : add freertos
2025-07-20 22:47:20,379 [INFO] IPUIPlugin:80 - create IPUIPlugin
2025-07-20 22:47:20,379 [INFO] PluginManager:220 - loadIPPluginJar : add genericplugin
2025-07-20 22:47:20,382 [INFO] IPUIPlugin:80 - create IPUIPlugin
2025-07-20 22:47:20,382 [INFO] PluginManager:220 - loadIPPluginJar : add gfxmmu
2025-07-20 22:47:20,388 [INFO] IPUIPlugin:80 - create IPUIPlugin
2025-07-20 22:47:20,389 [INFO] PluginManager:220 - loadIPPluginJar : add gic
2025-07-20 22:47:20,393 [INFO] IPUIPlugin:80 - create IPUIPlugin
2025-07-20 22:47:20,394 [INFO] PluginManager:220 - loadIPPluginJar : add gpio
2025-07-20 22:47:20,397 [INFO] IPUIPlugin:80 - create IPUIPlugin
2025-07-20 22:47:20,397 [INFO] PluginManager:220 - loadIPPluginJar : add gtzc
2025-07-20 22:47:20,400 [INFO] IPUIPlugin:80 - create IPUIPlugin
2025-07-20 22:47:20,400 [INFO] PluginManager:220 - loadIPPluginJar : add hash
2025-07-20 22:47:20,404 [INFO] IPUIPlugin:80 - create IPUIPlugin
2025-07-20 22:47:20,404 [INFO] PluginManager:220 - loadIPPluginJar : add i2c
2025-07-20 22:47:20,407 [INFO] IPUIPlugin:80 - create IPUIPlugin
2025-07-20 22:47:20,408 [INFO] PluginManager:220 - loadIPPluginJar : add i2s
2025-07-20 22:47:20,412 [INFO] IPUIPlugin:80 - create IPUIPlugin
2025-07-20 22:47:20,412 [INFO] PluginManager:220 - loadIPPluginJar : add i3c
2025-07-20 22:47:20,415 [INFO] IPUIPlugin:80 - create IPUIPlugin
2025-07-20 22:47:20,415 [INFO] PluginManager:220 - loadIPPluginJar : add ipddr
2025-07-20 22:47:20,423 [INFO] IPUIPlugin:80 - create IPUIPlugin
2025-07-20 22:47:20,423 [INFO] PluginManager:220 - loadIPPluginJar : add linkedlist
2025-07-20 22:47:20,427 [INFO] IPUIPlugin:80 - create IPUIPlugin
2025-07-20 22:47:20,427 [INFO] PluginManager:220 - loadIPPluginJar : add lorawan
2025-07-20 22:47:20,429 [INFO] IPUIPlugin:80 - create IPUIPlugin
2025-07-20 22:47:20,429 [INFO] PluginManager:220 - loadIPPluginJar : add ltdc
2025-07-20 22:47:20,435 [INFO] IPUIPlugin:80 - create IPUIPlugin
2025-07-20 22:47:20,435 [INFO] PluginManager:220 - loadIPPluginJar : add mdma
2025-07-20 22:47:20,440 [INFO] IPUIPlugin:80 - create IPUIPlugin
2025-07-20 22:47:20,440 [INFO] PluginManager:220 - loadIPPluginJar : add nvic
2025-07-20 22:47:20,445 [INFO] IPUIPlugin:80 - create IPUIPlugin
2025-07-20 22:47:20,445 [INFO] PluginManager:220 - loadIPPluginJar : add opamp
2025-07-20 22:47:20,449 [INFO] IPUIPlugin:80 - create IPUIPlugin
2025-07-20 22:47:20,449 [INFO] PluginManager:220 - loadIPPluginJar : add openamp
2025-07-20 22:47:20,453 [INFO] IPUIPlugin:80 - create IPUIPlugin
2025-07-20 22:47:20,454 [INFO] PluginManager:220 - loadIPPluginJar : add pdm2pcm
2025-07-20 22:47:20,462 [INFO] IPUIPlugin:80 - create IPUIPlugin
2025-07-20 22:47:20,466 [INFO] PluginManager:220 - loadIPPluginJar : add plateformsettings
2025-07-20 22:47:20,469 [INFO] IPUIPlugin:80 - create IPUIPlugin
2025-07-20 22:47:20,469 [INFO] PluginManager:220 - loadIPPluginJar : add quadspi
2025-07-20 22:47:20,471 [INFO] IPUIPlugin:80 - create IPUIPlugin
2025-07-20 22:47:20,472 [INFO] PluginManager:220 - loadIPPluginJar : add radio
2025-07-20 22:47:20,477 [INFO] IPUIPlugin:80 - create IPUIPlugin
2025-07-20 22:47:20,478 [INFO] PluginManager:220 - loadIPPluginJar : add resmgrutility
2025-07-20 22:47:20,483 [INFO] IPUIPlugin:80 - create IPUIPlugin
2025-07-20 22:47:20,483 [INFO] PluginManager:220 - loadIPPluginJar : add sai
2025-07-20 22:47:20,487 [INFO] IPUIPlugin:80 - create IPUIPlugin
2025-07-20 22:47:20,487 [INFO] PluginManager:220 - loadIPPluginJar : add spi
2025-07-20 22:47:20,494 [INFO] IPUIPlugin:80 - create IPUIPlugin
2025-07-20 22:47:20,494 [INFO] PluginManager:220 - loadIPPluginJar : add stm32_wpan
2025-07-20 22:47:20,497 [INFO] IPUIPlugin:80 - create IPUIPlugin
2025-07-20 22:47:20,498 [INFO] PluginManager:220 - loadIPPluginJar : add tim
2025-07-20 22:47:20,502 [INFO] IPUIPlugin:80 - create IPUIPlugin
2025-07-20 22:47:20,502 [INFO] PluginManager:220 - loadIPPluginJar : add touchsensing
2025-07-20 22:47:20,505 [INFO] IPUIPlugin:80 - create IPUIPlugin
2025-07-20 22:47:20,506 [INFO] PluginManager:220 - loadIPPluginJar : add tracer_emb
2025-07-20 22:47:20,509 [INFO] IPUIPlugin:80 - create IPUIPlugin
2025-07-20 22:47:20,509 [INFO] PluginManager:220 - loadIPPluginJar : add ts
2025-07-20 22:47:20,512 [INFO] IPUIPlugin:80 - create IPUIPlugin
2025-07-20 22:47:20,512 [INFO] PluginManager:220 - loadIPPluginJar : add tsc
2025-07-20 22:47:20,515 [INFO] IPUIPlugin:80 - create IPUIPlugin
2025-07-20 22:47:20,515 [INFO] PluginManager:220 - loadIPPluginJar : add ucpd
2025-07-20 22:47:20,520 [INFO] IPUIPlugin:80 - create IPUIPlugin
2025-07-20 22:47:20,520 [INFO] PluginManager:220 - loadIPPluginJar : add usart
2025-07-20 22:47:20,525 [INFO] IPUIPlugin:80 - create IPUIPlugin
2025-07-20 22:47:20,525 [INFO] PluginManager:220 - loadIPPluginJar : add usbx
2025-07-20 22:47:20,677 [FATAL] Updater:351 - Updater called before beeing initialized
2025-07-20 22:47:20,707 [INFO] RulesReader:64 - Compatibility file has been processed (317 Rules)
2025-07-20 22:47:20,719 [INFO] RulesReader:64 - Compatibility file has been processed (317 Rules)
2025-07-20 22:47:20,728 [INFO] CADModel:165 - CPN selected for project level
2025-07-20 22:47:20,729 [INFO] CADModel:114 - Register for checkConnection events
2025-07-20 22:47:20,729 [FATAL] Updater:351 - Updater called before beeing initialized
2025-07-20 22:47:20,729 [ERROR] CADModel:125 - Updater not yet initialized, retry later 
2025-07-20 22:47:20,928 [FATAL] Updater:351 - Updater called before beeing initialized
2025-07-20 22:47:20,931 [INFO] CADModel:165 - CPN selected for project level
2025-07-20 22:47:20,931 [INFO] CADModel:114 - Register for checkConnection events
2025-07-20 22:47:20,931 [FATAL] Updater:351 - Updater called before beeing initialized
2025-07-20 22:47:20,931 [ERROR] CADModel:125 - Updater not yet initialized, retry later 
2025-07-20 22:47:20,935 [FATAL] Updater:351 - Updater called before beeing initialized
2025-07-20 22:47:21,119 [FATAL] Updater:351 - Updater called before beeing initialized
2025-07-20 22:47:21,124 [INFO] DbMcusAds:53 - JSON generation date=Tue Jul 08 10:14:23 CEST 2025 (1751962463524)
2025-07-20 22:47:21,124 [FATAL] Updater:351 - Updater called before beeing initialized
2025-07-20 22:47:21,166 [WARN] DetailPanel:346 - Failed to get advertising image, set to default
2025-07-20 22:47:21,258 [FATAL] Updater:351 - Updater called before beeing initialized
2025-07-20 22:47:21,260 [FATAL] Updater:351 - Updater called before beeing initialized
2025-07-20 22:47:21,260 [FATAL] Updater:351 - Updater called before beeing initialized
2025-07-20 22:47:21,260 [WARN] DetailPanel:346 - Failed to get advertising image, set to default
2025-07-20 22:47:21,261 [FATAL] Updater:351 - Updater called before beeing initialized
2025-07-20 22:47:21,309 [ERROR] Updater:1198 - MainUpdater not yet initialized. External WinMGr cannot be set.
2025-07-20 22:47:21,311 [INFO] Updater:1134 - Updater Version found : 6.15.0
2025-07-20 22:47:21,327 [INFO] ApplicationProperties:184 - Using Application install path: C:\ST\STM32CubeIDE_1.19.0\STM32CubeIDE\plugins\com.st.stm32cube.common.mx_6.15.0.202507011659
2025-07-20 22:47:22,751 [INFO] ThirdPartyUpdaterWithRetryManager:70 - Updater plugin not ready yet. [2/15]
2025-07-20 22:47:22,901 [ERROR] LogOutputStream:75 - [STDERR_REDIRECT] Jul 20, 2025 10:47:22 PM java.util.prefs.WindowsPreferences <init>
2025-07-20 22:47:22,902 [ERROR] LogOutputStream:75 - [STDERR_REDIRECT] WARNING: Could not open/create prefs root node Software\JavaSoft\Prefs at root 0xffffffff80000002. Windows RegCreateKeyEx(...) returned error code 5.
2025-07-20 22:47:22,903 [ERROR] LogOutputStream:75 - [STDERR_REDIRECT] 
2025-07-20 22:47:23,736 [INFO] MainUpdater:2872 - connection check result : 10
2025-07-20 22:47:23,737 [INFO] MainUpdater:289 - Updater Check For Update Now.
2025-07-20 22:47:23,737 [INFO] MicroXplorer:498 - Change Database Version : DB.6.0.150
2025-07-20 22:47:23,746 [INFO] McuFinderGlobals:63 - Set McuFinder mode to 2 (CubeIDE integrated)
2025-07-20 22:47:23,747 [INFO] UserAuth:487 - Internet connection configuration mode: 1
2025-07-20 22:47:23,781 [INFO] JxBrowserEngine:152 - Initiate JxBrowser Engine with user profile folder
2025-07-20 22:47:23,931 [INFO] CheckServerUpdateThread:120 - End of CheckServer Thread
2025-07-20 22:47:25,262 [INFO] WebApp:169 - Instantiating new browser for Auth
2025-07-20 22:47:26,245 [INFO] WebApp:463 - Apply proxy settings
2025-07-20 22:47:26,246 [INFO] WebApp:548 - Chromium requires no authentication
2025-07-20 22:47:26,259 [INFO] WebApp:491 - Direct internet connection detected
2025-07-20 22:47:26,288 [WARN] PackLoader:240 - Cannot read IP mode file for STMicroelectronics.FP-SNS-MOTENVWB1.1.4.0
2025-07-20 22:47:26,304 [WARN] PackLoader:240 - Cannot read IP mode file for STMicroelectronics.FP-ATR-ASTRA1.2.0.2
2025-07-20 22:47:26,310 [WARN] PackLoader:240 - Cannot read IP mode file for STMicroelectronics.FP-ATR-ASTRA1.2.0.1
2025-07-20 22:47:26,314 [INFO] WebApp:900 - Register for checkConnection events
2025-07-20 22:47:26,315 [INFO] WebApp:463 - Apply proxy settings
2025-07-20 22:47:26,315 [INFO] WebApp:548 - Chromium requires no authentication
2025-07-20 22:47:26,315 [INFO] WebApp:491 - Direct internet connection detected
2025-07-20 22:47:26,323 [WARN] PackLoader:240 - Cannot read IP mode file for STMicroelectronics.X-CUBE-SMBUS.2.1.0
2025-07-20 22:47:26,336 [WARN] PackLoader:240 - Cannot read IP mode file for STMicroelectronics.X-CUBE-WB05N.1.1.0
2025-07-20 22:47:26,348 [WARN] PackLoader:240 - Cannot read IP mode file for STMicroelectronics.X-CUBE-ST60.1.0.0
2025-07-20 22:47:26,391 [WARN] PackLoader:240 - Cannot read IP mode file for STMicroelectronics.X-CUBE-AZRTOS-F7.1.1.0
2025-07-20 22:47:26,403 [WARN] PackLoader:240 - Cannot read IP mode file for STMicroelectronics.FP-SNS-FLIGHT1.5.0.2
2025-07-20 22:47:26,436 [WARN] PackLoader:240 - Cannot read IP mode file for Infineon.AIROC-Wi-Fi-Bluetooth-STM32.1.7.0
2025-07-20 22:47:26,471 [WARN] PackLoader:240 - Cannot read IP mode file for STMicroelectronics.X-CUBE-AZRTOS-H7.3.4.0
2025-07-20 22:47:26,496 [WARN] PackLoader:240 - Cannot read IP mode file for STMicroelectronics.X-CUBE-DISPLAY.3.0.0
2025-07-20 22:47:26,513 [WARN] PackLoader:240 - Cannot read IP mode file for STMicroelectronics.X-CUBE-BLE1.7.0.0
2025-07-20 22:47:26,525 [WARN] PackLoader:240 - Cannot read IP mode file for STMicroelectronics.X-CUBE-NFC10.1.0.0
2025-07-20 22:47:26,546 [WARN] PackLoader:240 - Cannot read IP mode file for STMicroelectronics.X-CUBE-BLEMGR.4.0.0
2025-07-20 22:47:26,563 [WARN] PackLoader:240 - Cannot read IP mode file for emotas.I-CUBE-CANOPEN.1.3.0
2025-07-20 22:47:26,571 [WARN] PackLoader:240 - Cannot read IP mode file for STMicroelectronics.X-CUBE-AI.10.0.0
2025-07-20 22:47:26,573 [INFO] WebApp:191 - Connection restablished
2025-07-20 22:47:26,579 [WARN] PackLoader:240 - Cannot read IP mode file for STMicroelectronics.FP-SNS-SMARTAG2.1.2.0
2025-07-20 22:47:26,585 [WARN] PackLoader:240 - Cannot read IP mode file for STMicroelectronics.FP-SNS-FLIGHT1.5.1.0
2025-07-20 22:47:26,645 [WARN] PackLoader:240 - Cannot read IP mode file for STMicroelectronics.X-CUBE-MEMS1.11.1.0
2025-07-20 22:47:26,754 [INFO] WebApp:225 - Starting web application
2025-07-20 22:47:26,754 [INFO] WebApp:593 - Web application path used C:\ST\STM32CubeIDE_1.19.0\STM32CubeIDE\plugins\com.st.stm32cube.common.mx_6.15.0.202507011659\db\plugins\mcufinder\reactClient1\index.html
2025-07-20 22:47:26,847 [INFO] LogOutputStream:77 - [STDOUT_REDIRECT] 1 : Invalid condition id : UX_CORESTACK_Condition cause : null
2025-07-20 22:47:26,848 [INFO] LogOutputStream:77 - [STDOUT_REDIRECT] 1 : Invalid condition id : UX_CORESTACK_Condition cause : null
2025-07-20 22:47:26,850 [INFO] LogOutputStream:77 - [STDOUT_REDIRECT] 1 : Invalid condition id : UX_CORESTACK_Condition cause : null
2025-07-20 22:47:26,851 [INFO] LogOutputStream:77 - [STDOUT_REDIRECT] 1 : Invalid condition id : UX_CORESTACK_Condition cause : null
2025-07-20 22:47:26,854 [INFO] LogOutputStream:77 - [STDOUT_REDIRECT] 1 : Invalid condition id : UX_CORESTACK_Condition cause : null
2025-07-20 22:47:26,858 [WARN] PackLoader:240 - Cannot read IP mode file for STMicroelectronics.X-CUBE-AZRTOS-WL.2.0.0
2025-07-20 22:47:26,866 [WARN] PackLoader:240 - Cannot read IP mode file for STMicroelectronics.FP-SNS-MOTENV1.5.0.0
2025-07-20 22:47:26,875 [WARN] PackLoader:240 - Cannot read IP mode file for wolfSSL.I-CUBE-wolfMQTT.1.19.0
2025-07-20 22:47:26,887 [WARN] PackLoader:240 - Cannot read IP mode file for WES.I-CUBE-Cesium.1.3.0
2025-07-20 22:47:26,896 [WARN] PackLoader:240 - Cannot read IP mode file for STMicroelectronics.X-CUBE-BLE2.3.3.0
2025-07-20 22:47:26,907 [WARN] PackLoader:240 - Cannot read IP mode file for STMicroelectronics.X-CUBE-NFC9.1.0.0
2025-07-20 22:47:26,915 [WARN] PackLoader:240 - Cannot read IP mode file for STMicroelectronics.X-CUBE-BLE1.7.1.0
2025-07-20 22:47:26,925 [WARN] PackLoader:240 - Cannot read IP mode file for STMicroelectronics.X-CUBE-EEPRMA1.5.2.0
2025-07-20 22:47:26,932 [WARN] PackLoader:240 - Cannot read IP mode file for STMicroelectronics.X-CUBE-AI.10.1.0
2025-07-20 22:47:26,991 [WARN] PackLoader:240 - Cannot read IP mode file for STMicroelectronics.X-CUBE-MEMS1.11.2.0
2025-07-20 22:47:27,074 [INFO] UserAuth:487 - Internet connection configuration mode: 1
2025-07-20 22:47:27,214 [WARN] PackLoader:240 - Cannot read IP mode file for STMicroelectronics.X-CUBE-AZRTOS-G0.1.1.0
2025-07-20 22:47:27,227 [WARN] PackLoader:240 - Cannot read IP mode file for STMicroelectronics.X-CUBE-SAFEA1.1.2.2
2025-07-20 22:47:27,239 [WARN] PackLoader:240 - Cannot read IP mode file for STMicroelectronics.X-CUBE-NFC4.3.0.0
2025-07-20 22:47:27,256 [WARN] PackLoader:240 - Cannot read IP mode file for EmbeddedOffice.I-CUBE-FS-RTOS.1.0.1
2025-07-20 22:47:27,286 [WARN] PackLoader:240 - Cannot read IP mode file for STMicroelectronics.X-CUBE-WB05N.2.0.0
2025-07-20 22:47:27,309 [WARN] PackLoader:240 - Cannot read IP mode file for STMicroelectronics.X-CUBE-TCPP.4.2.0
2025-07-20 22:47:27,324 [WARN] PackLoader:240 - Cannot read IP mode file for RealThread.X-CUBE-RT-Thread_Nano.4.1.1
2025-07-20 22:47:27,341 [WARN] PackLoader:240 - Cannot read IP mode file for STMicroelectronics.FP-ATR-SIGFOX1.3.2.0
2025-07-20 22:47:27,350 [WARN] ConditionMgr:438 - getConditionDescription Invalid condition id : Cortex-A Device cause : null
2025-07-20 22:47:27,374 [WARN] ConditionMgr:1044 - genDependencies : Invalid condition id : Cortex-A Device cause : null
2025-07-20 22:47:27,374 [WARN] ConditionMgr:1044 - genDependencies : Invalid condition id : Cortex-A Device cause : null
2025-07-20 22:47:27,375 [WARN] ConditionMgr:1044 - genDependencies : Invalid condition id : Cortex-A Device cause : null
2025-07-20 22:47:27,383 [WARN] PackLoader:240 - Cannot read IP mode file for STMicroelectronics.X-CUBE-EEPRMA1.5.1.0
2025-07-20 22:47:27,391 [WARN] PackLoader:240 - Cannot read IP mode file for wolfSSL.I-CUBE-wolfSSL.5.7.4
2025-07-20 22:47:27,403 [WARN] PackLoader:240 - Cannot read IP mode file for ITTIA_DB.I-CUBE-ITTIADB.8.9.0
2025-07-20 22:47:27,414 [WARN] PackLoader:240 - Cannot read IP mode file for STMicroelectronics.X-CUBE-ST67W61.1.0.0
2025-07-20 22:47:27,454 [ERROR] LogOutputStream:75 - [STDERR_REDIRECT] [Fatal Error] :1:1: Premature end of file.
2025-07-20 22:47:27,455 [ERROR] LogOutputStream:75 - [STDERR_REDIRECT] 
2025-07-20 22:47:27,459 [WARN] PackLoader:240 - Cannot read IP mode file for SEGGER.I-CUBE-embOS.1.3.1
2025-07-20 22:47:27,501 [WARN] PackLoader:240 - Cannot read IP mode file for STMicroelectronics.X-CUBE-ALGOBUILD.1.4.0
2025-07-20 22:47:27,551 [WARN] PackLoader:240 - Cannot read IP mode file for STMicroelectronics.X-CUBE-MEMS1.11.3.0
2025-07-20 22:47:27,693 [WARN] PackLoader:240 - Cannot read IP mode file for STMicroelectronics.X-CUBE-AI.9.1.0
2025-07-20 22:47:27,699 [WARN] PackLoader:240 - Cannot read IP mode file for STMicroelectronics.X-CUBE-PM33A1.1.0.0
2025-07-20 22:47:27,719 [WARN] PackLoader:240 - Cannot read IP mode file for STMicroelectronics.X-CUBE-AZRTOS-F4.1.1.0
2025-07-20 22:47:27,726 [WARN] PackLoader:240 - Cannot read IP mode file for Avnet-IotConnect.X-CUBE-IoTC-DA16k-PMOD.1.0.0
2025-07-20 22:47:27,732 [WARN] PackLoader:240 - Cannot read IP mode file for STMicroelectronics.X-CUBE-ISPU.2.1.0
2025-07-20 22:47:27,739 [WARN] PackLoader:240 - Cannot read IP mode file for STMicroelectronics.X-CUBE-NFC12.1.0.0
2025-07-20 22:47:27,758 [WARN] PackLoader:240 - Cannot read IP mode file for STMicroelectronics.X-CUBE-AZRTOS-L5.2.0.0
2025-07-20 22:47:27,767 [WARN] PackLoader:240 - Cannot read IP mode file for STMicroelectronics.X-CUBE-NFC6.3.1.0
2025-07-20 22:47:27,775 [WARN] PackLoader:240 - Cannot read IP mode file for STMicroelectronics.X-CUBE-DPower.1.2.0
2025-07-20 22:47:27,781 [WARN] PackLoader:240 - Cannot read IP mode file for STMicroelectronics.X-CUBE-FREERTOS.1.3.1
2025-07-20 22:47:27,786 [WARN] PackLoader:240 - Cannot read IP mode file for STMicroelectronics.X-CUBE-FREERTOS.1.3.0
2025-07-20 22:47:27,792 [WARN] PackLoader:240 - Cannot read IP mode file for STMicroelectronics.X-CUBE-NFC7.1.0.1
2025-07-20 22:47:27,799 [WARN] PackLoader:240 - Cannot read IP mode file for STMicroelectronics.FP-SNS-STAIOTCFT.1.0.0
2025-07-20 22:47:27,804 [WARN] PackLoader:240 - Cannot read IP mode file for STMicroelectronics.X-CUBE-DPower.1.3.0
2025-07-20 22:47:27,824 [WARN] ConditionMgr:438 - getConditionDescription Invalid condition id : LAN8742 Phy interface Condition cause : null
2025-07-20 22:47:27,824 [WARN] PackLoader:240 - Cannot read IP mode file for STMicroelectronics.X-CUBE-AZRTOS-L4.2.0.0
2025-07-20 22:47:27,826 [WARN] ConditionMgr:1044 - genDependencies : Invalid condition id : LAN8742 Phy interface Condition cause : null
2025-07-20 22:47:27,826 [WARN] ConditionMgr:1044 - genDependencies : Invalid condition id : LAN8742 Phy interface Condition cause : null
2025-07-20 22:47:27,827 [WARN] ConditionMgr:1044 - genDependencies : Invalid condition id : LAN8742 Phy interface Condition cause : null
2025-07-20 22:47:27,837 [WARN] PackLoader:240 - Cannot read IP mode file for STMicroelectronics.X-CUBE-SFXS2LP1.4.0.0
2025-07-20 22:47:27,869 [WARN] PackLoader:240 - Cannot read IP mode file for STMicroelectronics.X-CUBE-AZRTOS-H7.3.3.0
2025-07-20 22:47:27,881 [WARN] PackLoader:240 - Cannot read IP mode file for STMicroelectronics.X-CUBE-BLEMGR.4.1.0
2025-07-20 22:47:27,897 [WARN] ConditionMgr:438 - getConditionDescription Invalid condition id : UX DEVICE CLASS RTOS Condition cause : null
2025-07-20 22:47:27,897 [WARN] ConditionMgr:438 - getConditionDescription Invalid condition id : UX DEVICE CLASS RTOS Condition cause : null
2025-07-20 22:47:27,900 [WARN] PackLoader:240 - Cannot read IP mode file for STMicroelectronics.X-CUBE-AZRTOS-WB.2.0.0
2025-07-20 22:47:27,901 [WARN] ConditionMgr:1044 - genDependencies : Invalid condition id : UX DEVICE CLASS RTOS Condition cause : null
2025-07-20 22:47:27,901 [WARN] ConditionMgr:1044 - genDependencies : Invalid condition id : UX DEVICE CLASS RTOS Condition cause : null
2025-07-20 22:47:27,901 [WARN] ConditionMgr:1044 - genDependencies : Invalid condition id : UX DEVICE CLASS RTOS Condition cause : null
2025-07-20 22:47:27,902 [WARN] ConditionMgr:1044 - genDependencies : Invalid condition id : UX DEVICE CLASS RTOS Condition cause : null
2025-07-20 22:47:27,902 [WARN] ConditionMgr:1044 - genDependencies : Invalid condition id : UX DEVICE CLASS RTOS Condition cause : null
2025-07-20 22:47:27,907 [WARN] PackLoader:240 - Cannot read IP mode file for STMicroelectronics.X-CUBE-GNSS1.7.0.1
2025-07-20 22:47:27,915 [WARN] PackLoader:240 - Cannot read IP mode file for STMicroelectronics.X-CUBE-TOUCHGFX.4.25.0
2025-07-20 22:47:27,922 [WARN] PackLoader:240 - Cannot read IP mode file for STMicroelectronics.FP-SNS-STBOX1.2.0.0
2025-07-20 22:47:27,933 [WARN] PackLoader:240 - Cannot read IP mode file for STMicroelectronics.X-CUBE-SUBG2.5.0.0
2025-07-20 22:47:27,953 [WARN] PackLoader:240 - Cannot read IP mode file for STMicroelectronics.X-CUBE-AZRTOS-H7RS.1.1.0
2025-07-20 22:47:27,960 [WARN] PackLoader:240 - Cannot read IP mode file for Cesanta.I-CUBE-Mongoose.7.13.0
2025-07-20 22:47:27,974 [WARN] PackLoader:240 - Cannot read IP mode file for STMicroelectronics.X-CUBE-AZRTOS-G4.2.0.0
2025-07-20 22:47:27,981 [WARN] PackLoader:240 - Cannot read IP mode file for STMicroelectronics.X-CUBE-NFC7.2.0.0
2025-07-20 22:47:27,994 [WARN] PackLoader:240 - Cannot read IP mode file for STMicroelectronics.X-CUBE-IPS.3.1.0
2025-07-20 22:47:28,003 [WARN] PackLoader:240 - Cannot read IP mode file for STMicroelectronics.X-CUBE-ALS.1.0.2
2025-07-20 22:47:28,038 [WARN] PackLoader:240 - Cannot read IP mode file for STMicroelectronics.X-CUBE-MEMS1.10.0.0
2025-07-20 22:47:28,246 [ERROR] LogOutputStream:75 - [STDERR_REDIRECT] [Fatal Error] :1:1: Premature end of file.
2025-07-20 22:47:28,246 [ERROR] LogOutputStream:75 - [STDERR_REDIRECT] 
2025-07-20 22:47:28,347 [WARN] PackLoader:240 - Cannot read IP mode file for STMicroelectronics.X-CUBE-TOUCHGFX.4.24.2
2025-07-20 22:47:28,351 [WARN] PackLoader:240 - Cannot read IP mode file for wolfSSL.I-CUBE-wolfTPM.3.4.0
2025-07-20 22:47:28,358 [WARN] PackLoader:240 - Cannot read IP mode file for portGmbH.I-Cube-SoM-uGOAL.1.1.0
2025-07-20 22:47:28,373 [WARN] PackLoader:240 - Cannot read IP mode file for STMicroelectronics.X-CUBE-AZRTOS-H7RS.1.0.0
2025-07-20 22:47:28,385 [WARN] PackLoader:240 - Cannot read IP mode file for STMicroelectronics.X-CUBE-TOF1.3.4.2
2025-07-20 22:47:28,416 [WARN] PackLoader:240 - Cannot read IP mode file for STMicroelectronics.X-CUBE-TOF1.3.4.3
2025-07-20 22:47:28,435 [WARN] PackLoader:240 - Cannot read IP mode file for wolfSSL.I-CUBE-wolfSSH.1.4.17
2025-07-20 22:47:28,435 [INFO] ThirdParty:978 - Integrity check success = true
2025-07-20 22:47:28,437 [INFO] IntegrityCheckThread:100 - exiting critical section [integrity check]
2025-07-20 22:47:28,437 [INFO] IntegrityCheckThread:103 - End integrity checks thread
2025-07-20 22:47:29,270 [ERROR] LogOutputStream:75 - [STDERR_REDIRECT] [Fatal Error] :1:1: Premature end of file.
2025-07-20 22:47:29,270 [ERROR] LogOutputStream:75 - [STDERR_REDIRECT] 
2025-07-20 22:47:30,222 [ERROR] LogOutputStream:75 - [STDERR_REDIRECT] [Fatal Error] :1:1: Premature end of file.
2025-07-20 22:47:30,222 [ERROR] LogOutputStream:75 - [STDERR_REDIRECT] 
2025-07-20 22:47:31,244 [ERROR] LogOutputStream:75 - [STDERR_REDIRECT] [Fatal Error] :1:1: Premature end of file.
2025-07-20 22:47:31,246 [ERROR] LogOutputStream:75 - [STDERR_REDIRECT] 
2025-07-20 22:47:32,216 [ERROR] LogOutputStream:75 - [STDERR_REDIRECT] [Fatal Error] :1:1: Premature end of file.
2025-07-20 22:47:32,217 [ERROR] LogOutputStream:75 - [STDERR_REDIRECT] 
2025-07-20 22:47:33,218 [ERROR] LogOutputStream:75 - [STDERR_REDIRECT] [Fatal Error] :1:1: Premature end of file.
2025-07-20 22:47:33,218 [ERROR] LogOutputStream:75 - [STDERR_REDIRECT] 
2025-07-20 22:47:34,313 [ERROR] LogOutputStream:75 - [STDERR_REDIRECT] [Fatal Error] :1:1: Premature end of file.
2025-07-20 22:47:34,313 [ERROR] LogOutputStream:75 - [STDERR_REDIRECT] 
2025-07-20 22:47:35,319 [ERROR] LogOutputStream:75 - [STDERR_REDIRECT] [Fatal Error] :1:1: Premature end of file.
2025-07-20 22:47:35,321 [ERROR] LogOutputStream:75 - [STDERR_REDIRECT] 
2025-07-20 22:47:36,217 [ERROR] LogOutputStream:75 - [STDERR_REDIRECT] [Fatal Error] :1:1: Premature end of file.
2025-07-20 22:47:36,218 [ERROR] LogOutputStream:75 - [STDERR_REDIRECT] 
2025-07-20 22:47:37,216 [ERROR] LogOutputStream:75 - [STDERR_REDIRECT] [Fatal Error] :1:1: Premature end of file.
2025-07-20 22:47:37,216 [ERROR] LogOutputStream:75 - [STDERR_REDIRECT] 
2025-07-20 22:47:38,277 [ERROR] LogOutputStream:75 - [STDERR_REDIRECT] [Fatal Error] :1:1: Premature end of file.
2025-07-20 22:47:38,277 [ERROR] LogOutputStream:75 - [STDERR_REDIRECT] 
2025-07-20 22:47:39,255 [ERROR] LogOutputStream:75 - [STDERR_REDIRECT] [Fatal Error] :1:1: Premature end of file.
2025-07-20 22:47:39,255 [ERROR] LogOutputStream:75 - [STDERR_REDIRECT] 
2025-07-20 22:47:40,276 [ERROR] LogOutputStream:75 - [STDERR_REDIRECT] [Fatal Error] :1:1: Premature end of file.
2025-07-20 22:47:40,277 [ERROR] LogOutputStream:75 - [STDERR_REDIRECT] 
2025-07-20 22:47:40,687 [ERROR] LogOutputStream:75 - [STDERR_REDIRECT] 
2025-07-20 22:47:40,687 [ERROR] LogOutputStream:75 - [STDERR_REDIRECT] 
